[0.052s] DEBUG:colcon:Command line arguments: ['/usr/bin/colcon', 'build']
[0.052s] DEBUG:colcon:Parsed command line arguments: Namespace(log_base=None, log_level=None, verb_name='build', build_base='build', install_base='install', merge_install=False, symlink_install=False, test_result_base=None, continue_on_error=False, executor='parallel', parallel_workers=24, event_handlers=None, ignore_user_meta=False, metas=['./colcon.meta'], base_paths=['.'], packages_ignore=None, packages_ignore_regex=None, paths=None, packages_up_to=None, packages_up_to_regex=None, packages_above=None, packages_above_and_dependencies=None, packages_above_depth=None, packages_select_by_dep=None, packages_skip_by_dep=None, packages_skip_up_to=None, packages_select_build_failed=False, packages_skip_build_finished=False, packages_select_test_failures=False, packages_skip_test_passed=False, packages_select=None, packages_skip=None, packages_select_regex=None, packages_skip_regex=None, packages_start=None, packages_end=None, allow_overriding=[], cmake_args=None, cmake_target=None, cmake_target_skip_unavailable=False, cmake_clean_cache=False, cmake_clean_first=False, cmake_force_configure=False, ament_cmake_args=None, catkin_cmake_args=None, catkin_skip_building_tests=False, verb_parser=<colcon_defaults.argument_parser.defaults.DefaultArgumentsDecorator object at 0x7d04df26d780>, verb_extension=<colcon_core.verb.build.BuildVerb object at 0x7d04df26d240>, main=<bound method BuildVerb.main of <colcon_core.verb.build.BuildVerb object at 0x7d04df26d240>>)
[0.126s] Level 1:colcon.colcon_core.package_discovery:discover_packages(colcon_meta) check parameters
[0.126s] Level 1:colcon.colcon_core.package_discovery:discover_packages(recursive) check parameters
[0.126s] Level 1:colcon.colcon_core.package_discovery:discover_packages(ignore) check parameters
[0.126s] Level 1:colcon.colcon_core.package_discovery:discover_packages(path) check parameters
[0.126s] Level 1:colcon.colcon_core.package_discovery:discover_packages(colcon_meta) discover
[0.126s] Level 1:colcon.colcon_core.package_discovery:discover_packages(recursive) discover
[0.126s] INFO:colcon.colcon_core.package_discovery:Crawling recursively for packages in '/home/robotics/robo_ws'
[0.126s] Level 1:colcon.colcon_core.package_identification:_identify(.) by extensions ['ignore', 'ignore_ament_install']
[0.126s] Level 1:colcon.colcon_core.package_identification:_identify(.) by extension 'ignore'
[0.126s] Level 1:colcon.colcon_core.package_identification:_identify(.) by extension 'ignore_ament_install'
[0.126s] Level 1:colcon.colcon_core.package_identification:_identify(.) by extensions ['colcon_pkg']
[0.126s] Level 1:colcon.colcon_core.package_identification:_identify(.) by extension 'colcon_pkg'
[0.126s] Level 1:colcon.colcon_core.package_identification:_identify(.) by extensions ['colcon_meta']
[0.126s] Level 1:colcon.colcon_core.package_identification:_identify(.) by extension 'colcon_meta'
[0.126s] Level 1:colcon.colcon_core.package_identification:_identify(.) by extensions ['ros']
[0.126s] Level 1:colcon.colcon_core.package_identification:_identify(.) by extension 'ros'
[0.131s] Level 1:colcon.colcon_core.package_identification:_identify(.) by extensions ['cmake', 'python']
[0.131s] Level 1:colcon.colcon_core.package_identification:_identify(.) by extension 'cmake'
[0.131s] Level 1:colcon.colcon_core.package_identification:_identify(.) by extension 'python'
[0.131s] Level 1:colcon.colcon_core.package_identification:_identify(.) by extensions ['python_setup_py']
[0.131s] Level 1:colcon.colcon_core.package_identification:_identify(.) by extension 'python_setup_py'
[0.131s] Level 1:colcon.colcon_core.package_identification:_identify(build) by extensions ['ignore', 'ignore_ament_install']
[0.131s] Level 1:colcon.colcon_core.package_identification:_identify(build) by extension 'ignore'
[0.131s] Level 1:colcon.colcon_core.package_identification:_identify(build) ignored
[0.131s] Level 1:colcon.colcon_core.package_identification:_identify(install) by extensions ['ignore', 'ignore_ament_install']
[0.131s] Level 1:colcon.colcon_core.package_identification:_identify(install) by extension 'ignore'
[0.131s] Level 1:colcon.colcon_core.package_identification:_identify(install) ignored
[0.131s] Level 1:colcon.colcon_core.package_identification:_identify(log) by extensions ['ignore', 'ignore_ament_install']
[0.131s] Level 1:colcon.colcon_core.package_identification:_identify(log) by extension 'ignore'
[0.131s] Level 1:colcon.colcon_core.package_identification:_identify(log) ignored
[0.131s] Level 1:colcon.colcon_core.package_identification:_identify(src) by extensions ['ignore', 'ignore_ament_install']
[0.131s] Level 1:colcon.colcon_core.package_identification:_identify(src) by extension 'ignore'
[0.131s] Level 1:colcon.colcon_core.package_identification:_identify(src) by extension 'ignore_ament_install'
[0.131s] Level 1:colcon.colcon_core.package_identification:_identify(src) by extensions ['colcon_pkg']
[0.131s] Level 1:colcon.colcon_core.package_identification:_identify(src) by extension 'colcon_pkg'
[0.131s] Level 1:colcon.colcon_core.package_identification:_identify(src) by extensions ['colcon_meta']
[0.131s] Level 1:colcon.colcon_core.package_identification:_identify(src) by extension 'colcon_meta'
[0.132s] Level 1:colcon.colcon_core.package_identification:_identify(src) by extensions ['ros']
[0.132s] Level 1:colcon.colcon_core.package_identification:_identify(src) by extension 'ros'
[0.132s] Level 1:colcon.colcon_core.package_identification:_identify(src) by extensions ['cmake', 'python']
[0.132s] Level 1:colcon.colcon_core.package_identification:_identify(src) by extension 'cmake'
[0.132s] Level 1:colcon.colcon_core.package_identification:_identify(src) by extension 'python'
[0.132s] Level 1:colcon.colcon_core.package_identification:_identify(src) by extensions ['python_setup_py']
[0.132s] Level 1:colcon.colcon_core.package_identification:_identify(src) by extension 'python_setup_py'
[0.132s] Level 1:colcon.colcon_core.package_identification:_identify(src/moveit_ur10) by extensions ['ignore', 'ignore_ament_install']
[0.132s] Level 1:colcon.colcon_core.package_identification:_identify(src/moveit_ur10) by extension 'ignore'
[0.132s] Level 1:colcon.colcon_core.package_identification:_identify(src/moveit_ur10) by extension 'ignore_ament_install'
[0.132s] Level 1:colcon.colcon_core.package_identification:_identify(src/moveit_ur10) by extensions ['colcon_pkg']
[0.132s] Level 1:colcon.colcon_core.package_identification:_identify(src/moveit_ur10) by extension 'colcon_pkg'
[0.132s] Level 1:colcon.colcon_core.package_identification:_identify(src/moveit_ur10) by extensions ['colcon_meta']
[0.132s] Level 1:colcon.colcon_core.package_identification:_identify(src/moveit_ur10) by extension 'colcon_meta'
[0.132s] Level 1:colcon.colcon_core.package_identification:_identify(src/moveit_ur10) by extensions ['ros']
[0.132s] Level 1:colcon.colcon_core.package_identification:_identify(src/moveit_ur10) by extension 'ros'
[0.133s] DEBUG:colcon.colcon_core.package_identification:Package 'src/moveit_ur10' with type 'ros.ament_cmake' and name 'moveit_ur10'
[0.133s] Level 1:colcon.colcon_core.package_identification:_identify(src/rebar) by extensions ['ignore', 'ignore_ament_install']
[0.133s] Level 1:colcon.colcon_core.package_identification:_identify(src/rebar) by extension 'ignore'
[0.133s] Level 1:colcon.colcon_core.package_identification:_identify(src/rebar) by extension 'ignore_ament_install'
[0.133s] Level 1:colcon.colcon_core.package_identification:_identify(src/rebar) by extensions ['colcon_pkg']
[0.133s] Level 1:colcon.colcon_core.package_identification:_identify(src/rebar) by extension 'colcon_pkg'
[0.133s] Level 1:colcon.colcon_core.package_identification:_identify(src/rebar) by extensions ['colcon_meta']
[0.133s] Level 1:colcon.colcon_core.package_identification:_identify(src/rebar) by extension 'colcon_meta'
[0.133s] Level 1:colcon.colcon_core.package_identification:_identify(src/rebar) by extensions ['ros']
[0.133s] Level 1:colcon.colcon_core.package_identification:_identify(src/rebar) by extension 'ros'
[0.133s] Level 1:colcon.colcon_core.package_identification:_identify(src/rebar) by extensions ['cmake', 'python']
[0.133s] Level 1:colcon.colcon_core.package_identification:_identify(src/rebar) by extension 'cmake'
[0.133s] Level 1:colcon.colcon_core.package_identification:_identify(src/rebar) by extension 'python'
[0.133s] Level 1:colcon.colcon_core.package_identification:_identify(src/rebar) by extensions ['python_setup_py']
[0.133s] Level 1:colcon.colcon_core.package_identification:_identify(src/rebar) by extension 'python_setup_py'
[0.133s] Level 1:colcon.colcon_core.package_identification:_identify(src/rebar_control) by extensions ['ignore', 'ignore_ament_install']
[0.133s] Level 1:colcon.colcon_core.package_identification:_identify(src/rebar_control) by extension 'ignore'
[0.133s] Level 1:colcon.colcon_core.package_identification:_identify(src/rebar_control) by extension 'ignore_ament_install'
[0.133s] Level 1:colcon.colcon_core.package_identification:_identify(src/rebar_control) by extensions ['colcon_pkg']
[0.133s] Level 1:colcon.colcon_core.package_identification:_identify(src/rebar_control) by extension 'colcon_pkg'
[0.133s] Level 1:colcon.colcon_core.package_identification:_identify(src/rebar_control) by extensions ['colcon_meta']
[0.133s] Level 1:colcon.colcon_core.package_identification:_identify(src/rebar_control) by extension 'colcon_meta'
[0.133s] Level 1:colcon.colcon_core.package_identification:_identify(src/rebar_control) by extensions ['ros']
[0.133s] Level 1:colcon.colcon_core.package_identification:_identify(src/rebar_control) by extension 'ros'
[0.134s] DEBUG:colcon.colcon_core.package_identification:Package 'src/rebar_control' with type 'ros.ament_python' and name 'rebar_control'
[0.134s] Level 1:colcon.colcon_core.package_identification:_identify(src/trac_ik) by extensions ['ignore', 'ignore_ament_install']
[0.134s] Level 1:colcon.colcon_core.package_identification:_identify(src/trac_ik) by extension 'ignore'
[0.134s] Level 1:colcon.colcon_core.package_identification:_identify(src/trac_ik) by extension 'ignore_ament_install'
[0.134s] Level 1:colcon.colcon_core.package_identification:_identify(src/trac_ik) by extensions ['colcon_pkg']
[0.134s] Level 1:colcon.colcon_core.package_identification:_identify(src/trac_ik) by extension 'colcon_pkg'
[0.134s] Level 1:colcon.colcon_core.package_identification:_identify(src/trac_ik) by extensions ['colcon_meta']
[0.134s] Level 1:colcon.colcon_core.package_identification:_identify(src/trac_ik) by extension 'colcon_meta'
[0.134s] Level 1:colcon.colcon_core.package_identification:_identify(src/trac_ik) by extensions ['ros']
[0.134s] Level 1:colcon.colcon_core.package_identification:_identify(src/trac_ik) by extension 'ros'
[0.134s] Level 1:colcon.colcon_core.package_identification:_identify(src/trac_ik) by extensions ['cmake', 'python']
[0.134s] Level 1:colcon.colcon_core.package_identification:_identify(src/trac_ik) by extension 'cmake'
[0.134s] Level 1:colcon.colcon_core.package_identification:_identify(src/trac_ik) by extension 'python'
[0.134s] Level 1:colcon.colcon_core.package_identification:_identify(src/trac_ik) by extensions ['python_setup_py']
[0.134s] Level 1:colcon.colcon_core.package_identification:_identify(src/trac_ik) by extension 'python_setup_py'
[0.134s] Level 1:colcon.colcon_core.package_identification:_identify(src/trac_ik/trac_ik) by extensions ['ignore', 'ignore_ament_install']
[0.134s] Level 1:colcon.colcon_core.package_identification:_identify(src/trac_ik/trac_ik) by extension 'ignore'
[0.134s] Level 1:colcon.colcon_core.package_identification:_identify(src/trac_ik/trac_ik) by extension 'ignore_ament_install'
[0.134s] Level 1:colcon.colcon_core.package_identification:_identify(src/trac_ik/trac_ik) by extensions ['colcon_pkg']
[0.134s] Level 1:colcon.colcon_core.package_identification:_identify(src/trac_ik/trac_ik) by extension 'colcon_pkg'
[0.134s] Level 1:colcon.colcon_core.package_identification:_identify(src/trac_ik/trac_ik) by extensions ['colcon_meta']
[0.134s] Level 1:colcon.colcon_core.package_identification:_identify(src/trac_ik/trac_ik) by extension 'colcon_meta'
[0.134s] Level 1:colcon.colcon_core.package_identification:_identify(src/trac_ik/trac_ik) by extensions ['ros']
[0.134s] Level 1:colcon.colcon_core.package_identification:_identify(src/trac_ik/trac_ik) by extension 'ros'
[0.134s] DEBUG:colcon.colcon_core.package_identification:Package 'src/trac_ik/trac_ik' with type 'ros.ament_cmake' and name 'trac_ik'
[0.135s] Level 1:colcon.colcon_core.package_identification:_identify(src/trac_ik/trac_ik_examples) by extensions ['ignore', 'ignore_ament_install']
[0.135s] Level 1:colcon.colcon_core.package_identification:_identify(src/trac_ik/trac_ik_examples) by extension 'ignore'
[0.135s] Level 1:colcon.colcon_core.package_identification:_identify(src/trac_ik/trac_ik_examples) ignored
[0.135s] Level 1:colcon.colcon_core.package_identification:_identify(src/trac_ik/trac_ik_kinematics_plugin) by extensions ['ignore', 'ignore_ament_install']
[0.135s] Level 1:colcon.colcon_core.package_identification:_identify(src/trac_ik/trac_ik_kinematics_plugin) by extension 'ignore'
[0.135s] Level 1:colcon.colcon_core.package_identification:_identify(src/trac_ik/trac_ik_kinematics_plugin) by extension 'ignore_ament_install'
[0.135s] Level 1:colcon.colcon_core.package_identification:_identify(src/trac_ik/trac_ik_kinematics_plugin) by extensions ['colcon_pkg']
[0.135s] Level 1:colcon.colcon_core.package_identification:_identify(src/trac_ik/trac_ik_kinematics_plugin) by extension 'colcon_pkg'
[0.135s] Level 1:colcon.colcon_core.package_identification:_identify(src/trac_ik/trac_ik_kinematics_plugin) by extensions ['colcon_meta']
[0.135s] Level 1:colcon.colcon_core.package_identification:_identify(src/trac_ik/trac_ik_kinematics_plugin) by extension 'colcon_meta'
[0.135s] Level 1:colcon.colcon_core.package_identification:_identify(src/trac_ik/trac_ik_kinematics_plugin) by extensions ['ros']
[0.135s] Level 1:colcon.colcon_core.package_identification:_identify(src/trac_ik/trac_ik_kinematics_plugin) by extension 'ros'
[0.135s] DEBUG:colcon.colcon_core.package_identification:Package 'src/trac_ik/trac_ik_kinematics_plugin' with type 'ros.ament_cmake' and name 'trac_ik_kinematics_plugin'
[0.135s] Level 1:colcon.colcon_core.package_identification:_identify(src/trac_ik/trac_ik_lib) by extensions ['ignore', 'ignore_ament_install']
[0.135s] Level 1:colcon.colcon_core.package_identification:_identify(src/trac_ik/trac_ik_lib) by extension 'ignore'
[0.135s] Level 1:colcon.colcon_core.package_identification:_identify(src/trac_ik/trac_ik_lib) by extension 'ignore_ament_install'
[0.135s] Level 1:colcon.colcon_core.package_identification:_identify(src/trac_ik/trac_ik_lib) by extensions ['colcon_pkg']
[0.135s] Level 1:colcon.colcon_core.package_identification:_identify(src/trac_ik/trac_ik_lib) by extension 'colcon_pkg'
[0.135s] Level 1:colcon.colcon_core.package_identification:_identify(src/trac_ik/trac_ik_lib) by extensions ['colcon_meta']
[0.135s] Level 1:colcon.colcon_core.package_identification:_identify(src/trac_ik/trac_ik_lib) by extension 'colcon_meta'
[0.135s] Level 1:colcon.colcon_core.package_identification:_identify(src/trac_ik/trac_ik_lib) by extensions ['ros']
[0.135s] Level 1:colcon.colcon_core.package_identification:_identify(src/trac_ik/trac_ik_lib) by extension 'ros'
[0.136s] DEBUG:colcon.colcon_core.package_identification:Package 'src/trac_ik/trac_ik_lib' with type 'ros.ament_cmake' and name 'trac_ik_lib'
[0.136s] Level 1:colcon.colcon_core.package_identification:_identify(src/trac_ik/trac_ik_python) by extensions ['ignore', 'ignore_ament_install']
[0.136s] Level 1:colcon.colcon_core.package_identification:_identify(src/trac_ik/trac_ik_python) by extension 'ignore'
[0.136s] Level 1:colcon.colcon_core.package_identification:_identify(src/trac_ik/trac_ik_python) ignored
[0.136s] Level 1:colcon.colcon_core.package_identification:_identify(src/ur10e_description) by extensions ['ignore', 'ignore_ament_install']
[0.136s] Level 1:colcon.colcon_core.package_identification:_identify(src/ur10e_description) by extension 'ignore'
[0.136s] Level 1:colcon.colcon_core.package_identification:_identify(src/ur10e_description) by extension 'ignore_ament_install'
[0.137s] Level 1:colcon.colcon_core.package_identification:_identify(src/ur10e_description) by extensions ['colcon_pkg']
[0.137s] Level 1:colcon.colcon_core.package_identification:_identify(src/ur10e_description) by extension 'colcon_pkg'
[0.137s] Level 1:colcon.colcon_core.package_identification:_identify(src/ur10e_description) by extensions ['colcon_meta']
[0.137s] Level 1:colcon.colcon_core.package_identification:_identify(src/ur10e_description) by extension 'colcon_meta'
[0.137s] Level 1:colcon.colcon_core.package_identification:_identify(src/ur10e_description) by extensions ['ros']
[0.137s] Level 1:colcon.colcon_core.package_identification:_identify(src/ur10e_description) by extension 'ros'
[0.137s] DEBUG:colcon.colcon_core.package_identification:Package 'src/ur10e_description' with type 'ros.ament_cmake' and name 'ur10e_description'
[0.137s] Level 1:colcon.colcon_core.package_discovery:discover_packages(recursive) using defaults
[0.137s] Level 1:colcon.colcon_core.package_discovery:discover_packages(ignore) discover
[0.137s] Level 1:colcon.colcon_core.package_discovery:discover_packages(ignore) using defaults
[0.137s] Level 1:colcon.colcon_core.package_discovery:discover_packages(path) discover
[0.137s] Level 1:colcon.colcon_core.package_discovery:discover_packages(path) using defaults
[0.151s] Level 1:colcon.colcon_core.package_discovery:discover_packages(prefix_path) check parameters
[0.151s] Level 1:colcon.colcon_core.package_discovery:discover_packages(prefix_path) discover
[0.152s] DEBUG:colcon.colcon_installed_package_information.package_discovery:Found 379 installed packages in /opt/ros/humble
[0.153s] Level 1:colcon.colcon_core.package_discovery:discover_packages(prefix_path) using defaults
[0.172s] Level 5:colcon.colcon_core.verb:set package 'rebar_control' build argument 'cmake_args' from command line to 'None'
[0.172s] Level 5:colcon.colcon_core.verb:set package 'rebar_control' build argument 'cmake_target' from command line to 'None'
[0.172s] Level 5:colcon.colcon_core.verb:set package 'rebar_control' build argument 'cmake_target_skip_unavailable' from command line to 'False'
[0.172s] Level 5:colcon.colcon_core.verb:set package 'rebar_control' build argument 'cmake_clean_cache' from command line to 'False'
[0.172s] Level 5:colcon.colcon_core.verb:set package 'rebar_control' build argument 'cmake_clean_first' from command line to 'False'
[0.172s] Level 5:colcon.colcon_core.verb:set package 'rebar_control' build argument 'cmake_force_configure' from command line to 'False'
[0.172s] Level 5:colcon.colcon_core.verb:set package 'rebar_control' build argument 'ament_cmake_args' from command line to 'None'
[0.172s] Level 5:colcon.colcon_core.verb:set package 'rebar_control' build argument 'catkin_cmake_args' from command line to 'None'
[0.172s] Level 5:colcon.colcon_core.verb:set package 'rebar_control' build argument 'catkin_skip_building_tests' from command line to 'False'
[0.172s] DEBUG:colcon.colcon_core.verb:Building package 'rebar_control' with the following arguments: {'ament_cmake_args': None, 'build_base': '/home/robotics/robo_ws/build/rebar_control', 'catkin_cmake_args': None, 'catkin_skip_building_tests': False, 'cmake_args': None, 'cmake_clean_cache': False, 'cmake_clean_first': False, 'cmake_force_configure': False, 'cmake_target': None, 'cmake_target_skip_unavailable': False, 'install_base': '/home/robotics/robo_ws/install/rebar_control', 'merge_install': False, 'path': '/home/robotics/robo_ws/src/rebar_control', 'symlink_install': False, 'test_result_base': None}
[0.172s] Level 5:colcon.colcon_core.verb:set package 'trac_ik_lib' build argument 'cmake_args' from command line to 'None'
[0.172s] Level 5:colcon.colcon_core.verb:set package 'trac_ik_lib' build argument 'cmake_target' from command line to 'None'
[0.172s] Level 5:colcon.colcon_core.verb:set package 'trac_ik_lib' build argument 'cmake_target_skip_unavailable' from command line to 'False'
[0.172s] Level 5:colcon.colcon_core.verb:set package 'trac_ik_lib' build argument 'cmake_clean_cache' from command line to 'False'
[0.172s] Level 5:colcon.colcon_core.verb:set package 'trac_ik_lib' build argument 'cmake_clean_first' from command line to 'False'
[0.172s] Level 5:colcon.colcon_core.verb:set package 'trac_ik_lib' build argument 'cmake_force_configure' from command line to 'False'
[0.172s] Level 5:colcon.colcon_core.verb:set package 'trac_ik_lib' build argument 'ament_cmake_args' from command line to 'None'
[0.172s] Level 5:colcon.colcon_core.verb:set package 'trac_ik_lib' build argument 'catkin_cmake_args' from command line to 'None'
[0.172s] Level 5:colcon.colcon_core.verb:set package 'trac_ik_lib' build argument 'catkin_skip_building_tests' from command line to 'False'
[0.172s] DEBUG:colcon.colcon_core.verb:Building package 'trac_ik_lib' with the following arguments: {'ament_cmake_args': None, 'build_base': '/home/robotics/robo_ws/build/trac_ik_lib', 'catkin_cmake_args': None, 'catkin_skip_building_tests': False, 'cmake_args': None, 'cmake_clean_cache': False, 'cmake_clean_first': False, 'cmake_force_configure': False, 'cmake_target': None, 'cmake_target_skip_unavailable': False, 'install_base': '/home/robotics/robo_ws/install/trac_ik_lib', 'merge_install': False, 'path': '/home/robotics/robo_ws/src/trac_ik/trac_ik_lib', 'symlink_install': False, 'test_result_base': None}
[0.172s] Level 5:colcon.colcon_core.verb:set package 'ur10e_description' build argument 'cmake_args' from command line to 'None'
[0.172s] Level 5:colcon.colcon_core.verb:set package 'ur10e_description' build argument 'cmake_target' from command line to 'None'
[0.172s] Level 5:colcon.colcon_core.verb:set package 'ur10e_description' build argument 'cmake_target_skip_unavailable' from command line to 'False'
[0.172s] Level 5:colcon.colcon_core.verb:set package 'ur10e_description' build argument 'cmake_clean_cache' from command line to 'False'
[0.172s] Level 5:colcon.colcon_core.verb:set package 'ur10e_description' build argument 'cmake_clean_first' from command line to 'False'
[0.173s] Level 5:colcon.colcon_core.verb:set package 'ur10e_description' build argument 'cmake_force_configure' from command line to 'False'
[0.173s] Level 5:colcon.colcon_core.verb:set package 'ur10e_description' build argument 'ament_cmake_args' from command line to 'None'
[0.173s] Level 5:colcon.colcon_core.verb:set package 'ur10e_description' build argument 'catkin_cmake_args' from command line to 'None'
[0.173s] Level 5:colcon.colcon_core.verb:set package 'ur10e_description' build argument 'catkin_skip_building_tests' from command line to 'False'
[0.173s] DEBUG:colcon.colcon_core.verb:Building package 'ur10e_description' with the following arguments: {'ament_cmake_args': None, 'build_base': '/home/robotics/robo_ws/build/ur10e_description', 'catkin_cmake_args': None, 'catkin_skip_building_tests': False, 'cmake_args': None, 'cmake_clean_cache': False, 'cmake_clean_first': False, 'cmake_force_configure': False, 'cmake_target': None, 'cmake_target_skip_unavailable': False, 'install_base': '/home/robotics/robo_ws/install/ur10e_description', 'merge_install': False, 'path': '/home/robotics/robo_ws/src/ur10e_description', 'symlink_install': False, 'test_result_base': None}
[0.173s] Level 5:colcon.colcon_core.verb:set package 'trac_ik_kinematics_plugin' build argument 'cmake_args' from command line to 'None'
[0.173s] Level 5:colcon.colcon_core.verb:set package 'trac_ik_kinematics_plugin' build argument 'cmake_target' from command line to 'None'
[0.173s] Level 5:colcon.colcon_core.verb:set package 'trac_ik_kinematics_plugin' build argument 'cmake_target_skip_unavailable' from command line to 'False'
[0.173s] Level 5:colcon.colcon_core.verb:set package 'trac_ik_kinematics_plugin' build argument 'cmake_clean_cache' from command line to 'False'
[0.173s] Level 5:colcon.colcon_core.verb:set package 'trac_ik_kinematics_plugin' build argument 'cmake_clean_first' from command line to 'False'
[0.173s] Level 5:colcon.colcon_core.verb:set package 'trac_ik_kinematics_plugin' build argument 'cmake_force_configure' from command line to 'False'
[0.173s] Level 5:colcon.colcon_core.verb:set package 'trac_ik_kinematics_plugin' build argument 'ament_cmake_args' from command line to 'None'
[0.173s] Level 5:colcon.colcon_core.verb:set package 'trac_ik_kinematics_plugin' build argument 'catkin_cmake_args' from command line to 'None'
[0.173s] Level 5:colcon.colcon_core.verb:set package 'trac_ik_kinematics_plugin' build argument 'catkin_skip_building_tests' from command line to 'False'
[0.173s] DEBUG:colcon.colcon_core.verb:Building package 'trac_ik_kinematics_plugin' with the following arguments: {'ament_cmake_args': None, 'build_base': '/home/robotics/robo_ws/build/trac_ik_kinematics_plugin', 'catkin_cmake_args': None, 'catkin_skip_building_tests': False, 'cmake_args': None, 'cmake_clean_cache': False, 'cmake_clean_first': False, 'cmake_force_configure': False, 'cmake_target': None, 'cmake_target_skip_unavailable': False, 'install_base': '/home/robotics/robo_ws/install/trac_ik_kinematics_plugin', 'merge_install': False, 'path': '/home/robotics/robo_ws/src/trac_ik/trac_ik_kinematics_plugin', 'symlink_install': False, 'test_result_base': None}
[0.173s] Level 5:colcon.colcon_core.verb:set package 'moveit_ur10' build argument 'cmake_args' from command line to 'None'
[0.173s] Level 5:colcon.colcon_core.verb:set package 'moveit_ur10' build argument 'cmake_target' from command line to 'None'
[0.173s] Level 5:colcon.colcon_core.verb:set package 'moveit_ur10' build argument 'cmake_target_skip_unavailable' from command line to 'False'
[0.173s] Level 5:colcon.colcon_core.verb:set package 'moveit_ur10' build argument 'cmake_clean_cache' from command line to 'False'
[0.173s] Level 5:colcon.colcon_core.verb:set package 'moveit_ur10' build argument 'cmake_clean_first' from command line to 'False'
[0.173s] Level 5:colcon.colcon_core.verb:set package 'moveit_ur10' build argument 'cmake_force_configure' from command line to 'False'
[0.173s] Level 5:colcon.colcon_core.verb:set package 'moveit_ur10' build argument 'ament_cmake_args' from command line to 'None'
[0.173s] Level 5:colcon.colcon_core.verb:set package 'moveit_ur10' build argument 'catkin_cmake_args' from command line to 'None'
[0.173s] Level 5:colcon.colcon_core.verb:set package 'moveit_ur10' build argument 'catkin_skip_building_tests' from command line to 'False'
[0.173s] DEBUG:colcon.colcon_core.verb:Building package 'moveit_ur10' with the following arguments: {'ament_cmake_args': None, 'build_base': '/home/robotics/robo_ws/build/moveit_ur10', 'catkin_cmake_args': None, 'catkin_skip_building_tests': False, 'cmake_args': None, 'cmake_clean_cache': False, 'cmake_clean_first': False, 'cmake_force_configure': False, 'cmake_target': None, 'cmake_target_skip_unavailable': False, 'install_base': '/home/robotics/robo_ws/install/moveit_ur10', 'merge_install': False, 'path': '/home/robotics/robo_ws/src/moveit_ur10', 'symlink_install': False, 'test_result_base': None}
[0.173s] Level 5:colcon.colcon_core.verb:set package 'trac_ik' build argument 'cmake_args' from command line to 'None'
[0.173s] Level 5:colcon.colcon_core.verb:set package 'trac_ik' build argument 'cmake_target' from command line to 'None'
[0.173s] Level 5:colcon.colcon_core.verb:set package 'trac_ik' build argument 'cmake_target_skip_unavailable' from command line to 'False'
[0.173s] Level 5:colcon.colcon_core.verb:set package 'trac_ik' build argument 'cmake_clean_cache' from command line to 'False'
[0.173s] Level 5:colcon.colcon_core.verb:set package 'trac_ik' build argument 'cmake_clean_first' from command line to 'False'
[0.173s] Level 5:colcon.colcon_core.verb:set package 'trac_ik' build argument 'cmake_force_configure' from command line to 'False'
[0.173s] Level 5:colcon.colcon_core.verb:set package 'trac_ik' build argument 'ament_cmake_args' from command line to 'None'
[0.173s] Level 5:colcon.colcon_core.verb:set package 'trac_ik' build argument 'catkin_cmake_args' from command line to 'None'
[0.173s] Level 5:colcon.colcon_core.verb:set package 'trac_ik' build argument 'catkin_skip_building_tests' from command line to 'False'
[0.173s] DEBUG:colcon.colcon_core.verb:Building package 'trac_ik' with the following arguments: {'ament_cmake_args': None, 'build_base': '/home/robotics/robo_ws/build/trac_ik', 'catkin_cmake_args': None, 'catkin_skip_building_tests': False, 'cmake_args': None, 'cmake_clean_cache': False, 'cmake_clean_first': False, 'cmake_force_configure': False, 'cmake_target': None, 'cmake_target_skip_unavailable': False, 'install_base': '/home/robotics/robo_ws/install/trac_ik', 'merge_install': False, 'path': '/home/robotics/robo_ws/src/trac_ik/trac_ik', 'symlink_install': False, 'test_result_base': None}
[0.173s] INFO:colcon.colcon_core.executor:Executing jobs using 'parallel' executor
[0.174s] DEBUG:colcon.colcon_parallel_executor.executor.parallel:run_until_complete
[0.174s] INFO:colcon.colcon_ros.task.ament_cmake.build:Building ROS package in '/home/robotics/robo_ws/src/trac_ik/trac_ik_lib' with build type 'ament_cmake'
[0.174s] INFO:colcon.colcon_cmake.task.cmake.build:Building CMake package in '/home/robotics/robo_ws/src/trac_ik/trac_ik_lib'
[0.175s] INFO:colcon.colcon_core.plugin_system:Skipping extension 'colcon_core.shell.bat': Not used on non-Windows systems
[0.175s] INFO:colcon.colcon_core.shell:Skip shell extension 'powershell' for command environment: Not usable outside of PowerShell
[0.175s] DEBUG:colcon.colcon_core.shell:Skip shell extension 'dsv' for command environment
[0.177s] INFO:colcon.colcon_ros.task.ament_cmake.build:Building ROS package in '/home/robotics/robo_ws/src/ur10e_description' with build type 'ament_cmake'
[0.178s] INFO:colcon.colcon_cmake.task.cmake.build:Building CMake package in '/home/robotics/robo_ws/src/ur10e_description'
[0.178s] INFO:colcon.colcon_core.shell:Skip shell extension 'powershell' for command environment: Not usable outside of PowerShell
[0.178s] DEBUG:colcon.colcon_core.shell:Skip shell extension 'dsv' for command environment
[0.180s] INFO:colcon.colcon_ros.task.ament_python.build:Building ROS package in '/home/robotics/robo_ws/src/rebar_control' with build type 'ament_python'
[0.180s] Level 1:colcon.colcon_core.shell:create_environment_hook('rebar_control', 'ament_prefix_path')
[0.181s] INFO:colcon.colcon_core.shell:Creating environment hook '/home/robotics/robo_ws/install/rebar_control/share/rebar_control/hook/ament_prefix_path.ps1'
[0.181s] INFO:colcon.colcon_core.shell:Creating environment descriptor '/home/robotics/robo_ws/install/rebar_control/share/rebar_control/hook/ament_prefix_path.dsv'
[0.181s] INFO:colcon.colcon_core.shell:Creating environment hook '/home/robotics/robo_ws/install/rebar_control/share/rebar_control/hook/ament_prefix_path.sh'
[0.182s] INFO:colcon.colcon_core.shell:Skip shell extension 'powershell' for command environment: Not usable outside of PowerShell
[0.182s] DEBUG:colcon.colcon_core.shell:Skip shell extension 'dsv' for command environment
[0.186s] DEBUG:colcon.colcon_core.event_handler.log_command:Invoking command in '/home/robotics/robo_ws/build/trac_ik_lib': CMAKE_PREFIX_PATH=/opt/ros/humble /usr/bin/cmake --build /home/robotics/robo_ws/build/trac_ik_lib -- -j24 -l24
[0.201s] DEBUG:colcon.colcon_core.event_handler.log_command:Invoking command in '/home/robotics/robo_ws/build/ur10e_description': CMAKE_PREFIX_PATH=/opt/ros/humble /usr/bin/cmake --build /home/robotics/robo_ws/build/ur10e_description -- -j24 -l24
[0.319s] INFO:colcon.colcon_core.task.python.build:Building Python package in '/home/robotics/robo_ws/src/rebar_control'
[0.320s] INFO:colcon.colcon_core.shell:Skip shell extension 'powershell' for command environment: Not usable outside of PowerShell
[0.320s] DEBUG:colcon.colcon_core.shell:Skip shell extension 'dsv' for command environment
[0.324s] DEBUG:colcon.colcon_core.event_handler.log_command:Invoked command in '/home/robotics/robo_ws/build/ur10e_description' returned '0': CMAKE_PREFIX_PATH=/opt/ros/humble /usr/bin/cmake --build /home/robotics/robo_ws/build/ur10e_description -- -j24 -l24
[0.330s] DEBUG:colcon.colcon_core.event_handler.log_command:Invoking command in '/home/robotics/robo_ws/build/ur10e_description': CMAKE_PREFIX_PATH=/opt/ros/humble /usr/bin/cmake --install /home/robotics/robo_ws/build/ur10e_description
[0.331s] DEBUG:colcon.colcon_core.event_handler.log_command:Invoked command in '/home/robotics/robo_ws/build/trac_ik_lib' returned '0': CMAKE_PREFIX_PATH=/opt/ros/humble /usr/bin/cmake --build /home/robotics/robo_ws/build/trac_ik_lib -- -j24 -l24
[0.331s] DEBUG:colcon.colcon_core.event_handler.log_command:Invoking command in '/home/robotics/robo_ws/build/trac_ik_lib': CMAKE_PREFIX_PATH=/opt/ros/humble /usr/bin/cmake --install /home/robotics/robo_ws/build/trac_ik_lib
[0.338s] Level 1:colcon.colcon_core.environment:create_environment_scripts_only(trac_ik_lib)
[0.339s] DEBUG:colcon.colcon_core.event_handler.log_command:Invoked command in '/home/robotics/robo_ws/build/trac_ik_lib' returned '0': CMAKE_PREFIX_PATH=/opt/ros/humble /usr/bin/cmake --install /home/robotics/robo_ws/build/trac_ik_lib
[0.340s] Level 1:colcon.colcon_core.environment:checking '/home/robotics/robo_ws/install/trac_ik_lib' for CMake module files
[0.340s] Level 1:colcon.colcon_core.environment:checking '/home/robotics/robo_ws/install/trac_ik_lib' for CMake config files
[0.340s] Level 1:colcon.colcon_core.shell:create_environment_hook('trac_ik_lib', 'cmake_prefix_path')
[0.341s] INFO:colcon.colcon_core.shell:Creating environment hook '/home/robotics/robo_ws/install/trac_ik_lib/share/trac_ik_lib/hook/cmake_prefix_path.ps1'
[0.343s] INFO:colcon.colcon_core.shell:Creating environment descriptor '/home/robotics/robo_ws/install/trac_ik_lib/share/trac_ik_lib/hook/cmake_prefix_path.dsv'
[0.343s] INFO:colcon.colcon_core.shell:Creating environment hook '/home/robotics/robo_ws/install/trac_ik_lib/share/trac_ik_lib/hook/cmake_prefix_path.sh'
[0.343s] Level 1:colcon.colcon_core.environment:checking '/home/robotics/robo_ws/install/trac_ik_lib/lib'
[0.344s] Level 1:colcon.colcon_core.shell:create_environment_hook('trac_ik_lib', 'ld_library_path_lib')
[0.344s] INFO:colcon.colcon_core.shell:Creating environment hook '/home/robotics/robo_ws/install/trac_ik_lib/share/trac_ik_lib/hook/ld_library_path_lib.ps1'
[0.344s] INFO:colcon.colcon_core.shell:Creating environment descriptor '/home/robotics/robo_ws/install/trac_ik_lib/share/trac_ik_lib/hook/ld_library_path_lib.dsv'
[0.344s] INFO:colcon.colcon_core.shell:Creating environment hook '/home/robotics/robo_ws/install/trac_ik_lib/share/trac_ik_lib/hook/ld_library_path_lib.sh'
[0.344s] Level 1:colcon.colcon_core.environment:checking '/home/robotics/robo_ws/install/trac_ik_lib/bin'
[0.344s] Level 1:colcon.colcon_core.environment:checking '/home/robotics/robo_ws/install/trac_ik_lib/lib/pkgconfig/trac_ik_lib.pc'
[0.344s] Level 1:colcon.colcon_core.environment:checking '/home/robotics/robo_ws/install/trac_ik_lib/lib/python3.10/site-packages'
[0.344s] Level 1:colcon.colcon_core.environment:checking '/home/robotics/robo_ws/install/trac_ik_lib/bin'
[0.344s] INFO:colcon.colcon_core.shell:Creating package script '/home/robotics/robo_ws/install/trac_ik_lib/share/trac_ik_lib/package.ps1'
[0.345s] INFO:colcon.colcon_core.shell:Creating package descriptor '/home/robotics/robo_ws/install/trac_ik_lib/share/trac_ik_lib/package.dsv'
[0.345s] INFO:colcon.colcon_core.shell:Creating package script '/home/robotics/robo_ws/install/trac_ik_lib/share/trac_ik_lib/package.sh'
[0.345s] INFO:colcon.colcon_core.shell:Creating package script '/home/robotics/robo_ws/install/trac_ik_lib/share/trac_ik_lib/package.bash'
[0.346s] INFO:colcon.colcon_core.shell:Creating package script '/home/robotics/robo_ws/install/trac_ik_lib/share/trac_ik_lib/package.zsh'
[0.346s] Level 1:colcon.colcon_core.environment:create_file_with_runtime_dependencies(/home/robotics/robo_ws/install/trac_ik_lib/share/colcon-core/packages/trac_ik_lib)
[0.346s] Level 1:colcon.colcon_core.environment:create_environment_scripts_only(trac_ik_lib)
[0.346s] Level 1:colcon.colcon_core.environment:checking '/home/robotics/robo_ws/install/trac_ik_lib' for CMake module files
[0.347s] Level 1:colcon.colcon_core.environment:checking '/home/robotics/robo_ws/install/trac_ik_lib' for CMake config files
[0.347s] Level 1:colcon.colcon_core.shell:create_environment_hook('trac_ik_lib', 'cmake_prefix_path')
[0.347s] INFO:colcon.colcon_core.shell:Creating environment hook '/home/robotics/robo_ws/install/trac_ik_lib/share/trac_ik_lib/hook/cmake_prefix_path.ps1'
[0.347s] INFO:colcon.colcon_core.shell:Creating environment descriptor '/home/robotics/robo_ws/install/trac_ik_lib/share/trac_ik_lib/hook/cmake_prefix_path.dsv'
[0.347s] INFO:colcon.colcon_core.shell:Creating environment hook '/home/robotics/robo_ws/install/trac_ik_lib/share/trac_ik_lib/hook/cmake_prefix_path.sh'
[0.348s] Level 1:colcon.colcon_core.environment:checking '/home/robotics/robo_ws/install/trac_ik_lib/lib'
[0.348s] Level 1:colcon.colcon_core.shell:create_environment_hook('trac_ik_lib', 'ld_library_path_lib')
[0.348s] INFO:colcon.colcon_core.shell:Creating environment hook '/home/robotics/robo_ws/install/trac_ik_lib/share/trac_ik_lib/hook/ld_library_path_lib.ps1'
[0.348s] INFO:colcon.colcon_core.shell:Creating environment descriptor '/home/robotics/robo_ws/install/trac_ik_lib/share/trac_ik_lib/hook/ld_library_path_lib.dsv'
[0.348s] INFO:colcon.colcon_core.shell:Creating environment hook '/home/robotics/robo_ws/install/trac_ik_lib/share/trac_ik_lib/hook/ld_library_path_lib.sh'
[0.348s] Level 1:colcon.colcon_core.environment:checking '/home/robotics/robo_ws/install/trac_ik_lib/bin'
[0.348s] Level 1:colcon.colcon_core.environment:checking '/home/robotics/robo_ws/install/trac_ik_lib/lib/pkgconfig/trac_ik_lib.pc'
[0.348s] Level 1:colcon.colcon_core.environment:checking '/home/robotics/robo_ws/install/trac_ik_lib/lib/python3.10/site-packages'
[0.348s] Level 1:colcon.colcon_core.environment:checking '/home/robotics/robo_ws/install/trac_ik_lib/bin'
[0.349s] INFO:colcon.colcon_core.shell:Creating package script '/home/robotics/robo_ws/install/trac_ik_lib/share/trac_ik_lib/package.ps1'
[0.349s] INFO:colcon.colcon_core.shell:Creating package descriptor '/home/robotics/robo_ws/install/trac_ik_lib/share/trac_ik_lib/package.dsv'
[0.349s] INFO:colcon.colcon_core.shell:Creating package script '/home/robotics/robo_ws/install/trac_ik_lib/share/trac_ik_lib/package.sh'
[0.349s] INFO:colcon.colcon_core.shell:Creating package script '/home/robotics/robo_ws/install/trac_ik_lib/share/trac_ik_lib/package.bash'
[0.349s] INFO:colcon.colcon_core.shell:Creating package script '/home/robotics/robo_ws/install/trac_ik_lib/share/trac_ik_lib/package.zsh'
[0.349s] Level 1:colcon.colcon_core.environment:create_file_with_runtime_dependencies(/home/robotics/robo_ws/install/trac_ik_lib/share/colcon-core/packages/trac_ik_lib)
[0.350s] INFO:colcon.colcon_ros.task.ament_cmake.build:Building ROS package in '/home/robotics/robo_ws/src/trac_ik/trac_ik_kinematics_plugin' with build type 'ament_cmake'
[0.350s] INFO:colcon.colcon_cmake.task.cmake.build:Building CMake package in '/home/robotics/robo_ws/src/trac_ik/trac_ik_kinematics_plugin'
[0.350s] INFO:colcon.colcon_core.shell:Skip shell extension 'powershell' for command environment: Not usable outside of PowerShell
[0.350s] DEBUG:colcon.colcon_core.shell:Skip shell extension 'dsv' for command environment
[0.352s] Level 1:colcon.colcon_core.environment:create_environment_scripts_only(ur10e_description)
[0.352s] Level 1:colcon.colcon_core.environment:checking '/home/robotics/robo_ws/install/ur10e_description' for CMake module files
[0.352s] Level 1:colcon.colcon_core.environment:checking '/home/robotics/robo_ws/install/ur10e_description' for CMake config files
[0.352s] Level 1:colcon.colcon_core.shell:create_environment_hook('ur10e_description', 'cmake_prefix_path')
[0.352s] INFO:colcon.colcon_core.shell:Creating environment hook '/home/robotics/robo_ws/install/ur10e_description/share/ur10e_description/hook/cmake_prefix_path.ps1'
[0.353s] INFO:colcon.colcon_core.shell:Creating environment descriptor '/home/robotics/robo_ws/install/ur10e_description/share/ur10e_description/hook/cmake_prefix_path.dsv'
[0.353s] INFO:colcon.colcon_core.shell:Creating environment hook '/home/robotics/robo_ws/install/ur10e_description/share/ur10e_description/hook/cmake_prefix_path.sh'
[0.353s] Level 1:colcon.colcon_core.environment:checking '/home/robotics/robo_ws/install/ur10e_description/bin'
[0.353s] Level 1:colcon.colcon_core.environment:checking '/home/robotics/robo_ws/install/ur10e_description/lib/pkgconfig/ur10e_description.pc'
[0.353s] Level 1:colcon.colcon_core.environment:checking '/home/robotics/robo_ws/install/ur10e_description/lib/python3.10/site-packages'
[0.354s] Level 1:colcon.colcon_core.environment:checking '/home/robotics/robo_ws/install/ur10e_description/bin'
[0.354s] INFO:colcon.colcon_core.shell:Creating package script '/home/robotics/robo_ws/install/ur10e_description/share/ur10e_description/package.ps1'
[0.354s] INFO:colcon.colcon_core.shell:Creating package descriptor '/home/robotics/robo_ws/install/ur10e_description/share/ur10e_description/package.dsv'
[0.354s] INFO:colcon.colcon_core.shell:Creating package script '/home/robotics/robo_ws/install/ur10e_description/share/ur10e_description/package.sh'
[0.355s] INFO:colcon.colcon_core.shell:Creating package script '/home/robotics/robo_ws/install/ur10e_description/share/ur10e_description/package.bash'
[0.356s] INFO:colcon.colcon_core.shell:Creating package script '/home/robotics/robo_ws/install/ur10e_description/share/ur10e_description/package.zsh'
[0.356s] DEBUG:colcon.colcon_core.event_handler.log_command:Invoked command in '/home/robotics/robo_ws/build/ur10e_description' returned '0': CMAKE_PREFIX_PATH=/opt/ros/humble /usr/bin/cmake --install /home/robotics/robo_ws/build/ur10e_description
[0.356s] Level 1:colcon.colcon_core.environment:create_file_with_runtime_dependencies(/home/robotics/robo_ws/install/ur10e_description/share/colcon-core/packages/ur10e_description)
[0.356s] Level 1:colcon.colcon_core.environment:create_environment_scripts_only(ur10e_description)
[0.356s] Level 1:colcon.colcon_core.environment:checking '/home/robotics/robo_ws/install/ur10e_description' for CMake module files
[0.357s] Level 1:colcon.colcon_core.environment:checking '/home/robotics/robo_ws/install/ur10e_description' for CMake config files
[0.357s] Level 1:colcon.colcon_core.shell:create_environment_hook('ur10e_description', 'cmake_prefix_path')
[0.357s] INFO:colcon.colcon_core.shell:Creating environment hook '/home/robotics/robo_ws/install/ur10e_description/share/ur10e_description/hook/cmake_prefix_path.ps1'
[0.357s] INFO:colcon.colcon_core.shell:Creating environment descriptor '/home/robotics/robo_ws/install/ur10e_description/share/ur10e_description/hook/cmake_prefix_path.dsv'
[0.357s] INFO:colcon.colcon_core.shell:Creating environment hook '/home/robotics/robo_ws/install/ur10e_description/share/ur10e_description/hook/cmake_prefix_path.sh'
[0.357s] Level 1:colcon.colcon_core.environment:checking '/home/robotics/robo_ws/install/ur10e_description/bin'
[0.357s] Level 1:colcon.colcon_core.environment:checking '/home/robotics/robo_ws/install/ur10e_description/lib/pkgconfig/ur10e_description.pc'
[0.358s] Level 1:colcon.colcon_core.environment:checking '/home/robotics/robo_ws/install/ur10e_description/lib/python3.10/site-packages'
[0.358s] Level 1:colcon.colcon_core.environment:checking '/home/robotics/robo_ws/install/ur10e_description/bin'
[0.358s] INFO:colcon.colcon_core.shell:Creating package script '/home/robotics/robo_ws/install/ur10e_description/share/ur10e_description/package.ps1'
[0.358s] INFO:colcon.colcon_core.shell:Creating package descriptor '/home/robotics/robo_ws/install/ur10e_description/share/ur10e_description/package.dsv'
[0.358s] INFO:colcon.colcon_core.shell:Creating package script '/home/robotics/robo_ws/install/ur10e_description/share/ur10e_description/package.sh'
[0.359s] INFO:colcon.colcon_core.shell:Creating package script '/home/robotics/robo_ws/install/ur10e_description/share/ur10e_description/package.bash'
[0.359s] INFO:colcon.colcon_core.shell:Creating package script '/home/robotics/robo_ws/install/ur10e_description/share/ur10e_description/package.zsh'
[0.359s] Level 1:colcon.colcon_core.environment:create_file_with_runtime_dependencies(/home/robotics/robo_ws/install/ur10e_description/share/colcon-core/packages/ur10e_description)
[0.362s] DEBUG:colcon.colcon_core.event_handler.log_command:Invoking command in '/home/robotics/robo_ws/build/trac_ik_kinematics_plugin': AMENT_PREFIX_PATH=/home/robotics/robo_ws/install/trac_ik_lib:${AMENT_PREFIX_PATH} CMAKE_PREFIX_PATH=/home/robotics/robo_ws/install/trac_ik_lib:/opt/ros/humble LD_LIBRARY_PATH=/home/robotics/robo_ws/install/trac_ik_lib/lib:${LD_LIBRARY_PATH} /usr/bin/cmake /home/robotics/robo_ws/src/trac_ik/trac_ik_kinematics_plugin -DCMAKE_INSTALL_PREFIX=/home/robotics/robo_ws/install/trac_ik_kinematics_plugin
[0.503s] DEBUG:colcon.colcon_core.event_handler.log_command:Invoking command in '/home/robotics/robo_ws/src/rebar_control': PYTHONPATH=/home/robotics/robo_ws/build/rebar_control/prefix_override:/usr/lib/python3/dist-packages/colcon_core/task/python/colcon_distutils_commands:/home/robotics/robo_ws/install/rebar_control/lib/python3.10/site-packages:${PYTHONPATH} /usr/bin/python3 -W ignore:setup.py install is deprecated -W ignore:easy_install command is deprecated setup.py egg_info --egg-base ../../build/rebar_control build --build-base /home/robotics/robo_ws/build/rebar_control/build install --record /home/robotics/robo_ws/build/rebar_control/install.log --single-version-externally-managed install_data
[0.638s] Level 1:colcon.colcon_core.environment:checking '/home/robotics/robo_ws/install/rebar_control' for CMake module files
[0.638s] DEBUG:colcon.colcon_core.event_handler.log_command:Invoked command in '/home/robotics/robo_ws/src/rebar_control' returned '0': PYTHONPATH=/home/robotics/robo_ws/build/rebar_control/prefix_override:/usr/lib/python3/dist-packages/colcon_core/task/python/colcon_distutils_commands:/home/robotics/robo_ws/install/rebar_control/lib/python3.10/site-packages:${PYTHONPATH} /usr/bin/python3 -W ignore:setup.py install is deprecated -W ignore:easy_install command is deprecated setup.py egg_info --egg-base ../../build/rebar_control build --build-base /home/robotics/robo_ws/build/rebar_control/build install --record /home/robotics/robo_ws/build/rebar_control/install.log --single-version-externally-managed install_data
[0.639s] Level 1:colcon.colcon_core.environment:checking '/home/robotics/robo_ws/install/rebar_control' for CMake config files
[0.639s] Level 1:colcon.colcon_core.environment:checking '/home/robotics/robo_ws/install/rebar_control/lib'
[0.639s] Level 1:colcon.colcon_core.environment:checking '/home/robotics/robo_ws/install/rebar_control/bin'
[0.639s] Level 1:colcon.colcon_core.environment:checking '/home/robotics/robo_ws/install/rebar_control/lib/pkgconfig/rebar_control.pc'
[0.639s] Level 1:colcon.colcon_core.environment:checking '/home/robotics/robo_ws/install/rebar_control/lib/python3.10/site-packages'
[0.639s] Level 1:colcon.colcon_core.shell:create_environment_hook('rebar_control', 'pythonpath')
[0.639s] INFO:colcon.colcon_core.shell:Creating environment hook '/home/robotics/robo_ws/install/rebar_control/share/rebar_control/hook/pythonpath.ps1'
[0.640s] INFO:colcon.colcon_core.shell:Creating environment descriptor '/home/robotics/robo_ws/install/rebar_control/share/rebar_control/hook/pythonpath.dsv'
[0.640s] INFO:colcon.colcon_core.shell:Creating environment hook '/home/robotics/robo_ws/install/rebar_control/share/rebar_control/hook/pythonpath.sh'
[0.640s] Level 1:colcon.colcon_core.environment:checking '/home/robotics/robo_ws/install/rebar_control/bin'
[0.640s] Level 1:colcon.colcon_core.environment:create_environment_scripts_only(rebar_control)
[0.640s] INFO:colcon.colcon_core.shell:Creating package script '/home/robotics/robo_ws/install/rebar_control/share/rebar_control/package.ps1'
[0.640s] INFO:colcon.colcon_core.shell:Creating package descriptor '/home/robotics/robo_ws/install/rebar_control/share/rebar_control/package.dsv'
[0.641s] INFO:colcon.colcon_core.shell:Creating package script '/home/robotics/robo_ws/install/rebar_control/share/rebar_control/package.sh'
[0.641s] INFO:colcon.colcon_core.shell:Creating package script '/home/robotics/robo_ws/install/rebar_control/share/rebar_control/package.bash'
[0.641s] INFO:colcon.colcon_core.shell:Creating package script '/home/robotics/robo_ws/install/rebar_control/share/rebar_control/package.zsh'
[0.641s] Level 1:colcon.colcon_core.environment:create_file_with_runtime_dependencies(/home/robotics/robo_ws/install/rebar_control/share/colcon-core/packages/rebar_control)
[0.762s] DEBUG:colcon.colcon_core.event_handler.log_command:Invoked command in '/home/robotics/robo_ws/build/trac_ik_kinematics_plugin' returned '0': AMENT_PREFIX_PATH=/home/robotics/robo_ws/install/trac_ik_lib:${AMENT_PREFIX_PATH} CMAKE_PREFIX_PATH=/home/robotics/robo_ws/install/trac_ik_lib:/opt/ros/humble LD_LIBRARY_PATH=/home/robotics/robo_ws/install/trac_ik_lib/lib:${LD_LIBRARY_PATH} /usr/bin/cmake /home/robotics/robo_ws/src/trac_ik/trac_ik_kinematics_plugin -DCMAKE_INSTALL_PREFIX=/home/robotics/robo_ws/install/trac_ik_kinematics_plugin
[0.763s] DEBUG:colcon.colcon_core.event_handler.log_command:Invoking command in '/home/robotics/robo_ws/build/trac_ik_kinematics_plugin': AMENT_PREFIX_PATH=/home/robotics/robo_ws/install/trac_ik_lib:${AMENT_PREFIX_PATH} CMAKE_PREFIX_PATH=/home/robotics/robo_ws/install/trac_ik_lib:/opt/ros/humble LD_LIBRARY_PATH=/home/robotics/robo_ws/install/trac_ik_lib/lib:${LD_LIBRARY_PATH} /usr/bin/cmake --build /home/robotics/robo_ws/build/trac_ik_kinematics_plugin -- -j24 -l24
[0.825s] DEBUG:colcon.colcon_core.event_handler.log_command:Invoked command in '/home/robotics/robo_ws/build/trac_ik_kinematics_plugin' returned '0': AMENT_PREFIX_PATH=/home/robotics/robo_ws/install/trac_ik_lib:${AMENT_PREFIX_PATH} CMAKE_PREFIX_PATH=/home/robotics/robo_ws/install/trac_ik_lib:/opt/ros/humble LD_LIBRARY_PATH=/home/robotics/robo_ws/install/trac_ik_lib/lib:${LD_LIBRARY_PATH} /usr/bin/cmake --build /home/robotics/robo_ws/build/trac_ik_kinematics_plugin -- -j24 -l24
[0.826s] DEBUG:colcon.colcon_core.event_handler.log_command:Invoking command in '/home/robotics/robo_ws/build/trac_ik_kinematics_plugin': AMENT_PREFIX_PATH=/home/robotics/robo_ws/install/trac_ik_lib:${AMENT_PREFIX_PATH} CMAKE_PREFIX_PATH=/home/robotics/robo_ws/install/trac_ik_lib:/opt/ros/humble LD_LIBRARY_PATH=/home/robotics/robo_ws/install/trac_ik_lib/lib:${LD_LIBRARY_PATH} /usr/bin/cmake --install /home/robotics/robo_ws/build/trac_ik_kinematics_plugin
[0.832s] Level 1:colcon.colcon_core.environment:create_environment_scripts_only(trac_ik_kinematics_plugin)
[0.832s] Level 1:colcon.colcon_core.environment:checking '/home/robotics/robo_ws/install/trac_ik_kinematics_plugin' for CMake module files
[0.833s] DEBUG:colcon.colcon_core.event_handler.log_command:Invoked command in '/home/robotics/robo_ws/build/trac_ik_kinematics_plugin' returned '0': AMENT_PREFIX_PATH=/home/robotics/robo_ws/install/trac_ik_lib:${AMENT_PREFIX_PATH} CMAKE_PREFIX_PATH=/home/robotics/robo_ws/install/trac_ik_lib:/opt/ros/humble LD_LIBRARY_PATH=/home/robotics/robo_ws/install/trac_ik_lib/lib:${LD_LIBRARY_PATH} /usr/bin/cmake --install /home/robotics/robo_ws/build/trac_ik_kinematics_plugin
[0.833s] Level 1:colcon.colcon_core.environment:checking '/home/robotics/robo_ws/install/trac_ik_kinematics_plugin' for CMake config files
[0.833s] Level 1:colcon.colcon_core.shell:create_environment_hook('trac_ik_kinematics_plugin', 'cmake_prefix_path')
[0.833s] INFO:colcon.colcon_core.shell:Creating environment hook '/home/robotics/robo_ws/install/trac_ik_kinematics_plugin/share/trac_ik_kinematics_plugin/hook/cmake_prefix_path.ps1'
[0.833s] INFO:colcon.colcon_core.shell:Creating environment descriptor '/home/robotics/robo_ws/install/trac_ik_kinematics_plugin/share/trac_ik_kinematics_plugin/hook/cmake_prefix_path.dsv'
[0.834s] INFO:colcon.colcon_core.shell:Creating environment hook '/home/robotics/robo_ws/install/trac_ik_kinematics_plugin/share/trac_ik_kinematics_plugin/hook/cmake_prefix_path.sh'
[0.834s] Level 1:colcon.colcon_core.environment:checking '/home/robotics/robo_ws/install/trac_ik_kinematics_plugin/lib'
[0.834s] Level 1:colcon.colcon_core.shell:create_environment_hook('trac_ik_kinematics_plugin', 'ld_library_path_lib')
[0.834s] INFO:colcon.colcon_core.shell:Creating environment hook '/home/robotics/robo_ws/install/trac_ik_kinematics_plugin/share/trac_ik_kinematics_plugin/hook/ld_library_path_lib.ps1'
[0.834s] INFO:colcon.colcon_core.shell:Creating environment descriptor '/home/robotics/robo_ws/install/trac_ik_kinematics_plugin/share/trac_ik_kinematics_plugin/hook/ld_library_path_lib.dsv'
[0.834s] INFO:colcon.colcon_core.shell:Creating environment hook '/home/robotics/robo_ws/install/trac_ik_kinematics_plugin/share/trac_ik_kinematics_plugin/hook/ld_library_path_lib.sh'
[0.835s] Level 1:colcon.colcon_core.environment:checking '/home/robotics/robo_ws/install/trac_ik_kinematics_plugin/bin'
[0.835s] Level 1:colcon.colcon_core.environment:checking '/home/robotics/robo_ws/install/trac_ik_kinematics_plugin/lib/pkgconfig/trac_ik_kinematics_plugin.pc'
[0.835s] Level 1:colcon.colcon_core.environment:checking '/home/robotics/robo_ws/install/trac_ik_kinematics_plugin/lib/python3.10/site-packages'
[0.835s] Level 1:colcon.colcon_core.environment:checking '/home/robotics/robo_ws/install/trac_ik_kinematics_plugin/bin'
[0.835s] INFO:colcon.colcon_core.shell:Creating package script '/home/robotics/robo_ws/install/trac_ik_kinematics_plugin/share/trac_ik_kinematics_plugin/package.ps1'
[0.835s] INFO:colcon.colcon_core.shell:Creating package descriptor '/home/robotics/robo_ws/install/trac_ik_kinematics_plugin/share/trac_ik_kinematics_plugin/package.dsv'
[0.836s] INFO:colcon.colcon_core.shell:Creating package script '/home/robotics/robo_ws/install/trac_ik_kinematics_plugin/share/trac_ik_kinematics_plugin/package.sh'
[0.836s] INFO:colcon.colcon_core.shell:Creating package script '/home/robotics/robo_ws/install/trac_ik_kinematics_plugin/share/trac_ik_kinematics_plugin/package.bash'
[0.836s] INFO:colcon.colcon_core.shell:Creating package script '/home/robotics/robo_ws/install/trac_ik_kinematics_plugin/share/trac_ik_kinematics_plugin/package.zsh'
[0.836s] Level 1:colcon.colcon_core.environment:create_file_with_runtime_dependencies(/home/robotics/robo_ws/install/trac_ik_kinematics_plugin/share/colcon-core/packages/trac_ik_kinematics_plugin)
[0.836s] Level 1:colcon.colcon_core.environment:create_environment_scripts_only(trac_ik_kinematics_plugin)
[0.836s] Level 1:colcon.colcon_core.environment:checking '/home/robotics/robo_ws/install/trac_ik_kinematics_plugin' for CMake module files
[0.837s] Level 1:colcon.colcon_core.environment:checking '/home/robotics/robo_ws/install/trac_ik_kinematics_plugin' for CMake config files
[0.837s] Level 1:colcon.colcon_core.shell:create_environment_hook('trac_ik_kinematics_plugin', 'cmake_prefix_path')
[0.837s] INFO:colcon.colcon_core.shell:Creating environment hook '/home/robotics/robo_ws/install/trac_ik_kinematics_plugin/share/trac_ik_kinematics_plugin/hook/cmake_prefix_path.ps1'
[0.837s] INFO:colcon.colcon_core.shell:Creating environment descriptor '/home/robotics/robo_ws/install/trac_ik_kinematics_plugin/share/trac_ik_kinematics_plugin/hook/cmake_prefix_path.dsv'
[0.837s] INFO:colcon.colcon_core.shell:Creating environment hook '/home/robotics/robo_ws/install/trac_ik_kinematics_plugin/share/trac_ik_kinematics_plugin/hook/cmake_prefix_path.sh'
[0.838s] Level 1:colcon.colcon_core.environment:checking '/home/robotics/robo_ws/install/trac_ik_kinematics_plugin/lib'
[0.838s] Level 1:colcon.colcon_core.shell:create_environment_hook('trac_ik_kinematics_plugin', 'ld_library_path_lib')
[0.838s] INFO:colcon.colcon_core.shell:Creating environment hook '/home/robotics/robo_ws/install/trac_ik_kinematics_plugin/share/trac_ik_kinematics_plugin/hook/ld_library_path_lib.ps1'
[0.838s] INFO:colcon.colcon_core.shell:Creating environment descriptor '/home/robotics/robo_ws/install/trac_ik_kinematics_plugin/share/trac_ik_kinematics_plugin/hook/ld_library_path_lib.dsv'
[0.838s] INFO:colcon.colcon_core.shell:Creating environment hook '/home/robotics/robo_ws/install/trac_ik_kinematics_plugin/share/trac_ik_kinematics_plugin/hook/ld_library_path_lib.sh'
[0.838s] Level 1:colcon.colcon_core.environment:checking '/home/robotics/robo_ws/install/trac_ik_kinematics_plugin/bin'
[0.839s] Level 1:colcon.colcon_core.environment:checking '/home/robotics/robo_ws/install/trac_ik_kinematics_plugin/lib/pkgconfig/trac_ik_kinematics_plugin.pc'
[0.839s] Level 1:colcon.colcon_core.environment:checking '/home/robotics/robo_ws/install/trac_ik_kinematics_plugin/lib/python3.10/site-packages'
[0.839s] Level 1:colcon.colcon_core.environment:checking '/home/robotics/robo_ws/install/trac_ik_kinematics_plugin/bin'
[0.839s] INFO:colcon.colcon_core.shell:Creating package script '/home/robotics/robo_ws/install/trac_ik_kinematics_plugin/share/trac_ik_kinematics_plugin/package.ps1'
[0.839s] INFO:colcon.colcon_core.shell:Creating package descriptor '/home/robotics/robo_ws/install/trac_ik_kinematics_plugin/share/trac_ik_kinematics_plugin/package.dsv'
[0.839s] INFO:colcon.colcon_core.shell:Creating package script '/home/robotics/robo_ws/install/trac_ik_kinematics_plugin/share/trac_ik_kinematics_plugin/package.sh'
[0.840s] INFO:colcon.colcon_core.shell:Creating package script '/home/robotics/robo_ws/install/trac_ik_kinematics_plugin/share/trac_ik_kinematics_plugin/package.bash'
[0.840s] INFO:colcon.colcon_core.shell:Creating package script '/home/robotics/robo_ws/install/trac_ik_kinematics_plugin/share/trac_ik_kinematics_plugin/package.zsh'
[0.840s] Level 1:colcon.colcon_core.environment:create_file_with_runtime_dependencies(/home/robotics/robo_ws/install/trac_ik_kinematics_plugin/share/colcon-core/packages/trac_ik_kinematics_plugin)
[0.840s] INFO:colcon.colcon_ros.task.ament_cmake.build:Building ROS package in '/home/robotics/robo_ws/src/moveit_ur10' with build type 'ament_cmake'
[0.840s] INFO:colcon.colcon_cmake.task.cmake.build:Building CMake package in '/home/robotics/robo_ws/src/moveit_ur10'
[0.841s] INFO:colcon.colcon_core.shell:Skip shell extension 'powershell' for command environment: Not usable outside of PowerShell
[0.841s] DEBUG:colcon.colcon_core.shell:Skip shell extension 'dsv' for command environment
[0.842s] INFO:colcon.colcon_ros.task.ament_cmake.build:Building ROS package in '/home/robotics/robo_ws/src/trac_ik/trac_ik' with build type 'ament_cmake'
[0.842s] INFO:colcon.colcon_cmake.task.cmake.build:Building CMake package in '/home/robotics/robo_ws/src/trac_ik/trac_ik'
[0.843s] INFO:colcon.colcon_core.shell:Skip shell extension 'powershell' for command environment: Not usable outside of PowerShell
[0.843s] DEBUG:colcon.colcon_core.shell:Skip shell extension 'dsv' for command environment
[0.848s] DEBUG:colcon.colcon_core.event_handler.log_command:Invoking command in '/home/robotics/robo_ws/build/moveit_ur10': AMENT_PREFIX_PATH=/home/robotics/robo_ws/install/trac_ik_kinematics_plugin:/home/robotics/robo_ws/install/ur10e_description:/home/robotics/robo_ws/install/trac_ik_lib:${AMENT_PREFIX_PATH} CMAKE_PREFIX_PATH=/home/robotics/robo_ws/install/trac_ik_kinematics_plugin:/home/robotics/robo_ws/install/ur10e_description:/home/robotics/robo_ws/install/trac_ik_lib:/opt/ros/humble LD_LIBRARY_PATH=/home/robotics/robo_ws/install/trac_ik_kinematics_plugin/lib:/home/robotics/robo_ws/install/trac_ik_lib/lib:${LD_LIBRARY_PATH} /usr/bin/cmake --build /home/robotics/robo_ws/build/moveit_ur10 -- -j24 -l24
[0.851s] DEBUG:colcon.colcon_core.event_handler.log_command:Invoking command in '/home/robotics/robo_ws/build/trac_ik': AMENT_PREFIX_PATH=/home/robotics/robo_ws/install/trac_ik_kinematics_plugin:/home/robotics/robo_ws/install/trac_ik_lib:${AMENT_PREFIX_PATH} CMAKE_PREFIX_PATH=/home/robotics/robo_ws/install/trac_ik_kinematics_plugin:/home/robotics/robo_ws/install/trac_ik_lib:/opt/ros/humble LD_LIBRARY_PATH=/home/robotics/robo_ws/install/trac_ik_kinematics_plugin/lib:/home/robotics/robo_ws/install/trac_ik_lib/lib:${LD_LIBRARY_PATH} /usr/bin/cmake --build /home/robotics/robo_ws/build/trac_ik -- -j24 -l24
[0.870s] DEBUG:colcon.colcon_core.event_handler.log_command:Invoked command in '/home/robotics/robo_ws/build/moveit_ur10' returned '0': AMENT_PREFIX_PATH=/home/robotics/robo_ws/install/trac_ik_kinematics_plugin:/home/robotics/robo_ws/install/ur10e_description:/home/robotics/robo_ws/install/trac_ik_lib:${AMENT_PREFIX_PATH} CMAKE_PREFIX_PATH=/home/robotics/robo_ws/install/trac_ik_kinematics_plugin:/home/robotics/robo_ws/install/ur10e_description:/home/robotics/robo_ws/install/trac_ik_lib:/opt/ros/humble LD_LIBRARY_PATH=/home/robotics/robo_ws/install/trac_ik_kinematics_plugin/lib:/home/robotics/robo_ws/install/trac_ik_lib/lib:${LD_LIBRARY_PATH} /usr/bin/cmake --build /home/robotics/robo_ws/build/moveit_ur10 -- -j24 -l24
[0.871s] DEBUG:colcon.colcon_core.event_handler.log_command:Invoking command in '/home/robotics/robo_ws/build/moveit_ur10': AMENT_PREFIX_PATH=/home/robotics/robo_ws/install/trac_ik_kinematics_plugin:/home/robotics/robo_ws/install/ur10e_description:/home/robotics/robo_ws/install/trac_ik_lib:${AMENT_PREFIX_PATH} CMAKE_PREFIX_PATH=/home/robotics/robo_ws/install/trac_ik_kinematics_plugin:/home/robotics/robo_ws/install/ur10e_description:/home/robotics/robo_ws/install/trac_ik_lib:/opt/ros/humble LD_LIBRARY_PATH=/home/robotics/robo_ws/install/trac_ik_kinematics_plugin/lib:/home/robotics/robo_ws/install/trac_ik_lib/lib:${LD_LIBRARY_PATH} /usr/bin/cmake --install /home/robotics/robo_ws/build/moveit_ur10
[0.872s] DEBUG:colcon.colcon_core.event_handler.log_command:Invoked command in '/home/robotics/robo_ws/build/trac_ik' returned '0': AMENT_PREFIX_PATH=/home/robotics/robo_ws/install/trac_ik_kinematics_plugin:/home/robotics/robo_ws/install/trac_ik_lib:${AMENT_PREFIX_PATH} CMAKE_PREFIX_PATH=/home/robotics/robo_ws/install/trac_ik_kinematics_plugin:/home/robotics/robo_ws/install/trac_ik_lib:/opt/ros/humble LD_LIBRARY_PATH=/home/robotics/robo_ws/install/trac_ik_kinematics_plugin/lib:/home/robotics/robo_ws/install/trac_ik_lib/lib:${LD_LIBRARY_PATH} /usr/bin/cmake --build /home/robotics/robo_ws/build/trac_ik -- -j24 -l24
[0.873s] DEBUG:colcon.colcon_core.event_handler.log_command:Invoking command in '/home/robotics/robo_ws/build/trac_ik': AMENT_PREFIX_PATH=/home/robotics/robo_ws/install/trac_ik_kinematics_plugin:/home/robotics/robo_ws/install/trac_ik_lib:${AMENT_PREFIX_PATH} CMAKE_PREFIX_PATH=/home/robotics/robo_ws/install/trac_ik_kinematics_plugin:/home/robotics/robo_ws/install/trac_ik_lib:/opt/ros/humble LD_LIBRARY_PATH=/home/robotics/robo_ws/install/trac_ik_kinematics_plugin/lib:/home/robotics/robo_ws/install/trac_ik_lib/lib:${LD_LIBRARY_PATH} /usr/bin/cmake --install /home/robotics/robo_ws/build/trac_ik
[0.878s] Level 1:colcon.colcon_core.environment:create_environment_scripts_only(moveit_ur10)
[0.878s] Level 1:colcon.colcon_core.environment:checking '/home/robotics/robo_ws/install/moveit_ur10' for CMake module files
[0.879s] Level 1:colcon.colcon_core.environment:checking '/home/robotics/robo_ws/install/moveit_ur10' for CMake config files
[0.879s] Level 1:colcon.colcon_core.shell:create_environment_hook('moveit_ur10', 'cmake_prefix_path')
[0.879s] INFO:colcon.colcon_core.shell:Creating environment hook '/home/robotics/robo_ws/install/moveit_ur10/share/moveit_ur10/hook/cmake_prefix_path.ps1'
[0.880s] INFO:colcon.colcon_core.shell:Creating environment descriptor '/home/robotics/robo_ws/install/moveit_ur10/share/moveit_ur10/hook/cmake_prefix_path.dsv'
[0.880s] INFO:colcon.colcon_core.shell:Creating environment hook '/home/robotics/robo_ws/install/moveit_ur10/share/moveit_ur10/hook/cmake_prefix_path.sh'
[0.879s] DEBUG:colcon.colcon_core.event_handler.log_command:Invoked command in '/home/robotics/robo_ws/build/moveit_ur10' returned '0': AMENT_PREFIX_PATH=/home/robotics/robo_ws/install/trac_ik_kinematics_plugin:/home/robotics/robo_ws/install/ur10e_description:/home/robotics/robo_ws/install/trac_ik_lib:${AMENT_PREFIX_PATH} CMAKE_PREFIX_PATH=/home/robotics/robo_ws/install/trac_ik_kinematics_plugin:/home/robotics/robo_ws/install/ur10e_description:/home/robotics/robo_ws/install/trac_ik_lib:/opt/ros/humble LD_LIBRARY_PATH=/home/robotics/robo_ws/install/trac_ik_kinematics_plugin/lib:/home/robotics/robo_ws/install/trac_ik_lib/lib:${LD_LIBRARY_PATH} /usr/bin/cmake --install /home/robotics/robo_ws/build/moveit_ur10
[0.881s] Level 1:colcon.colcon_core.environment:checking '/home/robotics/robo_ws/install/moveit_ur10/bin'
[0.881s] Level 1:colcon.colcon_core.environment:checking '/home/robotics/robo_ws/install/moveit_ur10/lib/pkgconfig/moveit_ur10.pc'
[0.881s] Level 1:colcon.colcon_core.environment:checking '/home/robotics/robo_ws/install/moveit_ur10/lib/python3.10/site-packages'
[0.881s] Level 1:colcon.colcon_core.environment:checking '/home/robotics/robo_ws/install/moveit_ur10/bin'
[0.881s] INFO:colcon.colcon_core.shell:Creating package script '/home/robotics/robo_ws/install/moveit_ur10/share/moveit_ur10/package.ps1'
[0.882s] INFO:colcon.colcon_core.shell:Creating package descriptor '/home/robotics/robo_ws/install/moveit_ur10/share/moveit_ur10/package.dsv'
[0.882s] INFO:colcon.colcon_core.shell:Creating package script '/home/robotics/robo_ws/install/moveit_ur10/share/moveit_ur10/package.sh'
[0.882s] INFO:colcon.colcon_core.shell:Creating package script '/home/robotics/robo_ws/install/moveit_ur10/share/moveit_ur10/package.bash'
[0.882s] INFO:colcon.colcon_core.shell:Creating package script '/home/robotics/robo_ws/install/moveit_ur10/share/moveit_ur10/package.zsh'
[0.882s] Level 1:colcon.colcon_core.environment:create_file_with_runtime_dependencies(/home/robotics/robo_ws/install/moveit_ur10/share/colcon-core/packages/moveit_ur10)
[0.883s] Level 1:colcon.colcon_core.environment:create_environment_scripts_only(moveit_ur10)
[0.883s] Level 1:colcon.colcon_core.environment:checking '/home/robotics/robo_ws/install/moveit_ur10' for CMake module files
[0.883s] Level 1:colcon.colcon_core.environment:checking '/home/robotics/robo_ws/install/moveit_ur10' for CMake config files
[0.883s] Level 1:colcon.colcon_core.shell:create_environment_hook('moveit_ur10', 'cmake_prefix_path')
[0.883s] INFO:colcon.colcon_core.shell:Creating environment hook '/home/robotics/robo_ws/install/moveit_ur10/share/moveit_ur10/hook/cmake_prefix_path.ps1'
[0.883s] INFO:colcon.colcon_core.shell:Creating environment descriptor '/home/robotics/robo_ws/install/moveit_ur10/share/moveit_ur10/hook/cmake_prefix_path.dsv'
[0.884s] INFO:colcon.colcon_core.shell:Creating environment hook '/home/robotics/robo_ws/install/moveit_ur10/share/moveit_ur10/hook/cmake_prefix_path.sh'
[0.884s] Level 1:colcon.colcon_core.environment:checking '/home/robotics/robo_ws/install/moveit_ur10/bin'
[0.884s] Level 1:colcon.colcon_core.environment:checking '/home/robotics/robo_ws/install/moveit_ur10/lib/pkgconfig/moveit_ur10.pc'
[0.884s] Level 1:colcon.colcon_core.environment:checking '/home/robotics/robo_ws/install/moveit_ur10/lib/python3.10/site-packages'
[0.884s] Level 1:colcon.colcon_core.environment:checking '/home/robotics/robo_ws/install/moveit_ur10/bin'
[0.885s] INFO:colcon.colcon_core.shell:Creating package script '/home/robotics/robo_ws/install/moveit_ur10/share/moveit_ur10/package.ps1'
[0.885s] INFO:colcon.colcon_core.shell:Creating package descriptor '/home/robotics/robo_ws/install/moveit_ur10/share/moveit_ur10/package.dsv'
[0.885s] INFO:colcon.colcon_core.shell:Creating package script '/home/robotics/robo_ws/install/moveit_ur10/share/moveit_ur10/package.sh'
[0.885s] INFO:colcon.colcon_core.shell:Creating package script '/home/robotics/robo_ws/install/moveit_ur10/share/moveit_ur10/package.bash'
[0.885s] INFO:colcon.colcon_core.shell:Creating package script '/home/robotics/robo_ws/install/moveit_ur10/share/moveit_ur10/package.zsh'
[0.886s] Level 1:colcon.colcon_core.environment:create_file_with_runtime_dependencies(/home/robotics/robo_ws/install/moveit_ur10/share/colcon-core/packages/moveit_ur10)
[0.887s] Level 1:colcon.colcon_core.environment:create_environment_scripts_only(trac_ik)
[0.887s] Level 1:colcon.colcon_core.environment:checking '/home/robotics/robo_ws/install/trac_ik' for CMake module files
[0.887s] Level 1:colcon.colcon_core.environment:checking '/home/robotics/robo_ws/install/trac_ik' for CMake config files
[0.887s] DEBUG:colcon.colcon_core.event_handler.log_command:Invoked command in '/home/robotics/robo_ws/build/trac_ik' returned '0': AMENT_PREFIX_PATH=/home/robotics/robo_ws/install/trac_ik_kinematics_plugin:/home/robotics/robo_ws/install/trac_ik_lib:${AMENT_PREFIX_PATH} CMAKE_PREFIX_PATH=/home/robotics/robo_ws/install/trac_ik_kinematics_plugin:/home/robotics/robo_ws/install/trac_ik_lib:/opt/ros/humble LD_LIBRARY_PATH=/home/robotics/robo_ws/install/trac_ik_kinematics_plugin/lib:/home/robotics/robo_ws/install/trac_ik_lib/lib:${LD_LIBRARY_PATH} /usr/bin/cmake --install /home/robotics/robo_ws/build/trac_ik
[0.887s] Level 1:colcon.colcon_core.shell:create_environment_hook('trac_ik', 'cmake_prefix_path')
[0.887s] INFO:colcon.colcon_core.shell:Creating environment hook '/home/robotics/robo_ws/install/trac_ik/share/trac_ik/hook/cmake_prefix_path.ps1'
[0.888s] INFO:colcon.colcon_core.shell:Creating environment descriptor '/home/robotics/robo_ws/install/trac_ik/share/trac_ik/hook/cmake_prefix_path.dsv'
[0.888s] INFO:colcon.colcon_core.shell:Creating environment hook '/home/robotics/robo_ws/install/trac_ik/share/trac_ik/hook/cmake_prefix_path.sh'
[0.889s] Level 1:colcon.colcon_core.environment:checking '/home/robotics/robo_ws/install/trac_ik/bin'
[0.889s] Level 1:colcon.colcon_core.environment:checking '/home/robotics/robo_ws/install/trac_ik/lib/pkgconfig/trac_ik.pc'
[0.889s] Level 1:colcon.colcon_core.environment:checking '/home/robotics/robo_ws/install/trac_ik/lib/python3.10/site-packages'
[0.889s] Level 1:colcon.colcon_core.environment:checking '/home/robotics/robo_ws/install/trac_ik/bin'
[0.889s] INFO:colcon.colcon_core.shell:Creating package script '/home/robotics/robo_ws/install/trac_ik/share/trac_ik/package.ps1'
[0.889s] INFO:colcon.colcon_core.shell:Creating package descriptor '/home/robotics/robo_ws/install/trac_ik/share/trac_ik/package.dsv'
[0.890s] INFO:colcon.colcon_core.shell:Creating package script '/home/robotics/robo_ws/install/trac_ik/share/trac_ik/package.sh'
[0.890s] INFO:colcon.colcon_core.shell:Creating package script '/home/robotics/robo_ws/install/trac_ik/share/trac_ik/package.bash'
[0.890s] INFO:colcon.colcon_core.shell:Creating package script '/home/robotics/robo_ws/install/trac_ik/share/trac_ik/package.zsh'
[0.890s] Level 1:colcon.colcon_core.environment:create_file_with_runtime_dependencies(/home/robotics/robo_ws/install/trac_ik/share/colcon-core/packages/trac_ik)
[0.891s] Level 1:colcon.colcon_core.environment:create_environment_scripts_only(trac_ik)
[0.891s] Level 1:colcon.colcon_core.environment:checking '/home/robotics/robo_ws/install/trac_ik' for CMake module files
[0.891s] Level 1:colcon.colcon_core.environment:checking '/home/robotics/robo_ws/install/trac_ik' for CMake config files
[0.891s] Level 1:colcon.colcon_core.shell:create_environment_hook('trac_ik', 'cmake_prefix_path')
[0.891s] INFO:colcon.colcon_core.shell:Creating environment hook '/home/robotics/robo_ws/install/trac_ik/share/trac_ik/hook/cmake_prefix_path.ps1'
[0.891s] INFO:colcon.colcon_core.shell:Creating environment descriptor '/home/robotics/robo_ws/install/trac_ik/share/trac_ik/hook/cmake_prefix_path.dsv'
[0.892s] INFO:colcon.colcon_core.shell:Creating environment hook '/home/robotics/robo_ws/install/trac_ik/share/trac_ik/hook/cmake_prefix_path.sh'
[0.892s] Level 1:colcon.colcon_core.environment:checking '/home/robotics/robo_ws/install/trac_ik/bin'
[0.892s] Level 1:colcon.colcon_core.environment:checking '/home/robotics/robo_ws/install/trac_ik/lib/pkgconfig/trac_ik.pc'
[0.892s] Level 1:colcon.colcon_core.environment:checking '/home/robotics/robo_ws/install/trac_ik/lib/python3.10/site-packages'
[0.892s] Level 1:colcon.colcon_core.environment:checking '/home/robotics/robo_ws/install/trac_ik/bin'
[0.893s] INFO:colcon.colcon_core.shell:Creating package script '/home/robotics/robo_ws/install/trac_ik/share/trac_ik/package.ps1'
[0.893s] INFO:colcon.colcon_core.shell:Creating package descriptor '/home/robotics/robo_ws/install/trac_ik/share/trac_ik/package.dsv'
[0.893s] INFO:colcon.colcon_core.shell:Creating package script '/home/robotics/robo_ws/install/trac_ik/share/trac_ik/package.sh'
[0.894s] INFO:colcon.colcon_core.shell:Creating package script '/home/robotics/robo_ws/install/trac_ik/share/trac_ik/package.bash'
[0.894s] INFO:colcon.colcon_core.shell:Creating package script '/home/robotics/robo_ws/install/trac_ik/share/trac_ik/package.zsh'
[0.894s] Level 1:colcon.colcon_core.environment:create_file_with_runtime_dependencies(/home/robotics/robo_ws/install/trac_ik/share/colcon-core/packages/trac_ik)
[0.894s] DEBUG:colcon.colcon_parallel_executor.executor.parallel:closing loop
[0.894s] DEBUG:colcon.colcon_parallel_executor.executor.parallel:loop closed
[0.894s] DEBUG:colcon.colcon_parallel_executor.executor.parallel:run_until_complete finished with '0'
[0.894s] DEBUG:colcon.colcon_core.event_reactor:joining thread
[0.898s] INFO:colcon.colcon_core.plugin_system:Skipping extension 'colcon_notification.desktop_notification.terminal_notifier': Not used on non-Darwin systems
[0.898s] INFO:colcon.colcon_core.plugin_system:Skipping extension 'colcon_notification.desktop_notification.win32': Not used on non-Windows systems
[0.898s] INFO:colcon.colcon_notification.desktop_notification:Sending desktop notification using 'notify2'
[0.905s] DEBUG:colcon.colcon_core.event_reactor:joined thread
[0.905s] INFO:colcon.colcon_core.shell:Creating prefix script '/home/robotics/robo_ws/install/local_setup.ps1'
[0.906s] INFO:colcon.colcon_core.shell:Creating prefix util module '/home/robotics/robo_ws/install/_local_setup_util_ps1.py'
[0.908s] INFO:colcon.colcon_core.shell:Creating prefix chain script '/home/robotics/robo_ws/install/setup.ps1'
[0.909s] INFO:colcon.colcon_core.shell:Creating prefix script '/home/robotics/robo_ws/install/local_setup.sh'
[0.909s] INFO:colcon.colcon_core.shell:Creating prefix util module '/home/robotics/robo_ws/install/_local_setup_util_sh.py'
[0.910s] INFO:colcon.colcon_core.shell:Creating prefix chain script '/home/robotics/robo_ws/install/setup.sh'
[0.910s] INFO:colcon.colcon_core.shell:Creating prefix script '/home/robotics/robo_ws/install/local_setup.bash'
[0.911s] INFO:colcon.colcon_core.shell:Creating prefix chain script '/home/robotics/robo_ws/install/setup.bash'
[0.911s] INFO:colcon.colcon_core.shell:Creating prefix script '/home/robotics/robo_ws/install/local_setup.zsh'
[0.912s] INFO:colcon.colcon_core.shell:Creating prefix chain script '/home/robotics/robo_ws/install/setup.zsh'
