[0.050s] DEBUG:colcon:Command line arguments: ['/usr/bin/colcon', 'build', '--packages-select', 'trac_ik_kinematics_plugin']
[0.050s] DEBUG:colcon:Parsed command line arguments: Namespace(log_base=None, log_level=None, verb_name='build', build_base='build', install_base='install', merge_install=False, symlink_install=False, test_result_base=None, continue_on_error=False, executor='parallel', parallel_workers=24, event_handlers=None, ignore_user_meta=False, metas=['./colcon.meta'], base_paths=['.'], packages_ignore=None, packages_ignore_regex=None, paths=None, packages_up_to=None, packages_up_to_regex=None, packages_above=None, packages_above_and_dependencies=None, packages_above_depth=None, packages_select_by_dep=None, packages_skip_by_dep=None, packages_skip_up_to=None, packages_select_build_failed=False, packages_skip_build_finished=False, packages_select_test_failures=False, packages_skip_test_passed=False, packages_select=['trac_ik_kinematics_plugin'], packages_skip=None, packages_select_regex=None, packages_skip_regex=None, packages_start=None, packages_end=None, allow_overriding=[], cmake_args=None, cmake_target=None, cmake_target_skip_unavailable=False, cmake_clean_cache=False, cmake_clean_first=False, cmake_force_configure=False, ament_cmake_args=None, catkin_cmake_args=None, catkin_skip_building_tests=False, verb_parser=<colcon_defaults.argument_parser.defaults.DefaultArgumentsDecorator object at 0x78c4caf3e7a0>, verb_extension=<colcon_core.verb.build.BuildVerb object at 0x78c4caf3e260>, main=<bound method BuildVerb.main of <colcon_core.verb.build.BuildVerb object at 0x78c4caf3e260>>)
[0.119s] Level 1:colcon.colcon_core.package_discovery:discover_packages(colcon_meta) check parameters
[0.119s] Level 1:colcon.colcon_core.package_discovery:discover_packages(recursive) check parameters
[0.119s] Level 1:colcon.colcon_core.package_discovery:discover_packages(ignore) check parameters
[0.119s] Level 1:colcon.colcon_core.package_discovery:discover_packages(path) check parameters
[0.119s] Level 1:colcon.colcon_core.package_discovery:discover_packages(colcon_meta) discover
[0.119s] Level 1:colcon.colcon_core.package_discovery:discover_packages(recursive) discover
[0.119s] INFO:colcon.colcon_core.package_discovery:Crawling recursively for packages in '/home/robotics/robo_ws'
[0.119s] Level 1:colcon.colcon_core.package_identification:_identify(.) by extensions ['ignore', 'ignore_ament_install']
[0.119s] Level 1:colcon.colcon_core.package_identification:_identify(.) by extension 'ignore'
[0.119s] Level 1:colcon.colcon_core.package_identification:_identify(.) by extension 'ignore_ament_install'
[0.119s] Level 1:colcon.colcon_core.package_identification:_identify(.) by extensions ['colcon_pkg']
[0.119s] Level 1:colcon.colcon_core.package_identification:_identify(.) by extension 'colcon_pkg'
[0.119s] Level 1:colcon.colcon_core.package_identification:_identify(.) by extensions ['colcon_meta']
[0.119s] Level 1:colcon.colcon_core.package_identification:_identify(.) by extension 'colcon_meta'
[0.119s] Level 1:colcon.colcon_core.package_identification:_identify(.) by extensions ['ros']
[0.119s] Level 1:colcon.colcon_core.package_identification:_identify(.) by extension 'ros'
[0.124s] Level 1:colcon.colcon_core.package_identification:_identify(.) by extensions ['cmake', 'python']
[0.124s] Level 1:colcon.colcon_core.package_identification:_identify(.) by extension 'cmake'
[0.124s] Level 1:colcon.colcon_core.package_identification:_identify(.) by extension 'python'
[0.124s] Level 1:colcon.colcon_core.package_identification:_identify(.) by extensions ['python_setup_py']
[0.124s] Level 1:colcon.colcon_core.package_identification:_identify(.) by extension 'python_setup_py'
[0.124s] Level 1:colcon.colcon_core.package_identification:_identify(build) by extensions ['ignore', 'ignore_ament_install']
[0.124s] Level 1:colcon.colcon_core.package_identification:_identify(build) by extension 'ignore'
[0.124s] Level 1:colcon.colcon_core.package_identification:_identify(build) ignored
[0.124s] Level 1:colcon.colcon_core.package_identification:_identify(install) by extensions ['ignore', 'ignore_ament_install']
[0.124s] Level 1:colcon.colcon_core.package_identification:_identify(install) by extension 'ignore'
[0.124s] Level 1:colcon.colcon_core.package_identification:_identify(install) ignored
[0.124s] Level 1:colcon.colcon_core.package_identification:_identify(log) by extensions ['ignore', 'ignore_ament_install']
[0.124s] Level 1:colcon.colcon_core.package_identification:_identify(log) by extension 'ignore'
[0.124s] Level 1:colcon.colcon_core.package_identification:_identify(log) ignored
[0.124s] Level 1:colcon.colcon_core.package_identification:_identify(src) by extensions ['ignore', 'ignore_ament_install']
[0.124s] Level 1:colcon.colcon_core.package_identification:_identify(src) by extension 'ignore'
[0.124s] Level 1:colcon.colcon_core.package_identification:_identify(src) by extension 'ignore_ament_install'
[0.124s] Level 1:colcon.colcon_core.package_identification:_identify(src) by extensions ['colcon_pkg']
[0.125s] Level 1:colcon.colcon_core.package_identification:_identify(src) by extension 'colcon_pkg'
[0.125s] Level 1:colcon.colcon_core.package_identification:_identify(src) by extensions ['colcon_meta']
[0.125s] Level 1:colcon.colcon_core.package_identification:_identify(src) by extension 'colcon_meta'
[0.125s] Level 1:colcon.colcon_core.package_identification:_identify(src) by extensions ['ros']
[0.125s] Level 1:colcon.colcon_core.package_identification:_identify(src) by extension 'ros'
[0.125s] Level 1:colcon.colcon_core.package_identification:_identify(src) by extensions ['cmake', 'python']
[0.125s] Level 1:colcon.colcon_core.package_identification:_identify(src) by extension 'cmake'
[0.125s] Level 1:colcon.colcon_core.package_identification:_identify(src) by extension 'python'
[0.125s] Level 1:colcon.colcon_core.package_identification:_identify(src) by extensions ['python_setup_py']
[0.125s] Level 1:colcon.colcon_core.package_identification:_identify(src) by extension 'python_setup_py'
[0.125s] Level 1:colcon.colcon_core.package_identification:_identify(src/moveit_ur10) by extensions ['ignore', 'ignore_ament_install']
[0.125s] Level 1:colcon.colcon_core.package_identification:_identify(src/moveit_ur10) by extension 'ignore'
[0.125s] Level 1:colcon.colcon_core.package_identification:_identify(src/moveit_ur10) by extension 'ignore_ament_install'
[0.125s] Level 1:colcon.colcon_core.package_identification:_identify(src/moveit_ur10) by extensions ['colcon_pkg']
[0.125s] Level 1:colcon.colcon_core.package_identification:_identify(src/moveit_ur10) by extension 'colcon_pkg'
[0.125s] Level 1:colcon.colcon_core.package_identification:_identify(src/moveit_ur10) by extensions ['colcon_meta']
[0.125s] Level 1:colcon.colcon_core.package_identification:_identify(src/moveit_ur10) by extension 'colcon_meta'
[0.125s] Level 1:colcon.colcon_core.package_identification:_identify(src/moveit_ur10) by extensions ['ros']
[0.125s] Level 1:colcon.colcon_core.package_identification:_identify(src/moveit_ur10) by extension 'ros'
[0.126s] DEBUG:colcon.colcon_core.package_identification:Package 'src/moveit_ur10' with type 'ros.ament_cmake' and name 'moveit_ur10'
[0.126s] Level 1:colcon.colcon_core.package_identification:_identify(src/rebar) by extensions ['ignore', 'ignore_ament_install']
[0.126s] Level 1:colcon.colcon_core.package_identification:_identify(src/rebar) by extension 'ignore'
[0.126s] Level 1:colcon.colcon_core.package_identification:_identify(src/rebar) by extension 'ignore_ament_install'
[0.127s] Level 1:colcon.colcon_core.package_identification:_identify(src/rebar) by extensions ['colcon_pkg']
[0.127s] Level 1:colcon.colcon_core.package_identification:_identify(src/rebar) by extension 'colcon_pkg'
[0.127s] Level 1:colcon.colcon_core.package_identification:_identify(src/rebar) by extensions ['colcon_meta']
[0.127s] Level 1:colcon.colcon_core.package_identification:_identify(src/rebar) by extension 'colcon_meta'
[0.127s] Level 1:colcon.colcon_core.package_identification:_identify(src/rebar) by extensions ['ros']
[0.127s] Level 1:colcon.colcon_core.package_identification:_identify(src/rebar) by extension 'ros'
[0.127s] Level 1:colcon.colcon_core.package_identification:_identify(src/rebar) by extensions ['cmake', 'python']
[0.127s] Level 1:colcon.colcon_core.package_identification:_identify(src/rebar) by extension 'cmake'
[0.127s] Level 1:colcon.colcon_core.package_identification:_identify(src/rebar) by extension 'python'
[0.127s] Level 1:colcon.colcon_core.package_identification:_identify(src/rebar) by extensions ['python_setup_py']
[0.127s] Level 1:colcon.colcon_core.package_identification:_identify(src/rebar) by extension 'python_setup_py'
[0.127s] Level 1:colcon.colcon_core.package_identification:_identify(src/rebar_control) by extensions ['ignore', 'ignore_ament_install']
[0.127s] Level 1:colcon.colcon_core.package_identification:_identify(src/rebar_control) by extension 'ignore'
[0.127s] Level 1:colcon.colcon_core.package_identification:_identify(src/rebar_control) by extension 'ignore_ament_install'
[0.127s] Level 1:colcon.colcon_core.package_identification:_identify(src/rebar_control) by extensions ['colcon_pkg']
[0.127s] Level 1:colcon.colcon_core.package_identification:_identify(src/rebar_control) by extension 'colcon_pkg'
[0.127s] Level 1:colcon.colcon_core.package_identification:_identify(src/rebar_control) by extensions ['colcon_meta']
[0.127s] Level 1:colcon.colcon_core.package_identification:_identify(src/rebar_control) by extension 'colcon_meta'
[0.127s] Level 1:colcon.colcon_core.package_identification:_identify(src/rebar_control) by extensions ['ros']
[0.127s] Level 1:colcon.colcon_core.package_identification:_identify(src/rebar_control) by extension 'ros'
[0.127s] DEBUG:colcon.colcon_core.package_identification:Package 'src/rebar_control' with type 'ros.ament_python' and name 'rebar_control'
[0.127s] Level 1:colcon.colcon_core.package_identification:_identify(src/trac_ik) by extensions ['ignore', 'ignore_ament_install']
[0.127s] Level 1:colcon.colcon_core.package_identification:_identify(src/trac_ik) by extension 'ignore'
[0.127s] Level 1:colcon.colcon_core.package_identification:_identify(src/trac_ik) by extension 'ignore_ament_install'
[0.127s] Level 1:colcon.colcon_core.package_identification:_identify(src/trac_ik) by extensions ['colcon_pkg']
[0.127s] Level 1:colcon.colcon_core.package_identification:_identify(src/trac_ik) by extension 'colcon_pkg'
[0.127s] Level 1:colcon.colcon_core.package_identification:_identify(src/trac_ik) by extensions ['colcon_meta']
[0.127s] Level 1:colcon.colcon_core.package_identification:_identify(src/trac_ik) by extension 'colcon_meta'
[0.127s] Level 1:colcon.colcon_core.package_identification:_identify(src/trac_ik) by extensions ['ros']
[0.127s] Level 1:colcon.colcon_core.package_identification:_identify(src/trac_ik) by extension 'ros'
[0.127s] Level 1:colcon.colcon_core.package_identification:_identify(src/trac_ik) by extensions ['cmake', 'python']
[0.127s] Level 1:colcon.colcon_core.package_identification:_identify(src/trac_ik) by extension 'cmake'
[0.127s] Level 1:colcon.colcon_core.package_identification:_identify(src/trac_ik) by extension 'python'
[0.127s] Level 1:colcon.colcon_core.package_identification:_identify(src/trac_ik) by extensions ['python_setup_py']
[0.127s] Level 1:colcon.colcon_core.package_identification:_identify(src/trac_ik) by extension 'python_setup_py'
[0.127s] Level 1:colcon.colcon_core.package_identification:_identify(src/trac_ik/trac_ik) by extensions ['ignore', 'ignore_ament_install']
[0.128s] Level 1:colcon.colcon_core.package_identification:_identify(src/trac_ik/trac_ik) by extension 'ignore'
[0.128s] Level 1:colcon.colcon_core.package_identification:_identify(src/trac_ik/trac_ik) by extension 'ignore_ament_install'
[0.128s] Level 1:colcon.colcon_core.package_identification:_identify(src/trac_ik/trac_ik) by extensions ['colcon_pkg']
[0.128s] Level 1:colcon.colcon_core.package_identification:_identify(src/trac_ik/trac_ik) by extension 'colcon_pkg'
[0.128s] Level 1:colcon.colcon_core.package_identification:_identify(src/trac_ik/trac_ik) by extensions ['colcon_meta']
[0.128s] Level 1:colcon.colcon_core.package_identification:_identify(src/trac_ik/trac_ik) by extension 'colcon_meta'
[0.128s] Level 1:colcon.colcon_core.package_identification:_identify(src/trac_ik/trac_ik) by extensions ['ros']
[0.128s] Level 1:colcon.colcon_core.package_identification:_identify(src/trac_ik/trac_ik) by extension 'ros'
[0.128s] DEBUG:colcon.colcon_core.package_identification:Package 'src/trac_ik/trac_ik' with type 'ros.ament_cmake' and name 'trac_ik'
[0.128s] Level 1:colcon.colcon_core.package_identification:_identify(src/trac_ik/trac_ik_examples) by extensions ['ignore', 'ignore_ament_install']
[0.128s] Level 1:colcon.colcon_core.package_identification:_identify(src/trac_ik/trac_ik_examples) by extension 'ignore'
[0.128s] Level 1:colcon.colcon_core.package_identification:_identify(src/trac_ik/trac_ik_examples) ignored
[0.128s] Level 1:colcon.colcon_core.package_identification:_identify(src/trac_ik/trac_ik_kinematics_plugin) by extensions ['ignore', 'ignore_ament_install']
[0.128s] Level 1:colcon.colcon_core.package_identification:_identify(src/trac_ik/trac_ik_kinematics_plugin) by extension 'ignore'
[0.128s] Level 1:colcon.colcon_core.package_identification:_identify(src/trac_ik/trac_ik_kinematics_plugin) by extension 'ignore_ament_install'
[0.128s] Level 1:colcon.colcon_core.package_identification:_identify(src/trac_ik/trac_ik_kinematics_plugin) by extensions ['colcon_pkg']
[0.128s] Level 1:colcon.colcon_core.package_identification:_identify(src/trac_ik/trac_ik_kinematics_plugin) by extension 'colcon_pkg'
[0.128s] Level 1:colcon.colcon_core.package_identification:_identify(src/trac_ik/trac_ik_kinematics_plugin) by extensions ['colcon_meta']
[0.128s] Level 1:colcon.colcon_core.package_identification:_identify(src/trac_ik/trac_ik_kinematics_plugin) by extension 'colcon_meta'
[0.128s] Level 1:colcon.colcon_core.package_identification:_identify(src/trac_ik/trac_ik_kinematics_plugin) by extensions ['ros']
[0.128s] Level 1:colcon.colcon_core.package_identification:_identify(src/trac_ik/trac_ik_kinematics_plugin) by extension 'ros'
[0.128s] DEBUG:colcon.colcon_core.package_identification:Package 'src/trac_ik/trac_ik_kinematics_plugin' with type 'ros.ament_cmake' and name 'trac_ik_kinematics_plugin'
[0.129s] Level 1:colcon.colcon_core.package_identification:_identify(src/trac_ik/trac_ik_lib) by extensions ['ignore', 'ignore_ament_install']
[0.129s] Level 1:colcon.colcon_core.package_identification:_identify(src/trac_ik/trac_ik_lib) by extension 'ignore'
[0.129s] Level 1:colcon.colcon_core.package_identification:_identify(src/trac_ik/trac_ik_lib) by extension 'ignore_ament_install'
[0.129s] Level 1:colcon.colcon_core.package_identification:_identify(src/trac_ik/trac_ik_lib) by extensions ['colcon_pkg']
[0.129s] Level 1:colcon.colcon_core.package_identification:_identify(src/trac_ik/trac_ik_lib) by extension 'colcon_pkg'
[0.129s] Level 1:colcon.colcon_core.package_identification:_identify(src/trac_ik/trac_ik_lib) by extensions ['colcon_meta']
[0.129s] Level 1:colcon.colcon_core.package_identification:_identify(src/trac_ik/trac_ik_lib) by extension 'colcon_meta'
[0.129s] Level 1:colcon.colcon_core.package_identification:_identify(src/trac_ik/trac_ik_lib) by extensions ['ros']
[0.129s] Level 1:colcon.colcon_core.package_identification:_identify(src/trac_ik/trac_ik_lib) by extension 'ros'
[0.134s] DEBUG:colcon.colcon_core.package_identification:Package 'src/trac_ik/trac_ik_lib' with type 'ros.ament_cmake' and name 'trac_ik_lib'
[0.135s] Level 1:colcon.colcon_core.package_identification:_identify(src/trac_ik/trac_ik_python) by extensions ['ignore', 'ignore_ament_install']
[0.135s] Level 1:colcon.colcon_core.package_identification:_identify(src/trac_ik/trac_ik_python) by extension 'ignore'
[0.135s] Level 1:colcon.colcon_core.package_identification:_identify(src/trac_ik/trac_ik_python) ignored
[0.135s] Level 1:colcon.colcon_core.package_identification:_identify(src/ur10e_description) by extensions ['ignore', 'ignore_ament_install']
[0.135s] Level 1:colcon.colcon_core.package_identification:_identify(src/ur10e_description) by extension 'ignore'
[0.135s] Level 1:colcon.colcon_core.package_identification:_identify(src/ur10e_description) by extension 'ignore_ament_install'
[0.135s] Level 1:colcon.colcon_core.package_identification:_identify(src/ur10e_description) by extensions ['colcon_pkg']
[0.135s] Level 1:colcon.colcon_core.package_identification:_identify(src/ur10e_description) by extension 'colcon_pkg'
[0.135s] Level 1:colcon.colcon_core.package_identification:_identify(src/ur10e_description) by extensions ['colcon_meta']
[0.135s] Level 1:colcon.colcon_core.package_identification:_identify(src/ur10e_description) by extension 'colcon_meta'
[0.135s] Level 1:colcon.colcon_core.package_identification:_identify(src/ur10e_description) by extensions ['ros']
[0.135s] Level 1:colcon.colcon_core.package_identification:_identify(src/ur10e_description) by extension 'ros'
[0.135s] DEBUG:colcon.colcon_core.package_identification:Package 'src/ur10e_description' with type 'ros.ament_cmake' and name 'ur10e_description'
[0.135s] Level 1:colcon.colcon_core.package_discovery:discover_packages(recursive) using defaults
[0.135s] Level 1:colcon.colcon_core.package_discovery:discover_packages(ignore) discover
[0.135s] Level 1:colcon.colcon_core.package_discovery:discover_packages(ignore) using defaults
[0.135s] Level 1:colcon.colcon_core.package_discovery:discover_packages(path) discover
[0.135s] Level 1:colcon.colcon_core.package_discovery:discover_packages(path) using defaults
[0.144s] INFO:colcon.colcon_core.package_selection:Skipping not selected package 'rebar_control' in 'src/rebar_control'
[0.144s] INFO:colcon.colcon_core.package_selection:Skipping not selected package 'trac_ik_lib' in 'src/trac_ik/trac_ik_lib'
[0.144s] INFO:colcon.colcon_core.package_selection:Skipping not selected package 'ur10e_description' in 'src/ur10e_description'
[0.144s] INFO:colcon.colcon_core.package_selection:Skipping not selected package 'moveit_ur10' in 'src/moveit_ur10'
[0.144s] INFO:colcon.colcon_core.package_selection:Skipping not selected package 'trac_ik' in 'src/trac_ik/trac_ik'
[0.145s] Level 1:colcon.colcon_core.package_discovery:discover_packages(prefix_path) check parameters
[0.145s] Level 1:colcon.colcon_core.package_discovery:discover_packages(prefix_path) discover
[0.146s] WARNING:colcon.colcon_ros.prefix_path.ament:The path '/home/robotics/ws_moveit2/install/pilz_industrial_motion_planner_testutils' in the environment variable AMENT_PREFIX_PATH doesn't exist
[0.146s] WARNING:colcon.colcon_ros.prefix_path.ament:The path '/home/robotics/ws_moveit2/install/moveit_runtime' in the environment variable AMENT_PREFIX_PATH doesn't exist
[0.146s] WARNING:colcon.colcon_ros.prefix_path.ament:The path '/home/robotics/ws_moveit2/install/moveit' in the environment variable AMENT_PREFIX_PATH doesn't exist
[0.146s] WARNING:colcon.colcon_ros.prefix_path.ament:The path '/home/robotics/ws_moveit2/install/moveit_planners' in the environment variable AMENT_PREFIX_PATH doesn't exist
[0.146s] WARNING:colcon.colcon_ros.prefix_path.ament:The path '/home/robotics/ws_moveit2/install/pilz_industrial_motion_planner' in the environment variable AMENT_PREFIX_PATH doesn't exist
[0.146s] WARNING:colcon.colcon_ros.prefix_path.ament:The path '/home/robotics/ws_moveit2/install/moveit_ros_control_interface' in the environment variable AMENT_PREFIX_PATH doesn't exist
[0.146s] WARNING:colcon.colcon_ros.prefix_path.ament:The path '/home/robotics/ws_moveit2/install/moveit_plugins' in the environment variable AMENT_PREFIX_PATH doesn't exist
[0.146s] WARNING:colcon.colcon_ros.prefix_path.ament:The path '/home/robotics/ws_moveit2/install/moveit_simple_controller_manager' in the environment variable AMENT_PREFIX_PATH doesn't exist
[0.146s] WARNING:colcon.colcon_ros.prefix_path.ament:The path '/home/robotics/ws_moveit2/install/moveit_setup_assistant' in the environment variable AMENT_PREFIX_PATH doesn't exist
[0.146s] WARNING:colcon.colcon_ros.prefix_path.ament:The path '/home/robotics/ws_moveit2/install/moveit_setup_srdf_plugins' in the environment variable AMENT_PREFIX_PATH doesn't exist
[0.146s] WARNING:colcon.colcon_ros.prefix_path.ament:The path '/home/robotics/ws_moveit2/install/moveit_setup_core_plugins' in the environment variable AMENT_PREFIX_PATH doesn't exist
[0.146s] WARNING:colcon.colcon_ros.prefix_path.ament:The path '/home/robotics/ws_moveit2/install/moveit_setup_controllers' in the environment variable AMENT_PREFIX_PATH doesn't exist
[0.146s] WARNING:colcon.colcon_ros.prefix_path.ament:The path '/home/robotics/ws_moveit2/install/moveit_setup_app_plugins' in the environment variable AMENT_PREFIX_PATH doesn't exist
[0.146s] WARNING:colcon.colcon_ros.prefix_path.ament:The path '/home/robotics/ws_moveit2/install/moveit_setup_framework' in the environment variable AMENT_PREFIX_PATH doesn't exist
[0.146s] WARNING:colcon.colcon_ros.prefix_path.ament:The path '/home/robotics/ws_moveit2/install/moveit_servo' in the environment variable AMENT_PREFIX_PATH doesn't exist
[0.146s] WARNING:colcon.colcon_ros.prefix_path.ament:The path '/home/robotics/ws_moveit2/install/moveit_ros' in the environment variable AMENT_PREFIX_PATH doesn't exist
[0.146s] WARNING:colcon.colcon_ros.prefix_path.ament:The path '/home/robotics/ws_moveit2/install/moveit_ros_visualization' in the environment variable AMENT_PREFIX_PATH doesn't exist
[0.146s] WARNING:colcon.colcon_ros.prefix_path.ament:The path '/home/robotics/ws_moveit2/install/moveit_py' in the environment variable AMENT_PREFIX_PATH doesn't exist
[0.146s] WARNING:colcon.colcon_ros.prefix_path.ament:The path '/home/robotics/ws_moveit2/install/moveit_hybrid_planning' in the environment variable AMENT_PREFIX_PATH doesn't exist
[0.146s] WARNING:colcon.colcon_ros.prefix_path.ament:The path '/home/robotics/ws_moveit2/install/moveit_ros_planning_interface' in the environment variable AMENT_PREFIX_PATH doesn't exist
[0.146s] WARNING:colcon.colcon_ros.prefix_path.ament:The path '/home/robotics/ws_moveit2/install/moveit_ros_benchmarks' in the environment variable AMENT_PREFIX_PATH doesn't exist
[0.146s] WARNING:colcon.colcon_ros.prefix_path.ament:The path '/home/robotics/ws_moveit2/install/moveit_ros_warehouse' in the environment variable AMENT_PREFIX_PATH doesn't exist
[0.146s] WARNING:colcon.colcon_ros.prefix_path.ament:The path '/home/robotics/ws_moveit2/install/moveit_ros_robot_interaction' in the environment variable AMENT_PREFIX_PATH doesn't exist
[0.146s] WARNING:colcon.colcon_ros.prefix_path.ament:The path '/home/robotics/ws_moveit2/install/moveit_ros_perception' in the environment variable AMENT_PREFIX_PATH doesn't exist
[0.146s] WARNING:colcon.colcon_ros.prefix_path.ament:The path '/home/robotics/ws_moveit2/install/moveit_resources_prbt_pg70_support' in the environment variable AMENT_PREFIX_PATH doesn't exist
[0.146s] WARNING:colcon.colcon_ros.prefix_path.ament:The path '/home/robotics/ws_moveit2/install/moveit_resources_prbt_moveit_config' in the environment variable AMENT_PREFIX_PATH doesn't exist
[0.146s] WARNING:colcon.colcon_ros.prefix_path.ament:The path '/home/robotics/ws_moveit2/install/moveit_ros_move_group' in the environment variable AMENT_PREFIX_PATH doesn't exist
[0.146s] WARNING:colcon.colcon_ros.prefix_path.ament:The path '/home/robotics/ws_moveit2/install/moveit_planners_ompl' in the environment variable AMENT_PREFIX_PATH doesn't exist
[0.146s] WARNING:colcon.colcon_ros.prefix_path.ament:The path '/home/robotics/ws_moveit2/install/moveit_ros_planning' in the environment variable AMENT_PREFIX_PATH doesn't exist
[0.146s] WARNING:colcon.colcon_ros.prefix_path.ament:The path '/home/robotics/ws_moveit2/install/moveit_ros_occupancy_map_monitor' in the environment variable AMENT_PREFIX_PATH doesn't exist
[0.146s] WARNING:colcon.colcon_ros.prefix_path.ament:The path '/home/robotics/ws_moveit2/install/moveit_resources_prbt_ikfast_manipulator_plugin' in the environment variable AMENT_PREFIX_PATH doesn't exist
[0.146s] WARNING:colcon.colcon_ros.prefix_path.ament:The path '/home/robotics/ws_moveit2/install/moveit_planners_chomp' in the environment variable AMENT_PREFIX_PATH doesn't exist
[0.146s] WARNING:colcon.colcon_ros.prefix_path.ament:The path '/home/robotics/ws_moveit2/install/moveit_kinematics' in the environment variable AMENT_PREFIX_PATH doesn't exist
[0.146s] WARNING:colcon.colcon_ros.prefix_path.ament:The path '/home/robotics/ws_moveit2/install/moveit_chomp_optimizer_adapter' in the environment variable AMENT_PREFIX_PATH doesn't exist
[0.146s] WARNING:colcon.colcon_ros.prefix_path.ament:The path '/home/robotics/ws_moveit2/install/chomp_motion_planner' in the environment variable AMENT_PREFIX_PATH doesn't exist
[0.146s] WARNING:colcon.colcon_ros.prefix_path.catkin:The path '/home/robotics/ws_moveit2/install/pilz_industrial_motion_planner_testutils' in the environment variable CMAKE_PREFIX_PATH doesn't exist
[0.146s] WARNING:colcon.colcon_ros.prefix_path.catkin:The path '/home/robotics/ws_moveit2/install/moveit_runtime' in the environment variable CMAKE_PREFIX_PATH doesn't exist
[0.146s] WARNING:colcon.colcon_ros.prefix_path.catkin:The path '/home/robotics/ws_moveit2/install/moveit' in the environment variable CMAKE_PREFIX_PATH doesn't exist
[0.146s] WARNING:colcon.colcon_ros.prefix_path.catkin:The path '/home/robotics/ws_moveit2/install/moveit_planners' in the environment variable CMAKE_PREFIX_PATH doesn't exist
[0.146s] WARNING:colcon.colcon_ros.prefix_path.catkin:The path '/home/robotics/ws_moveit2/install/pilz_industrial_motion_planner' in the environment variable CMAKE_PREFIX_PATH doesn't exist
[0.146s] WARNING:colcon.colcon_ros.prefix_path.catkin:The path '/home/robotics/ws_moveit2/install/moveit_ros_control_interface' in the environment variable CMAKE_PREFIX_PATH doesn't exist
[0.146s] WARNING:colcon.colcon_ros.prefix_path.catkin:The path '/home/robotics/ws_moveit2/install/moveit_plugins' in the environment variable CMAKE_PREFIX_PATH doesn't exist
[0.146s] WARNING:colcon.colcon_ros.prefix_path.catkin:The path '/home/robotics/ws_moveit2/install/moveit_simple_controller_manager' in the environment variable CMAKE_PREFIX_PATH doesn't exist
[0.146s] WARNING:colcon.colcon_ros.prefix_path.catkin:The path '/home/robotics/ws_moveit2/install/moveit_setup_assistant' in the environment variable CMAKE_PREFIX_PATH doesn't exist
[0.146s] WARNING:colcon.colcon_ros.prefix_path.catkin:The path '/home/robotics/ws_moveit2/install/moveit_setup_srdf_plugins' in the environment variable CMAKE_PREFIX_PATH doesn't exist
[0.146s] WARNING:colcon.colcon_ros.prefix_path.catkin:The path '/home/robotics/ws_moveit2/install/moveit_setup_core_plugins' in the environment variable CMAKE_PREFIX_PATH doesn't exist
[0.146s] WARNING:colcon.colcon_ros.prefix_path.catkin:The path '/home/robotics/ws_moveit2/install/moveit_setup_controllers' in the environment variable CMAKE_PREFIX_PATH doesn't exist
[0.146s] WARNING:colcon.colcon_ros.prefix_path.catkin:The path '/home/robotics/ws_moveit2/install/moveit_setup_app_plugins' in the environment variable CMAKE_PREFIX_PATH doesn't exist
[0.146s] WARNING:colcon.colcon_ros.prefix_path.catkin:The path '/home/robotics/ws_moveit2/install/moveit_setup_framework' in the environment variable CMAKE_PREFIX_PATH doesn't exist
[0.146s] WARNING:colcon.colcon_ros.prefix_path.catkin:The path '/home/robotics/ws_moveit2/install/moveit_servo' in the environment variable CMAKE_PREFIX_PATH doesn't exist
[0.146s] WARNING:colcon.colcon_ros.prefix_path.catkin:The path '/home/robotics/ws_moveit2/install/moveit_ros' in the environment variable CMAKE_PREFIX_PATH doesn't exist
[0.146s] WARNING:colcon.colcon_ros.prefix_path.catkin:The path '/home/robotics/ws_moveit2/install/moveit_ros_visualization' in the environment variable CMAKE_PREFIX_PATH doesn't exist
[0.147s] WARNING:colcon.colcon_ros.prefix_path.catkin:The path '/home/robotics/ws_moveit2/install/moveit_py' in the environment variable CMAKE_PREFIX_PATH doesn't exist
[0.147s] WARNING:colcon.colcon_ros.prefix_path.catkin:The path '/home/robotics/ws_moveit2/install/moveit_hybrid_planning' in the environment variable CMAKE_PREFIX_PATH doesn't exist
[0.147s] WARNING:colcon.colcon_ros.prefix_path.catkin:The path '/home/robotics/ws_moveit2/install/moveit_ros_planning_interface' in the environment variable CMAKE_PREFIX_PATH doesn't exist
[0.147s] WARNING:colcon.colcon_ros.prefix_path.catkin:The path '/home/robotics/ws_moveit2/install/moveit_ros_benchmarks' in the environment variable CMAKE_PREFIX_PATH doesn't exist
[0.147s] WARNING:colcon.colcon_ros.prefix_path.catkin:The path '/home/robotics/ws_moveit2/install/moveit_ros_warehouse' in the environment variable CMAKE_PREFIX_PATH doesn't exist
[0.147s] WARNING:colcon.colcon_ros.prefix_path.catkin:The path '/home/robotics/ws_moveit2/install/moveit_ros_robot_interaction' in the environment variable CMAKE_PREFIX_PATH doesn't exist
[0.147s] WARNING:colcon.colcon_ros.prefix_path.catkin:The path '/home/robotics/ws_moveit2/install/moveit_ros_perception' in the environment variable CMAKE_PREFIX_PATH doesn't exist
[0.147s] WARNING:colcon.colcon_ros.prefix_path.catkin:The path '/home/robotics/ws_moveit2/install/moveit_resources_prbt_pg70_support' in the environment variable CMAKE_PREFIX_PATH doesn't exist
[0.147s] WARNING:colcon.colcon_ros.prefix_path.catkin:The path '/home/robotics/ws_moveit2/install/moveit_resources_prbt_moveit_config' in the environment variable CMAKE_PREFIX_PATH doesn't exist
[0.147s] WARNING:colcon.colcon_ros.prefix_path.catkin:The path '/home/robotics/ws_moveit2/install/moveit_ros_move_group' in the environment variable CMAKE_PREFIX_PATH doesn't exist
[0.147s] WARNING:colcon.colcon_ros.prefix_path.catkin:The path '/home/robotics/ws_moveit2/install/moveit_planners_ompl' in the environment variable CMAKE_PREFIX_PATH doesn't exist
[0.147s] WARNING:colcon.colcon_ros.prefix_path.catkin:The path '/home/robotics/ws_moveit2/install/moveit_ros_planning' in the environment variable CMAKE_PREFIX_PATH doesn't exist
[0.147s] WARNING:colcon.colcon_ros.prefix_path.catkin:The path '/home/robotics/ws_moveit2/install/moveit_ros_occupancy_map_monitor' in the environment variable CMAKE_PREFIX_PATH doesn't exist
[0.147s] WARNING:colcon.colcon_ros.prefix_path.catkin:The path '/home/robotics/ws_moveit2/install/moveit_resources_prbt_ikfast_manipulator_plugin' in the environment variable CMAKE_PREFIX_PATH doesn't exist
[0.147s] WARNING:colcon.colcon_ros.prefix_path.catkin:The path '/home/robotics/ws_moveit2/install/moveit_planners_chomp' in the environment variable CMAKE_PREFIX_PATH doesn't exist
[0.147s] WARNING:colcon.colcon_ros.prefix_path.catkin:The path '/home/robotics/ws_moveit2/install/moveit_kinematics' in the environment variable CMAKE_PREFIX_PATH doesn't exist
[0.147s] WARNING:colcon.colcon_ros.prefix_path.catkin:The path '/home/robotics/ws_moveit2/install/moveit_chomp_optimizer_adapter' in the environment variable CMAKE_PREFIX_PATH doesn't exist
[0.147s] WARNING:colcon.colcon_ros.prefix_path.catkin:The path '/home/robotics/ws_moveit2/install/chomp_motion_planner' in the environment variable CMAKE_PREFIX_PATH doesn't exist
[0.147s] DEBUG:colcon.colcon_installed_package_information.package_discovery:Found 6 installed packages in /home/robotics/robo_ws/install
[0.148s] DEBUG:colcon.colcon_installed_package_information.package_discovery:Found 39 installed packages in /home/robotics/moveit_ws/install
[0.148s] DEBUG:colcon.colcon_installed_package_information.package_discovery:Found 2 installed packages in /home/robotics/ros2_ws/install
[0.148s] DEBUG:colcon.colcon_installed_package_information.package_discovery:Found 6 installed packages in /home/robotics/ws_moveit2/install
[0.149s] DEBUG:colcon.colcon_installed_package_information.package_discovery:Found 379 installed packages in /opt/ros/humble
[0.150s] Level 1:colcon.colcon_core.package_discovery:discover_packages(prefix_path) using defaults
[0.169s] WARNING:colcon.colcon_core.package_selection:Some selected packages are already built in one or more underlay workspaces:
	'trac_ik_kinematics_plugin' is in: /home/robotics/ws_moveit2/install/trac_ik_kinematics_plugin, /home/robotics/robo_ws/install/trac_ik_kinematics_plugin
If a package in a merged underlay workspace is overridden and it installs headers, then all packages in the overlay must sort their include directories by workspace order. Failure to do so may result in build failures or undefined behavior at run time.
If the overridden package is used by another package in any underlay, then the overriding package in the overlay must be API and ABI compatible or undefined behavior at run time may occur.

If you understand the risks and want to override a package anyways, add the following to the command line:
	--allow-overriding trac_ik_kinematics_plugin

This may be promoted to an error in a future release of colcon-override-check.
[0.170s] Level 5:colcon.colcon_core.verb:set package 'trac_ik_kinematics_plugin' build argument 'cmake_args' from command line to 'None'
[0.170s] Level 5:colcon.colcon_core.verb:set package 'trac_ik_kinematics_plugin' build argument 'cmake_target' from command line to 'None'
[0.170s] Level 5:colcon.colcon_core.verb:set package 'trac_ik_kinematics_plugin' build argument 'cmake_target_skip_unavailable' from command line to 'False'
[0.170s] Level 5:colcon.colcon_core.verb:set package 'trac_ik_kinematics_plugin' build argument 'cmake_clean_cache' from command line to 'False'
[0.170s] Level 5:colcon.colcon_core.verb:set package 'trac_ik_kinematics_plugin' build argument 'cmake_clean_first' from command line to 'False'
[0.170s] Level 5:colcon.colcon_core.verb:set package 'trac_ik_kinematics_plugin' build argument 'cmake_force_configure' from command line to 'False'
[0.170s] Level 5:colcon.colcon_core.verb:set package 'trac_ik_kinematics_plugin' build argument 'ament_cmake_args' from command line to 'None'
[0.170s] Level 5:colcon.colcon_core.verb:set package 'trac_ik_kinematics_plugin' build argument 'catkin_cmake_args' from command line to 'None'
[0.170s] Level 5:colcon.colcon_core.verb:set package 'trac_ik_kinematics_plugin' build argument 'catkin_skip_building_tests' from command line to 'False'
[0.170s] DEBUG:colcon.colcon_core.verb:Building package 'trac_ik_kinematics_plugin' with the following arguments: {'ament_cmake_args': None, 'build_base': '/home/robotics/robo_ws/build/trac_ik_kinematics_plugin', 'catkin_cmake_args': None, 'catkin_skip_building_tests': False, 'cmake_args': None, 'cmake_clean_cache': False, 'cmake_clean_first': False, 'cmake_force_configure': False, 'cmake_target': None, 'cmake_target_skip_unavailable': False, 'install_base': '/home/robotics/robo_ws/install/trac_ik_kinematics_plugin', 'merge_install': False, 'path': '/home/robotics/robo_ws/src/trac_ik/trac_ik_kinematics_plugin', 'symlink_install': False, 'test_result_base': None}
[0.170s] INFO:colcon.colcon_core.executor:Executing jobs using 'parallel' executor
[0.171s] DEBUG:colcon.colcon_parallel_executor.executor.parallel:run_until_complete
[0.171s] INFO:colcon.colcon_ros.task.ament_cmake.build:Building ROS package in '/home/robotics/robo_ws/src/trac_ik/trac_ik_kinematics_plugin' with build type 'ament_cmake'
[0.171s] INFO:colcon.colcon_cmake.task.cmake.build:Building CMake package in '/home/robotics/robo_ws/src/trac_ik/trac_ik_kinematics_plugin'
[0.172s] INFO:colcon.colcon_core.plugin_system:Skipping extension 'colcon_core.shell.bat': Not used on non-Windows systems
[0.172s] INFO:colcon.colcon_core.shell:Skip shell extension 'powershell' for command environment: Not usable outside of PowerShell
[0.172s] DEBUG:colcon.colcon_core.shell:Skip shell extension 'dsv' for command environment
[0.182s] DEBUG:colcon.colcon_core.event_handler.log_command:Invoking command in '/home/robotics/robo_ws/build/trac_ik_kinematics_plugin': CMAKE_PREFIX_PATH=/home/robotics/robo_ws/install/trac_ik_lib:/home/robotics/robo_ws/install/trac_ik:/home/robotics/robo_ws/install/trac_ik_kinematics_plugin:/home/robotics/ws_moveit2/install/trac_ik_lib:/home/robotics/moveit_ws/install/pilz_industrial_motion_planner_testutils:/home/robotics/moveit_ws/install/moveit_runtime:/home/robotics/moveit_ws/install/moveit:/home/robotics/moveit_ws/install/moveit_planners:/home/robotics/moveit_ws/install/pilz_industrial_motion_planner:/home/robotics/moveit_ws/install/moveit_ros_control_interface:/home/robotics/moveit_ws/install/moveit_plugins:/home/robotics/moveit_ws/install/moveit_simple_controller_manager:/home/robotics/moveit_ws/install/moveit_setup_assistant:/home/robotics/moveit_ws/install/moveit_setup_srdf_plugins:/home/robotics/moveit_ws/install/moveit_setup_core_plugins:/home/robotics/moveit_ws/install/moveit_setup_controllers:/home/robotics/moveit_ws/install/moveit_setup_app_plugins:/home/robotics/moveit_ws/install/moveit_setup_framework:/home/robotics/moveit_ws/install/moveit_servo:/home/robotics/moveit_ws/install/moveit_ros:/home/robotics/moveit_ws/install/moveit_ros_visualization:/home/robotics/moveit_ws/install/moveit_py:/home/robotics/moveit_ws/install/moveit_hybrid_planning:/home/robotics/moveit_ws/install/moveit_ros_planning_interface:/home/robotics/moveit_ws/install/moveit_ros_benchmarks:/home/robotics/moveit_ws/install/moveit_ros_warehouse:/home/robotics/moveit_ws/install/moveit_ros_robot_interaction:/home/robotics/moveit_ws/install/moveit_ros_perception:/home/robotics/moveit_ws/install/moveit_resources_prbt_pg70_support:/home/robotics/moveit_ws/install/moveit_resources_prbt_moveit_config:/home/robotics/moveit_ws/install/moveit_ros_move_group:/home/robotics/moveit_ws/install/moveit_planners_ompl:/home/robotics/moveit_ws/install/moveit_ros_planning:/home/robotics/moveit_ws/install/moveit_ros_occupancy_map_monitor:/home/robotics/moveit_ws/install/moveit_resources_prbt_support:/home/robotics/moveit_ws/install/moveit_resources_prbt_ikfast_manipulator_plugin:/home/robotics/moveit_ws/install/moveit_planners_chomp:/home/robotics/moveit_ws/install/moveit_kinematics:/home/robotics/moveit_ws/install/moveit_chomp_optimizer_adapter:/home/robotics/moveit_ws/install/chomp_motion_planner:/home/robotics/moveit_ws/install/moveit_core:/home/robotics/moveit_ws/install/moveit_common:/home/robotics/robo_ws/install/moveit_ur10:/home/robotics/robo_ws/install/ur10e_description:/home/robotics/ws_moveit2/install/pilz_industrial_motion_planner_testutils:/home/robotics/ws_moveit2/install/moveit_runtime:/home/robotics/ws_moveit2/install/moveit:/home/robotics/ws_moveit2/install/moveit_planners:/home/robotics/ws_moveit2/install/pilz_industrial_motion_planner:/home/robotics/ws_moveit2/install/moveit_ros_control_interface:/home/robotics/ws_moveit2/install/moveit_plugins:/home/robotics/ws_moveit2/install/moveit_simple_controller_manager:/home/robotics/ws_moveit2/install/moveit_setup_assistant:/home/robotics/ws_moveit2/install/moveit_setup_srdf_plugins:/home/robotics/ws_moveit2/install/moveit_setup_core_plugins:/home/robotics/ws_moveit2/install/moveit_setup_controllers:/home/robotics/ws_moveit2/install/moveit_setup_app_plugins:/home/robotics/ws_moveit2/install/moveit_setup_framework:/home/robotics/ws_moveit2/install/moveit_servo:/home/robotics/ws_moveit2/install/moveit_ros:/home/robotics/ws_moveit2/install/moveit_ros_visualization:/home/robotics/ws_moveit2/install/moveit_py:/home/robotics/ws_moveit2/install/moveit_hybrid_planning:/home/robotics/ws_moveit2/install/moveit_ros_planning_interface:/home/robotics/ws_moveit2/install/moveit_ros_benchmarks:/home/robotics/ws_moveit2/install/moveit_ros_warehouse:/home/robotics/ws_moveit2/install/moveit_ros_robot_interaction:/home/robotics/ws_moveit2/install/moveit_ros_perception:/home/robotics/ws_moveit2/install/moveit_resources_prbt_pg70_support:/home/robotics/ws_moveit2/install/moveit_resources_prbt_moveit_config:/home/robotics/ws_moveit2/install/moveit_ros_move_group:/home/robotics/ws_moveit2/install/moveit_planners_ompl:/home/robotics/ws_moveit2/install/moveit_ros_planning:/home/robotics/ws_moveit2/install/moveit_ros_occupancy_map_monitor:/home/robotics/ws_moveit2/install/moveit_resources_prbt_support:/home/robotics/ws_moveit2/install/moveit_resources_prbt_ikfast_manipulator_plugin:/home/robotics/ws_moveit2/install/moveit_planners_chomp:/home/robotics/ws_moveit2/install/moveit_kinematics:/home/robotics/ws_moveit2/install/moveit_chomp_optimizer_adapter:/home/robotics/ws_moveit2/install/chomp_motion_planner:/home/robotics/ws_moveit2/install/moveit_core:/home/robotics/ws_moveit2/install/moveit_common:/home/robotics/moveit_ws/install/moveit_configs_utils:/home/robotics/robo_ws/install/rebar_control:/home/robotics/ros2_ws/install/rebar_control:/home/robotics/ws_moveit2/install/moveit_configs_utils:/opt/ros/humble LD_LIBRARY_PATH=/home/robotics/robo_ws/install/trac_ik_lib/lib:/home/robotics/robo_ws/install/trac_ik_kinematics_plugin/lib:/home/robotics/ws_moveit2/install/trac_ik_lib/lib:/home/robotics/moveit_ws/install/pilz_industrial_motion_planner_testutils/lib:/home/robotics/moveit_ws/install/pilz_industrial_motion_planner/lib:/home/robotics/moveit_ws/install/moveit_ros_control_interface/lib:/home/robotics/moveit_ws/install/moveit_simple_controller_manager/lib:/home/robotics/moveit_ws/install/moveit_setup_assistant/lib:/home/robotics/moveit_ws/install/moveit_setup_srdf_plugins/lib:/home/robotics/moveit_ws/install/moveit_setup_core_plugins/lib:/home/robotics/moveit_ws/install/moveit_setup_controllers/lib:/home/robotics/moveit_ws/install/moveit_setup_app_plugins/lib:/home/robotics/moveit_ws/install/moveit_setup_framework/lib:/home/robotics/moveit_ws/install/moveit_servo/lib:/home/robotics/moveit_ws/install/moveit_ros_visualization/lib:/home/robotics/moveit_ws/install/moveit_py/lib:/home/robotics/moveit_ws/install/moveit_hybrid_planning/lib:/home/robotics/moveit_ws/install/moveit_ros_planning_interface/lib:/home/robotics/moveit_ws/install/moveit_ros_benchmarks/lib:/home/robotics/moveit_ws/install/moveit_ros_warehouse/lib:/home/robotics/moveit_ws/install/moveit_ros_robot_interaction/lib:/home/robotics/moveit_ws/install/moveit_ros_perception/lib:/home/robotics/moveit_ws/install/moveit_ros_move_group/lib:/home/robotics/moveit_ws/install/moveit_planners_ompl/lib:/home/robotics/moveit_ws/install/moveit_ros_planning/lib:/home/robotics/moveit_ws/install/moveit_ros_occupancy_map_monitor/lib:/home/robotics/moveit_ws/install/moveit_resources_prbt_ikfast_manipulator_plugin/lib:/home/robotics/moveit_ws/install/moveit_planners_chomp/lib:/home/robotics/moveit_ws/install/moveit_kinematics/lib:/home/robotics/moveit_ws/install/moveit_chomp_optimizer_adapter/lib:/home/robotics/moveit_ws/install/chomp_motion_planner/lib:/home/robotics/moveit_ws/install/moveit_core/lib:/home/robotics/ws_moveit2/install/pilz_industrial_motion_planner_testutils/lib:/home/robotics/ws_moveit2/install/pilz_industrial_motion_planner/lib:/home/robotics/ws_moveit2/install/moveit_ros_control_interface/lib:/home/robotics/ws_moveit2/install/moveit_simple_controller_manager/lib:/home/robotics/ws_moveit2/install/moveit_setup_assistant/lib:/home/robotics/ws_moveit2/install/moveit_setup_srdf_plugins/lib:/home/robotics/ws_moveit2/install/moveit_setup_core_plugins/lib:/home/robotics/ws_moveit2/install/moveit_setup_controllers/lib:/home/robotics/ws_moveit2/install/moveit_setup_app_plugins/lib:/home/robotics/ws_moveit2/install/moveit_setup_framework/lib:/home/robotics/ws_moveit2/install/moveit_servo/lib:/home/robotics/ws_moveit2/install/moveit_ros_visualization/lib:/home/robotics/ws_moveit2/install/moveit_py/lib:/home/robotics/ws_moveit2/install/moveit_hybrid_planning/lib:/home/robotics/ws_moveit2/install/moveit_ros_planning_interface/lib:/home/robotics/ws_moveit2/install/moveit_ros_benchmarks/lib:/home/robotics/ws_moveit2/install/moveit_ros_warehouse/lib:/home/robotics/ws_moveit2/install/moveit_ros_robot_interaction/lib:/home/robotics/ws_moveit2/install/moveit_ros_perception/lib:/home/robotics/ws_moveit2/install/moveit_ros_move_group/lib:/home/robotics/ws_moveit2/install/moveit_planners_ompl/lib:/home/robotics/ws_moveit2/install/moveit_ros_planning/lib:/home/robotics/ws_moveit2/install/moveit_ros_occupancy_map_monitor/lib:/home/robotics/ws_moveit2/install/moveit_resources_prbt_ikfast_manipulator_plugin/lib:/home/robotics/ws_moveit2/install/moveit_planners_chomp/lib:/home/robotics/ws_moveit2/install/moveit_kinematics/lib:/home/robotics/ws_moveit2/install/moveit_chomp_optimizer_adapter/lib:/home/robotics/ws_moveit2/install/chomp_motion_planner/lib:/home/robotics/ws_moveit2/install/moveit_core/lib:/opt/ros/humble/opt/rviz_ogre_vendor/lib:/opt/ros/humble/lib/x86_64-linux-gnu:/opt/ros/humble/lib /usr/bin/cmake --build /home/robotics/robo_ws/build/trac_ik_kinematics_plugin -- -j24 -l24
[3.349s] DEBUG:colcon.colcon_core.event_handler.log_command:Invoked command in '/home/robotics/robo_ws/build/trac_ik_kinematics_plugin' returned '0': CMAKE_PREFIX_PATH=/home/robotics/robo_ws/install/trac_ik_lib:/home/robotics/robo_ws/install/trac_ik:/home/robotics/robo_ws/install/trac_ik_kinematics_plugin:/home/robotics/ws_moveit2/install/trac_ik_lib:/home/robotics/moveit_ws/install/pilz_industrial_motion_planner_testutils:/home/robotics/moveit_ws/install/moveit_runtime:/home/robotics/moveit_ws/install/moveit:/home/robotics/moveit_ws/install/moveit_planners:/home/robotics/moveit_ws/install/pilz_industrial_motion_planner:/home/robotics/moveit_ws/install/moveit_ros_control_interface:/home/robotics/moveit_ws/install/moveit_plugins:/home/robotics/moveit_ws/install/moveit_simple_controller_manager:/home/robotics/moveit_ws/install/moveit_setup_assistant:/home/robotics/moveit_ws/install/moveit_setup_srdf_plugins:/home/robotics/moveit_ws/install/moveit_setup_core_plugins:/home/robotics/moveit_ws/install/moveit_setup_controllers:/home/robotics/moveit_ws/install/moveit_setup_app_plugins:/home/robotics/moveit_ws/install/moveit_setup_framework:/home/robotics/moveit_ws/install/moveit_servo:/home/robotics/moveit_ws/install/moveit_ros:/home/robotics/moveit_ws/install/moveit_ros_visualization:/home/robotics/moveit_ws/install/moveit_py:/home/robotics/moveit_ws/install/moveit_hybrid_planning:/home/robotics/moveit_ws/install/moveit_ros_planning_interface:/home/robotics/moveit_ws/install/moveit_ros_benchmarks:/home/robotics/moveit_ws/install/moveit_ros_warehouse:/home/robotics/moveit_ws/install/moveit_ros_robot_interaction:/home/robotics/moveit_ws/install/moveit_ros_perception:/home/robotics/moveit_ws/install/moveit_resources_prbt_pg70_support:/home/robotics/moveit_ws/install/moveit_resources_prbt_moveit_config:/home/robotics/moveit_ws/install/moveit_ros_move_group:/home/robotics/moveit_ws/install/moveit_planners_ompl:/home/robotics/moveit_ws/install/moveit_ros_planning:/home/robotics/moveit_ws/install/moveit_ros_occupancy_map_monitor:/home/robotics/moveit_ws/install/moveit_resources_prbt_support:/home/robotics/moveit_ws/install/moveit_resources_prbt_ikfast_manipulator_plugin:/home/robotics/moveit_ws/install/moveit_planners_chomp:/home/robotics/moveit_ws/install/moveit_kinematics:/home/robotics/moveit_ws/install/moveit_chomp_optimizer_adapter:/home/robotics/moveit_ws/install/chomp_motion_planner:/home/robotics/moveit_ws/install/moveit_core:/home/robotics/moveit_ws/install/moveit_common:/home/robotics/robo_ws/install/moveit_ur10:/home/robotics/robo_ws/install/ur10e_description:/home/robotics/ws_moveit2/install/pilz_industrial_motion_planner_testutils:/home/robotics/ws_moveit2/install/moveit_runtime:/home/robotics/ws_moveit2/install/moveit:/home/robotics/ws_moveit2/install/moveit_planners:/home/robotics/ws_moveit2/install/pilz_industrial_motion_planner:/home/robotics/ws_moveit2/install/moveit_ros_control_interface:/home/robotics/ws_moveit2/install/moveit_plugins:/home/robotics/ws_moveit2/install/moveit_simple_controller_manager:/home/robotics/ws_moveit2/install/moveit_setup_assistant:/home/robotics/ws_moveit2/install/moveit_setup_srdf_plugins:/home/robotics/ws_moveit2/install/moveit_setup_core_plugins:/home/robotics/ws_moveit2/install/moveit_setup_controllers:/home/robotics/ws_moveit2/install/moveit_setup_app_plugins:/home/robotics/ws_moveit2/install/moveit_setup_framework:/home/robotics/ws_moveit2/install/moveit_servo:/home/robotics/ws_moveit2/install/moveit_ros:/home/robotics/ws_moveit2/install/moveit_ros_visualization:/home/robotics/ws_moveit2/install/moveit_py:/home/robotics/ws_moveit2/install/moveit_hybrid_planning:/home/robotics/ws_moveit2/install/moveit_ros_planning_interface:/home/robotics/ws_moveit2/install/moveit_ros_benchmarks:/home/robotics/ws_moveit2/install/moveit_ros_warehouse:/home/robotics/ws_moveit2/install/moveit_ros_robot_interaction:/home/robotics/ws_moveit2/install/moveit_ros_perception:/home/robotics/ws_moveit2/install/moveit_resources_prbt_pg70_support:/home/robotics/ws_moveit2/install/moveit_resources_prbt_moveit_config:/home/robotics/ws_moveit2/install/moveit_ros_move_group:/home/robotics/ws_moveit2/install/moveit_planners_ompl:/home/robotics/ws_moveit2/install/moveit_ros_planning:/home/robotics/ws_moveit2/install/moveit_ros_occupancy_map_monitor:/home/robotics/ws_moveit2/install/moveit_resources_prbt_support:/home/robotics/ws_moveit2/install/moveit_resources_prbt_ikfast_manipulator_plugin:/home/robotics/ws_moveit2/install/moveit_planners_chomp:/home/robotics/ws_moveit2/install/moveit_kinematics:/home/robotics/ws_moveit2/install/moveit_chomp_optimizer_adapter:/home/robotics/ws_moveit2/install/chomp_motion_planner:/home/robotics/ws_moveit2/install/moveit_core:/home/robotics/ws_moveit2/install/moveit_common:/home/robotics/moveit_ws/install/moveit_configs_utils:/home/robotics/robo_ws/install/rebar_control:/home/robotics/ros2_ws/install/rebar_control:/home/robotics/ws_moveit2/install/moveit_configs_utils:/opt/ros/humble LD_LIBRARY_PATH=/home/robotics/robo_ws/install/trac_ik_lib/lib:/home/robotics/robo_ws/install/trac_ik_kinematics_plugin/lib:/home/robotics/ws_moveit2/install/trac_ik_lib/lib:/home/robotics/moveit_ws/install/pilz_industrial_motion_planner_testutils/lib:/home/robotics/moveit_ws/install/pilz_industrial_motion_planner/lib:/home/robotics/moveit_ws/install/moveit_ros_control_interface/lib:/home/robotics/moveit_ws/install/moveit_simple_controller_manager/lib:/home/robotics/moveit_ws/install/moveit_setup_assistant/lib:/home/robotics/moveit_ws/install/moveit_setup_srdf_plugins/lib:/home/robotics/moveit_ws/install/moveit_setup_core_plugins/lib:/home/robotics/moveit_ws/install/moveit_setup_controllers/lib:/home/robotics/moveit_ws/install/moveit_setup_app_plugins/lib:/home/robotics/moveit_ws/install/moveit_setup_framework/lib:/home/robotics/moveit_ws/install/moveit_servo/lib:/home/robotics/moveit_ws/install/moveit_ros_visualization/lib:/home/robotics/moveit_ws/install/moveit_py/lib:/home/robotics/moveit_ws/install/moveit_hybrid_planning/lib:/home/robotics/moveit_ws/install/moveit_ros_planning_interface/lib:/home/robotics/moveit_ws/install/moveit_ros_benchmarks/lib:/home/robotics/moveit_ws/install/moveit_ros_warehouse/lib:/home/robotics/moveit_ws/install/moveit_ros_robot_interaction/lib:/home/robotics/moveit_ws/install/moveit_ros_perception/lib:/home/robotics/moveit_ws/install/moveit_ros_move_group/lib:/home/robotics/moveit_ws/install/moveit_planners_ompl/lib:/home/robotics/moveit_ws/install/moveit_ros_planning/lib:/home/robotics/moveit_ws/install/moveit_ros_occupancy_map_monitor/lib:/home/robotics/moveit_ws/install/moveit_resources_prbt_ikfast_manipulator_plugin/lib:/home/robotics/moveit_ws/install/moveit_planners_chomp/lib:/home/robotics/moveit_ws/install/moveit_kinematics/lib:/home/robotics/moveit_ws/install/moveit_chomp_optimizer_adapter/lib:/home/robotics/moveit_ws/install/chomp_motion_planner/lib:/home/robotics/moveit_ws/install/moveit_core/lib:/home/robotics/ws_moveit2/install/pilz_industrial_motion_planner_testutils/lib:/home/robotics/ws_moveit2/install/pilz_industrial_motion_planner/lib:/home/robotics/ws_moveit2/install/moveit_ros_control_interface/lib:/home/robotics/ws_moveit2/install/moveit_simple_controller_manager/lib:/home/robotics/ws_moveit2/install/moveit_setup_assistant/lib:/home/robotics/ws_moveit2/install/moveit_setup_srdf_plugins/lib:/home/robotics/ws_moveit2/install/moveit_setup_core_plugins/lib:/home/robotics/ws_moveit2/install/moveit_setup_controllers/lib:/home/robotics/ws_moveit2/install/moveit_setup_app_plugins/lib:/home/robotics/ws_moveit2/install/moveit_setup_framework/lib:/home/robotics/ws_moveit2/install/moveit_servo/lib:/home/robotics/ws_moveit2/install/moveit_ros_visualization/lib:/home/robotics/ws_moveit2/install/moveit_py/lib:/home/robotics/ws_moveit2/install/moveit_hybrid_planning/lib:/home/robotics/ws_moveit2/install/moveit_ros_planning_interface/lib:/home/robotics/ws_moveit2/install/moveit_ros_benchmarks/lib:/home/robotics/ws_moveit2/install/moveit_ros_warehouse/lib:/home/robotics/ws_moveit2/install/moveit_ros_robot_interaction/lib:/home/robotics/ws_moveit2/install/moveit_ros_perception/lib:/home/robotics/ws_moveit2/install/moveit_ros_move_group/lib:/home/robotics/ws_moveit2/install/moveit_planners_ompl/lib:/home/robotics/ws_moveit2/install/moveit_ros_planning/lib:/home/robotics/ws_moveit2/install/moveit_ros_occupancy_map_monitor/lib:/home/robotics/ws_moveit2/install/moveit_resources_prbt_ikfast_manipulator_plugin/lib:/home/robotics/ws_moveit2/install/moveit_planners_chomp/lib:/home/robotics/ws_moveit2/install/moveit_kinematics/lib:/home/robotics/ws_moveit2/install/moveit_chomp_optimizer_adapter/lib:/home/robotics/ws_moveit2/install/chomp_motion_planner/lib:/home/robotics/ws_moveit2/install/moveit_core/lib:/opt/ros/humble/opt/rviz_ogre_vendor/lib:/opt/ros/humble/lib/x86_64-linux-gnu:/opt/ros/humble/lib /usr/bin/cmake --build /home/robotics/robo_ws/build/trac_ik_kinematics_plugin -- -j24 -l24
[3.357s] DEBUG:colcon.colcon_core.event_handler.log_command:Invoking command in '/home/robotics/robo_ws/build/trac_ik_kinematics_plugin': CMAKE_PREFIX_PATH=/home/robotics/robo_ws/install/trac_ik_lib:/home/robotics/robo_ws/install/trac_ik:/home/robotics/robo_ws/install/trac_ik_kinematics_plugin:/home/robotics/ws_moveit2/install/trac_ik_lib:/home/robotics/moveit_ws/install/pilz_industrial_motion_planner_testutils:/home/robotics/moveit_ws/install/moveit_runtime:/home/robotics/moveit_ws/install/moveit:/home/robotics/moveit_ws/install/moveit_planners:/home/robotics/moveit_ws/install/pilz_industrial_motion_planner:/home/robotics/moveit_ws/install/moveit_ros_control_interface:/home/robotics/moveit_ws/install/moveit_plugins:/home/robotics/moveit_ws/install/moveit_simple_controller_manager:/home/robotics/moveit_ws/install/moveit_setup_assistant:/home/robotics/moveit_ws/install/moveit_setup_srdf_plugins:/home/robotics/moveit_ws/install/moveit_setup_core_plugins:/home/robotics/moveit_ws/install/moveit_setup_controllers:/home/robotics/moveit_ws/install/moveit_setup_app_plugins:/home/robotics/moveit_ws/install/moveit_setup_framework:/home/robotics/moveit_ws/install/moveit_servo:/home/robotics/moveit_ws/install/moveit_ros:/home/robotics/moveit_ws/install/moveit_ros_visualization:/home/robotics/moveit_ws/install/moveit_py:/home/robotics/moveit_ws/install/moveit_hybrid_planning:/home/robotics/moveit_ws/install/moveit_ros_planning_interface:/home/robotics/moveit_ws/install/moveit_ros_benchmarks:/home/robotics/moveit_ws/install/moveit_ros_warehouse:/home/robotics/moveit_ws/install/moveit_ros_robot_interaction:/home/robotics/moveit_ws/install/moveit_ros_perception:/home/robotics/moveit_ws/install/moveit_resources_prbt_pg70_support:/home/robotics/moveit_ws/install/moveit_resources_prbt_moveit_config:/home/robotics/moveit_ws/install/moveit_ros_move_group:/home/robotics/moveit_ws/install/moveit_planners_ompl:/home/robotics/moveit_ws/install/moveit_ros_planning:/home/robotics/moveit_ws/install/moveit_ros_occupancy_map_monitor:/home/robotics/moveit_ws/install/moveit_resources_prbt_support:/home/robotics/moveit_ws/install/moveit_resources_prbt_ikfast_manipulator_plugin:/home/robotics/moveit_ws/install/moveit_planners_chomp:/home/robotics/moveit_ws/install/moveit_kinematics:/home/robotics/moveit_ws/install/moveit_chomp_optimizer_adapter:/home/robotics/moveit_ws/install/chomp_motion_planner:/home/robotics/moveit_ws/install/moveit_core:/home/robotics/moveit_ws/install/moveit_common:/home/robotics/robo_ws/install/moveit_ur10:/home/robotics/robo_ws/install/ur10e_description:/home/robotics/ws_moveit2/install/pilz_industrial_motion_planner_testutils:/home/robotics/ws_moveit2/install/moveit_runtime:/home/robotics/ws_moveit2/install/moveit:/home/robotics/ws_moveit2/install/moveit_planners:/home/robotics/ws_moveit2/install/pilz_industrial_motion_planner:/home/robotics/ws_moveit2/install/moveit_ros_control_interface:/home/robotics/ws_moveit2/install/moveit_plugins:/home/robotics/ws_moveit2/install/moveit_simple_controller_manager:/home/robotics/ws_moveit2/install/moveit_setup_assistant:/home/robotics/ws_moveit2/install/moveit_setup_srdf_plugins:/home/robotics/ws_moveit2/install/moveit_setup_core_plugins:/home/robotics/ws_moveit2/install/moveit_setup_controllers:/home/robotics/ws_moveit2/install/moveit_setup_app_plugins:/home/robotics/ws_moveit2/install/moveit_setup_framework:/home/robotics/ws_moveit2/install/moveit_servo:/home/robotics/ws_moveit2/install/moveit_ros:/home/robotics/ws_moveit2/install/moveit_ros_visualization:/home/robotics/ws_moveit2/install/moveit_py:/home/robotics/ws_moveit2/install/moveit_hybrid_planning:/home/robotics/ws_moveit2/install/moveit_ros_planning_interface:/home/robotics/ws_moveit2/install/moveit_ros_benchmarks:/home/robotics/ws_moveit2/install/moveit_ros_warehouse:/home/robotics/ws_moveit2/install/moveit_ros_robot_interaction:/home/robotics/ws_moveit2/install/moveit_ros_perception:/home/robotics/ws_moveit2/install/moveit_resources_prbt_pg70_support:/home/robotics/ws_moveit2/install/moveit_resources_prbt_moveit_config:/home/robotics/ws_moveit2/install/moveit_ros_move_group:/home/robotics/ws_moveit2/install/moveit_planners_ompl:/home/robotics/ws_moveit2/install/moveit_ros_planning:/home/robotics/ws_moveit2/install/moveit_ros_occupancy_map_monitor:/home/robotics/ws_moveit2/install/moveit_resources_prbt_support:/home/robotics/ws_moveit2/install/moveit_resources_prbt_ikfast_manipulator_plugin:/home/robotics/ws_moveit2/install/moveit_planners_chomp:/home/robotics/ws_moveit2/install/moveit_kinematics:/home/robotics/ws_moveit2/install/moveit_chomp_optimizer_adapter:/home/robotics/ws_moveit2/install/chomp_motion_planner:/home/robotics/ws_moveit2/install/moveit_core:/home/robotics/ws_moveit2/install/moveit_common:/home/robotics/moveit_ws/install/moveit_configs_utils:/home/robotics/robo_ws/install/rebar_control:/home/robotics/ros2_ws/install/rebar_control:/home/robotics/ws_moveit2/install/moveit_configs_utils:/opt/ros/humble LD_LIBRARY_PATH=/home/robotics/robo_ws/install/trac_ik_lib/lib:/home/robotics/robo_ws/install/trac_ik_kinematics_plugin/lib:/home/robotics/ws_moveit2/install/trac_ik_lib/lib:/home/robotics/moveit_ws/install/pilz_industrial_motion_planner_testutils/lib:/home/robotics/moveit_ws/install/pilz_industrial_motion_planner/lib:/home/robotics/moveit_ws/install/moveit_ros_control_interface/lib:/home/robotics/moveit_ws/install/moveit_simple_controller_manager/lib:/home/robotics/moveit_ws/install/moveit_setup_assistant/lib:/home/robotics/moveit_ws/install/moveit_setup_srdf_plugins/lib:/home/robotics/moveit_ws/install/moveit_setup_core_plugins/lib:/home/robotics/moveit_ws/install/moveit_setup_controllers/lib:/home/robotics/moveit_ws/install/moveit_setup_app_plugins/lib:/home/robotics/moveit_ws/install/moveit_setup_framework/lib:/home/robotics/moveit_ws/install/moveit_servo/lib:/home/robotics/moveit_ws/install/moveit_ros_visualization/lib:/home/robotics/moveit_ws/install/moveit_py/lib:/home/robotics/moveit_ws/install/moveit_hybrid_planning/lib:/home/robotics/moveit_ws/install/moveit_ros_planning_interface/lib:/home/robotics/moveit_ws/install/moveit_ros_benchmarks/lib:/home/robotics/moveit_ws/install/moveit_ros_warehouse/lib:/home/robotics/moveit_ws/install/moveit_ros_robot_interaction/lib:/home/robotics/moveit_ws/install/moveit_ros_perception/lib:/home/robotics/moveit_ws/install/moveit_ros_move_group/lib:/home/robotics/moveit_ws/install/moveit_planners_ompl/lib:/home/robotics/moveit_ws/install/moveit_ros_planning/lib:/home/robotics/moveit_ws/install/moveit_ros_occupancy_map_monitor/lib:/home/robotics/moveit_ws/install/moveit_resources_prbt_ikfast_manipulator_plugin/lib:/home/robotics/moveit_ws/install/moveit_planners_chomp/lib:/home/robotics/moveit_ws/install/moveit_kinematics/lib:/home/robotics/moveit_ws/install/moveit_chomp_optimizer_adapter/lib:/home/robotics/moveit_ws/install/chomp_motion_planner/lib:/home/robotics/moveit_ws/install/moveit_core/lib:/home/robotics/ws_moveit2/install/pilz_industrial_motion_planner_testutils/lib:/home/robotics/ws_moveit2/install/pilz_industrial_motion_planner/lib:/home/robotics/ws_moveit2/install/moveit_ros_control_interface/lib:/home/robotics/ws_moveit2/install/moveit_simple_controller_manager/lib:/home/robotics/ws_moveit2/install/moveit_setup_assistant/lib:/home/robotics/ws_moveit2/install/moveit_setup_srdf_plugins/lib:/home/robotics/ws_moveit2/install/moveit_setup_core_plugins/lib:/home/robotics/ws_moveit2/install/moveit_setup_controllers/lib:/home/robotics/ws_moveit2/install/moveit_setup_app_plugins/lib:/home/robotics/ws_moveit2/install/moveit_setup_framework/lib:/home/robotics/ws_moveit2/install/moveit_servo/lib:/home/robotics/ws_moveit2/install/moveit_ros_visualization/lib:/home/robotics/ws_moveit2/install/moveit_py/lib:/home/robotics/ws_moveit2/install/moveit_hybrid_planning/lib:/home/robotics/ws_moveit2/install/moveit_ros_planning_interface/lib:/home/robotics/ws_moveit2/install/moveit_ros_benchmarks/lib:/home/robotics/ws_moveit2/install/moveit_ros_warehouse/lib:/home/robotics/ws_moveit2/install/moveit_ros_robot_interaction/lib:/home/robotics/ws_moveit2/install/moveit_ros_perception/lib:/home/robotics/ws_moveit2/install/moveit_ros_move_group/lib:/home/robotics/ws_moveit2/install/moveit_planners_ompl/lib:/home/robotics/ws_moveit2/install/moveit_ros_planning/lib:/home/robotics/ws_moveit2/install/moveit_ros_occupancy_map_monitor/lib:/home/robotics/ws_moveit2/install/moveit_resources_prbt_ikfast_manipulator_plugin/lib:/home/robotics/ws_moveit2/install/moveit_planners_chomp/lib:/home/robotics/ws_moveit2/install/moveit_kinematics/lib:/home/robotics/ws_moveit2/install/moveit_chomp_optimizer_adapter/lib:/home/robotics/ws_moveit2/install/chomp_motion_planner/lib:/home/robotics/ws_moveit2/install/moveit_core/lib:/opt/ros/humble/opt/rviz_ogre_vendor/lib:/opt/ros/humble/lib/x86_64-linux-gnu:/opt/ros/humble/lib /usr/bin/cmake --install /home/robotics/robo_ws/build/trac_ik_kinematics_plugin
[3.365s] Level 1:colcon.colcon_core.environment:create_environment_scripts_only(trac_ik_kinematics_plugin)
[3.365s] DEBUG:colcon.colcon_core.event_handler.log_command:Invoked command in '/home/robotics/robo_ws/build/trac_ik_kinematics_plugin' returned '0': CMAKE_PREFIX_PATH=/home/robotics/robo_ws/install/trac_ik_lib:/home/robotics/robo_ws/install/trac_ik:/home/robotics/robo_ws/install/trac_ik_kinematics_plugin:/home/robotics/ws_moveit2/install/trac_ik_lib:/home/robotics/moveit_ws/install/pilz_industrial_motion_planner_testutils:/home/robotics/moveit_ws/install/moveit_runtime:/home/robotics/moveit_ws/install/moveit:/home/robotics/moveit_ws/install/moveit_planners:/home/robotics/moveit_ws/install/pilz_industrial_motion_planner:/home/robotics/moveit_ws/install/moveit_ros_control_interface:/home/robotics/moveit_ws/install/moveit_plugins:/home/robotics/moveit_ws/install/moveit_simple_controller_manager:/home/robotics/moveit_ws/install/moveit_setup_assistant:/home/robotics/moveit_ws/install/moveit_setup_srdf_plugins:/home/robotics/moveit_ws/install/moveit_setup_core_plugins:/home/robotics/moveit_ws/install/moveit_setup_controllers:/home/robotics/moveit_ws/install/moveit_setup_app_plugins:/home/robotics/moveit_ws/install/moveit_setup_framework:/home/robotics/moveit_ws/install/moveit_servo:/home/robotics/moveit_ws/install/moveit_ros:/home/robotics/moveit_ws/install/moveit_ros_visualization:/home/robotics/moveit_ws/install/moveit_py:/home/robotics/moveit_ws/install/moveit_hybrid_planning:/home/robotics/moveit_ws/install/moveit_ros_planning_interface:/home/robotics/moveit_ws/install/moveit_ros_benchmarks:/home/robotics/moveit_ws/install/moveit_ros_warehouse:/home/robotics/moveit_ws/install/moveit_ros_robot_interaction:/home/robotics/moveit_ws/install/moveit_ros_perception:/home/robotics/moveit_ws/install/moveit_resources_prbt_pg70_support:/home/robotics/moveit_ws/install/moveit_resources_prbt_moveit_config:/home/robotics/moveit_ws/install/moveit_ros_move_group:/home/robotics/moveit_ws/install/moveit_planners_ompl:/home/robotics/moveit_ws/install/moveit_ros_planning:/home/robotics/moveit_ws/install/moveit_ros_occupancy_map_monitor:/home/robotics/moveit_ws/install/moveit_resources_prbt_support:/home/robotics/moveit_ws/install/moveit_resources_prbt_ikfast_manipulator_plugin:/home/robotics/moveit_ws/install/moveit_planners_chomp:/home/robotics/moveit_ws/install/moveit_kinematics:/home/robotics/moveit_ws/install/moveit_chomp_optimizer_adapter:/home/robotics/moveit_ws/install/chomp_motion_planner:/home/robotics/moveit_ws/install/moveit_core:/home/robotics/moveit_ws/install/moveit_common:/home/robotics/robo_ws/install/moveit_ur10:/home/robotics/robo_ws/install/ur10e_description:/home/robotics/ws_moveit2/install/pilz_industrial_motion_planner_testutils:/home/robotics/ws_moveit2/install/moveit_runtime:/home/robotics/ws_moveit2/install/moveit:/home/robotics/ws_moveit2/install/moveit_planners:/home/robotics/ws_moveit2/install/pilz_industrial_motion_planner:/home/robotics/ws_moveit2/install/moveit_ros_control_interface:/home/robotics/ws_moveit2/install/moveit_plugins:/home/robotics/ws_moveit2/install/moveit_simple_controller_manager:/home/robotics/ws_moveit2/install/moveit_setup_assistant:/home/robotics/ws_moveit2/install/moveit_setup_srdf_plugins:/home/robotics/ws_moveit2/install/moveit_setup_core_plugins:/home/robotics/ws_moveit2/install/moveit_setup_controllers:/home/robotics/ws_moveit2/install/moveit_setup_app_plugins:/home/robotics/ws_moveit2/install/moveit_setup_framework:/home/robotics/ws_moveit2/install/moveit_servo:/home/robotics/ws_moveit2/install/moveit_ros:/home/robotics/ws_moveit2/install/moveit_ros_visualization:/home/robotics/ws_moveit2/install/moveit_py:/home/robotics/ws_moveit2/install/moveit_hybrid_planning:/home/robotics/ws_moveit2/install/moveit_ros_planning_interface:/home/robotics/ws_moveit2/install/moveit_ros_benchmarks:/home/robotics/ws_moveit2/install/moveit_ros_warehouse:/home/robotics/ws_moveit2/install/moveit_ros_robot_interaction:/home/robotics/ws_moveit2/install/moveit_ros_perception:/home/robotics/ws_moveit2/install/moveit_resources_prbt_pg70_support:/home/robotics/ws_moveit2/install/moveit_resources_prbt_moveit_config:/home/robotics/ws_moveit2/install/moveit_ros_move_group:/home/robotics/ws_moveit2/install/moveit_planners_ompl:/home/robotics/ws_moveit2/install/moveit_ros_planning:/home/robotics/ws_moveit2/install/moveit_ros_occupancy_map_monitor:/home/robotics/ws_moveit2/install/moveit_resources_prbt_support:/home/robotics/ws_moveit2/install/moveit_resources_prbt_ikfast_manipulator_plugin:/home/robotics/ws_moveit2/install/moveit_planners_chomp:/home/robotics/ws_moveit2/install/moveit_kinematics:/home/robotics/ws_moveit2/install/moveit_chomp_optimizer_adapter:/home/robotics/ws_moveit2/install/chomp_motion_planner:/home/robotics/ws_moveit2/install/moveit_core:/home/robotics/ws_moveit2/install/moveit_common:/home/robotics/moveit_ws/install/moveit_configs_utils:/home/robotics/robo_ws/install/rebar_control:/home/robotics/ros2_ws/install/rebar_control:/home/robotics/ws_moveit2/install/moveit_configs_utils:/opt/ros/humble LD_LIBRARY_PATH=/home/robotics/robo_ws/install/trac_ik_lib/lib:/home/robotics/robo_ws/install/trac_ik_kinematics_plugin/lib:/home/robotics/ws_moveit2/install/trac_ik_lib/lib:/home/robotics/moveit_ws/install/pilz_industrial_motion_planner_testutils/lib:/home/robotics/moveit_ws/install/pilz_industrial_motion_planner/lib:/home/robotics/moveit_ws/install/moveit_ros_control_interface/lib:/home/robotics/moveit_ws/install/moveit_simple_controller_manager/lib:/home/robotics/moveit_ws/install/moveit_setup_assistant/lib:/home/robotics/moveit_ws/install/moveit_setup_srdf_plugins/lib:/home/robotics/moveit_ws/install/moveit_setup_core_plugins/lib:/home/robotics/moveit_ws/install/moveit_setup_controllers/lib:/home/robotics/moveit_ws/install/moveit_setup_app_plugins/lib:/home/robotics/moveit_ws/install/moveit_setup_framework/lib:/home/robotics/moveit_ws/install/moveit_servo/lib:/home/robotics/moveit_ws/install/moveit_ros_visualization/lib:/home/robotics/moveit_ws/install/moveit_py/lib:/home/robotics/moveit_ws/install/moveit_hybrid_planning/lib:/home/robotics/moveit_ws/install/moveit_ros_planning_interface/lib:/home/robotics/moveit_ws/install/moveit_ros_benchmarks/lib:/home/robotics/moveit_ws/install/moveit_ros_warehouse/lib:/home/robotics/moveit_ws/install/moveit_ros_robot_interaction/lib:/home/robotics/moveit_ws/install/moveit_ros_perception/lib:/home/robotics/moveit_ws/install/moveit_ros_move_group/lib:/home/robotics/moveit_ws/install/moveit_planners_ompl/lib:/home/robotics/moveit_ws/install/moveit_ros_planning/lib:/home/robotics/moveit_ws/install/moveit_ros_occupancy_map_monitor/lib:/home/robotics/moveit_ws/install/moveit_resources_prbt_ikfast_manipulator_plugin/lib:/home/robotics/moveit_ws/install/moveit_planners_chomp/lib:/home/robotics/moveit_ws/install/moveit_kinematics/lib:/home/robotics/moveit_ws/install/moveit_chomp_optimizer_adapter/lib:/home/robotics/moveit_ws/install/chomp_motion_planner/lib:/home/robotics/moveit_ws/install/moveit_core/lib:/home/robotics/ws_moveit2/install/pilz_industrial_motion_planner_testutils/lib:/home/robotics/ws_moveit2/install/pilz_industrial_motion_planner/lib:/home/robotics/ws_moveit2/install/moveit_ros_control_interface/lib:/home/robotics/ws_moveit2/install/moveit_simple_controller_manager/lib:/home/robotics/ws_moveit2/install/moveit_setup_assistant/lib:/home/robotics/ws_moveit2/install/moveit_setup_srdf_plugins/lib:/home/robotics/ws_moveit2/install/moveit_setup_core_plugins/lib:/home/robotics/ws_moveit2/install/moveit_setup_controllers/lib:/home/robotics/ws_moveit2/install/moveit_setup_app_plugins/lib:/home/robotics/ws_moveit2/install/moveit_setup_framework/lib:/home/robotics/ws_moveit2/install/moveit_servo/lib:/home/robotics/ws_moveit2/install/moveit_ros_visualization/lib:/home/robotics/ws_moveit2/install/moveit_py/lib:/home/robotics/ws_moveit2/install/moveit_hybrid_planning/lib:/home/robotics/ws_moveit2/install/moveit_ros_planning_interface/lib:/home/robotics/ws_moveit2/install/moveit_ros_benchmarks/lib:/home/robotics/ws_moveit2/install/moveit_ros_warehouse/lib:/home/robotics/ws_moveit2/install/moveit_ros_robot_interaction/lib:/home/robotics/ws_moveit2/install/moveit_ros_perception/lib:/home/robotics/ws_moveit2/install/moveit_ros_move_group/lib:/home/robotics/ws_moveit2/install/moveit_planners_ompl/lib:/home/robotics/ws_moveit2/install/moveit_ros_planning/lib:/home/robotics/ws_moveit2/install/moveit_ros_occupancy_map_monitor/lib:/home/robotics/ws_moveit2/install/moveit_resources_prbt_ikfast_manipulator_plugin/lib:/home/robotics/ws_moveit2/install/moveit_planners_chomp/lib:/home/robotics/ws_moveit2/install/moveit_kinematics/lib:/home/robotics/ws_moveit2/install/moveit_chomp_optimizer_adapter/lib:/home/robotics/ws_moveit2/install/chomp_motion_planner/lib:/home/robotics/ws_moveit2/install/moveit_core/lib:/opt/ros/humble/opt/rviz_ogre_vendor/lib:/opt/ros/humble/lib/x86_64-linux-gnu:/opt/ros/humble/lib /usr/bin/cmake --install /home/robotics/robo_ws/build/trac_ik_kinematics_plugin
[3.366s] Level 1:colcon.colcon_core.environment:checking '/home/robotics/robo_ws/install/trac_ik_kinematics_plugin' for CMake module files
[3.367s] Level 1:colcon.colcon_core.environment:checking '/home/robotics/robo_ws/install/trac_ik_kinematics_plugin' for CMake config files
[3.367s] Level 1:colcon.colcon_core.shell:create_environment_hook('trac_ik_kinematics_plugin', 'cmake_prefix_path')
[3.367s] INFO:colcon.colcon_core.shell:Creating environment hook '/home/robotics/robo_ws/install/trac_ik_kinematics_plugin/share/trac_ik_kinematics_plugin/hook/cmake_prefix_path.ps1'
[3.368s] INFO:colcon.colcon_core.shell:Creating environment descriptor '/home/robotics/robo_ws/install/trac_ik_kinematics_plugin/share/trac_ik_kinematics_plugin/hook/cmake_prefix_path.dsv'
[3.368s] INFO:colcon.colcon_core.shell:Creating environment hook '/home/robotics/robo_ws/install/trac_ik_kinematics_plugin/share/trac_ik_kinematics_plugin/hook/cmake_prefix_path.sh'
[3.370s] Level 1:colcon.colcon_core.environment:checking '/home/robotics/robo_ws/install/trac_ik_kinematics_plugin/lib'
[3.370s] Level 1:colcon.colcon_core.shell:create_environment_hook('trac_ik_kinematics_plugin', 'ld_library_path_lib')
[3.370s] INFO:colcon.colcon_core.shell:Creating environment hook '/home/robotics/robo_ws/install/trac_ik_kinematics_plugin/share/trac_ik_kinematics_plugin/hook/ld_library_path_lib.ps1'
[3.370s] INFO:colcon.colcon_core.shell:Creating environment descriptor '/home/robotics/robo_ws/install/trac_ik_kinematics_plugin/share/trac_ik_kinematics_plugin/hook/ld_library_path_lib.dsv'
[3.370s] INFO:colcon.colcon_core.shell:Creating environment hook '/home/robotics/robo_ws/install/trac_ik_kinematics_plugin/share/trac_ik_kinematics_plugin/hook/ld_library_path_lib.sh'
[3.370s] Level 1:colcon.colcon_core.environment:checking '/home/robotics/robo_ws/install/trac_ik_kinematics_plugin/bin'
[3.371s] Level 1:colcon.colcon_core.environment:checking '/home/robotics/robo_ws/install/trac_ik_kinematics_plugin/lib/pkgconfig/trac_ik_kinematics_plugin.pc'
[3.371s] Level 1:colcon.colcon_core.environment:checking '/home/robotics/robo_ws/install/trac_ik_kinematics_plugin/lib/python3.10/site-packages'
[3.371s] Level 1:colcon.colcon_core.environment:checking '/home/robotics/robo_ws/install/trac_ik_kinematics_plugin/bin'
[3.372s] INFO:colcon.colcon_core.shell:Creating package script '/home/robotics/robo_ws/install/trac_ik_kinematics_plugin/share/trac_ik_kinematics_plugin/package.ps1'
[3.372s] INFO:colcon.colcon_core.shell:Creating package descriptor '/home/robotics/robo_ws/install/trac_ik_kinematics_plugin/share/trac_ik_kinematics_plugin/package.dsv'
[3.373s] INFO:colcon.colcon_core.shell:Creating package script '/home/robotics/robo_ws/install/trac_ik_kinematics_plugin/share/trac_ik_kinematics_plugin/package.sh'
[3.373s] INFO:colcon.colcon_core.shell:Creating package script '/home/robotics/robo_ws/install/trac_ik_kinematics_plugin/share/trac_ik_kinematics_plugin/package.bash'
[3.373s] INFO:colcon.colcon_core.shell:Creating package script '/home/robotics/robo_ws/install/trac_ik_kinematics_plugin/share/trac_ik_kinematics_plugin/package.zsh'
[3.374s] Level 1:colcon.colcon_core.environment:create_file_with_runtime_dependencies(/home/robotics/robo_ws/install/trac_ik_kinematics_plugin/share/colcon-core/packages/trac_ik_kinematics_plugin)
[3.374s] Level 1:colcon.colcon_core.environment:create_environment_scripts_only(trac_ik_kinematics_plugin)
[3.374s] Level 1:colcon.colcon_core.environment:checking '/home/robotics/robo_ws/install/trac_ik_kinematics_plugin' for CMake module files
[3.374s] Level 1:colcon.colcon_core.environment:checking '/home/robotics/robo_ws/install/trac_ik_kinematics_plugin' for CMake config files
[3.374s] Level 1:colcon.colcon_core.shell:create_environment_hook('trac_ik_kinematics_plugin', 'cmake_prefix_path')
[3.374s] INFO:colcon.colcon_core.shell:Creating environment hook '/home/robotics/robo_ws/install/trac_ik_kinematics_plugin/share/trac_ik_kinematics_plugin/hook/cmake_prefix_path.ps1'
[3.375s] INFO:colcon.colcon_core.shell:Creating environment descriptor '/home/robotics/robo_ws/install/trac_ik_kinematics_plugin/share/trac_ik_kinematics_plugin/hook/cmake_prefix_path.dsv'
[3.375s] INFO:colcon.colcon_core.shell:Creating environment hook '/home/robotics/robo_ws/install/trac_ik_kinematics_plugin/share/trac_ik_kinematics_plugin/hook/cmake_prefix_path.sh'
[3.375s] Level 1:colcon.colcon_core.environment:checking '/home/robotics/robo_ws/install/trac_ik_kinematics_plugin/lib'
[3.375s] Level 1:colcon.colcon_core.shell:create_environment_hook('trac_ik_kinematics_plugin', 'ld_library_path_lib')
[3.375s] INFO:colcon.colcon_core.shell:Creating environment hook '/home/robotics/robo_ws/install/trac_ik_kinematics_plugin/share/trac_ik_kinematics_plugin/hook/ld_library_path_lib.ps1'
[3.375s] INFO:colcon.colcon_core.shell:Creating environment descriptor '/home/robotics/robo_ws/install/trac_ik_kinematics_plugin/share/trac_ik_kinematics_plugin/hook/ld_library_path_lib.dsv'
[3.375s] INFO:colcon.colcon_core.shell:Creating environment hook '/home/robotics/robo_ws/install/trac_ik_kinematics_plugin/share/trac_ik_kinematics_plugin/hook/ld_library_path_lib.sh'
[3.376s] Level 1:colcon.colcon_core.environment:checking '/home/robotics/robo_ws/install/trac_ik_kinematics_plugin/bin'
[3.376s] Level 1:colcon.colcon_core.environment:checking '/home/robotics/robo_ws/install/trac_ik_kinematics_plugin/lib/pkgconfig/trac_ik_kinematics_plugin.pc'
[3.376s] Level 1:colcon.colcon_core.environment:checking '/home/robotics/robo_ws/install/trac_ik_kinematics_plugin/lib/python3.10/site-packages'
[3.376s] Level 1:colcon.colcon_core.environment:checking '/home/robotics/robo_ws/install/trac_ik_kinematics_plugin/bin'
[3.376s] INFO:colcon.colcon_core.shell:Creating package script '/home/robotics/robo_ws/install/trac_ik_kinematics_plugin/share/trac_ik_kinematics_plugin/package.ps1'
[3.376s] INFO:colcon.colcon_core.shell:Creating package descriptor '/home/robotics/robo_ws/install/trac_ik_kinematics_plugin/share/trac_ik_kinematics_plugin/package.dsv'
[3.377s] INFO:colcon.colcon_core.shell:Creating package script '/home/robotics/robo_ws/install/trac_ik_kinematics_plugin/share/trac_ik_kinematics_plugin/package.sh'
[3.377s] INFO:colcon.colcon_core.shell:Creating package script '/home/robotics/robo_ws/install/trac_ik_kinematics_plugin/share/trac_ik_kinematics_plugin/package.bash'
[3.377s] INFO:colcon.colcon_core.shell:Creating package script '/home/robotics/robo_ws/install/trac_ik_kinematics_plugin/share/trac_ik_kinematics_plugin/package.zsh'
[3.377s] Level 1:colcon.colcon_core.environment:create_file_with_runtime_dependencies(/home/robotics/robo_ws/install/trac_ik_kinematics_plugin/share/colcon-core/packages/trac_ik_kinematics_plugin)
[3.377s] DEBUG:colcon.colcon_parallel_executor.executor.parallel:closing loop
[3.378s] DEBUG:colcon.colcon_parallel_executor.executor.parallel:loop closed
[3.378s] DEBUG:colcon.colcon_parallel_executor.executor.parallel:run_until_complete finished with '0'
[3.378s] DEBUG:colcon.colcon_core.event_reactor:joining thread
[3.382s] INFO:colcon.colcon_core.plugin_system:Skipping extension 'colcon_notification.desktop_notification.terminal_notifier': Not used on non-Darwin systems
[3.382s] INFO:colcon.colcon_core.plugin_system:Skipping extension 'colcon_notification.desktop_notification.win32': Not used on non-Windows systems
[3.382s] INFO:colcon.colcon_notification.desktop_notification:Sending desktop notification using 'notify2'
[3.391s] DEBUG:colcon.colcon_core.event_reactor:joined thread
[3.391s] INFO:colcon.colcon_core.shell:Creating prefix script '/home/robotics/robo_ws/install/local_setup.ps1'
[3.392s] INFO:colcon.colcon_core.shell:Creating prefix util module '/home/robotics/robo_ws/install/_local_setup_util_ps1.py'
[3.392s] INFO:colcon.colcon_core.shell:Creating prefix chain script '/home/robotics/robo_ws/install/setup.ps1'
[3.395s] INFO:colcon.colcon_core.shell:Creating prefix script '/home/robotics/robo_ws/install/local_setup.sh'
[3.395s] INFO:colcon.colcon_core.shell:Creating prefix util module '/home/robotics/robo_ws/install/_local_setup_util_sh.py'
[3.398s] INFO:colcon.colcon_core.shell:Creating prefix chain script '/home/robotics/robo_ws/install/setup.sh'
[3.399s] INFO:colcon.colcon_core.shell:Creating prefix script '/home/robotics/robo_ws/install/local_setup.bash'
[3.399s] INFO:colcon.colcon_core.shell:Creating prefix chain script '/home/robotics/robo_ws/install/setup.bash'
[3.401s] INFO:colcon.colcon_core.shell:Creating prefix script '/home/robotics/robo_ws/install/local_setup.zsh'
[3.401s] INFO:colcon.colcon_core.shell:Creating prefix chain script '/home/robotics/robo_ws/install/setup.zsh'
