[0.015s] Invoking command in '/home/robotics/robo_ws/build/ur10e_description': CMAKE_PREFIX_PATH=${CMAKE_PREFIX_PATH}:/home/robotics/moveit_ws/install/moveit_configs_utils:/home/robotics/robo_ws/install/rebar_control:/home/robotics/ros2_ws/install/rebar_control:/home/robotics/ws_moveit2/install/moveit_configs_utils:/opt/ros/humble /usr/bin/cmake /home/robotics/robo_ws/src/ur10e_description -DCMAKE_INSTALL_PREFIX=/home/robotics/robo_ws/install/ur10e_description
[0.055s] -- The C compiler identification is GNU 11.4.0
[0.087s] -- The CXX compiler identification is GNU 11.4.0
[0.092s] -- Detecting C compiler ABI info
[0.153s] -- Detecting C compiler ABI info - done
[0.156s] -- Check for working C compiler: /usr/bin/cc - skipped
[0.156s] -- Detecting C compile features
[0.156s] -- Detecting C compile features - done
[0.158s] -- Detecting CXX compiler ABI info
[0.217s] -- Detecting CXX compiler ABI info - done
[0.221s] -- Check for working CXX compiler: /usr/bin/c++ - skipped
[0.221s] -- Detecting CXX compile features
[0.221s] -- Detecting CXX compile features - done
[0.226s] -- Found ament_cmake: 1.3.12 (/opt/ros/humble/share/ament_cmake/cmake)
[0.323s] -- Found Python3: /usr/bin/python3 (found version "3.10.12") found components: Interpreter 
[0.440s] -- Configuring done
[0.441s] -- Generating done
[0.442s] -- Build files have been written to: /home/robotics/robo_ws/build/ur10e_description
[0.444s] Invoked command in '/home/robotics/robo_ws/build/ur10e_description' returned '0': CMAKE_PREFIX_PATH=${CMAKE_PREFIX_PATH}:/home/robotics/moveit_ws/install/moveit_configs_utils:/home/robotics/robo_ws/install/rebar_control:/home/robotics/ros2_ws/install/rebar_control:/home/robotics/ws_moveit2/install/moveit_configs_utils:/opt/ros/humble /usr/bin/cmake /home/robotics/robo_ws/src/ur10e_description -DCMAKE_INSTALL_PREFIX=/home/robotics/robo_ws/install/ur10e_description
[0.446s] Invoking command in '/home/robotics/robo_ws/build/ur10e_description': CMAKE_PREFIX_PATH=${CMAKE_PREFIX_PATH}:/home/robotics/moveit_ws/install/moveit_configs_utils:/home/robotics/robo_ws/install/rebar_control:/home/robotics/ros2_ws/install/rebar_control:/home/robotics/ws_moveit2/install/moveit_configs_utils:/opt/ros/humble /usr/bin/cmake --build /home/robotics/robo_ws/build/ur10e_description -- -j24 -l24
[0.480s] Invoked command in '/home/robotics/robo_ws/build/ur10e_description' returned '0': CMAKE_PREFIX_PATH=${CMAKE_PREFIX_PATH}:/home/robotics/moveit_ws/install/moveit_configs_utils:/home/robotics/robo_ws/install/rebar_control:/home/robotics/ros2_ws/install/rebar_control:/home/robotics/ws_moveit2/install/moveit_configs_utils:/opt/ros/humble /usr/bin/cmake --build /home/robotics/robo_ws/build/ur10e_description -- -j24 -l24
[0.492s] Invoking command in '/home/robotics/robo_ws/build/ur10e_description': CMAKE_PREFIX_PATH=${CMAKE_PREFIX_PATH}:/home/robotics/moveit_ws/install/moveit_configs_utils:/home/robotics/robo_ws/install/rebar_control:/home/robotics/ros2_ws/install/rebar_control:/home/robotics/ws_moveit2/install/moveit_configs_utils:/opt/ros/humble /usr/bin/cmake --install /home/robotics/robo_ws/build/ur10e_description
[0.499s] -- Install configuration: ""
[0.499s] -- Installing: /home/robotics/robo_ws/install/ur10e_description/share/ur10e_description/launch
[0.499s] -- Installing: /home/robotics/robo_ws/install/ur10e_description/share/ur10e_description/launch/display.launch.py
[0.499s] -- Installing: /home/robotics/robo_ws/install/ur10e_description/share/ur10e_description/meshes
[0.499s] -- Installing: /home/robotics/robo_ws/install/ur10e_description/share/ur10e_description/meshes/ur10e
[0.499s] -- Installing: /home/robotics/robo_ws/install/ur10e_description/share/ur10e_description/meshes/ur10e/visual
[0.499s] -- Installing: /home/robotics/robo_ws/install/ur10e_description/share/ur10e_description/meshes/ur10e/visual/base.dae
[0.500s] -- Installing: /home/robotics/robo_ws/install/ur10e_description/share/ur10e_description/meshes/ur10e/visual/forearm.dae
[0.500s] -- Installing: /home/robotics/robo_ws/install/ur10e_description/share/ur10e_description/meshes/ur10e/visual/upperarm.dae
[0.501s] -- Installing: /home/robotics/robo_ws/install/ur10e_description/share/ur10e_description/meshes/ur10e/visual/wrist1.dae
[0.502s] -- Installing: /home/robotics/robo_ws/install/ur10e_description/share/ur10e_description/meshes/ur10e/visual/wrist2.dae
[0.503s] -- Installing: /home/robotics/robo_ws/install/ur10e_description/share/ur10e_description/meshes/ur10e/visual/wrist3.dae
[0.503s] -- Installing: /home/robotics/robo_ws/install/ur10e_description/share/ur10e_description/meshes/ur10e/visual/shoulder.dae
[0.503s] -- Installing: /home/robotics/robo_ws/install/ur10e_description/share/ur10e_description/meshes/ur10e/collision
[0.503s] -- Installing: /home/robotics/robo_ws/install/ur10e_description/share/ur10e_description/meshes/ur10e/collision/shoulder.stl
[0.503s] -- Installing: /home/robotics/robo_ws/install/ur10e_description/share/ur10e_description/meshes/ur10e/collision/wrist1.stl
[0.504s] -- Installing: /home/robotics/robo_ws/install/ur10e_description/share/ur10e_description/meshes/ur10e/collision/upperarm.stl
[0.504s] -- Installing: /home/robotics/robo_ws/install/ur10e_description/share/ur10e_description/meshes/ur10e/collision/forearm.stl
[0.504s] -- Installing: /home/robotics/robo_ws/install/ur10e_description/share/ur10e_description/meshes/ur10e/collision/wrist3.stl
[0.504s] -- Installing: /home/robotics/robo_ws/install/ur10e_description/share/ur10e_description/meshes/ur10e/collision/base.stl
[0.504s] -- Installing: /home/robotics/robo_ws/install/ur10e_description/share/ur10e_description/meshes/ur10e/collision/wrist2.stl
[0.504s] -- Installing: /home/robotics/robo_ws/install/ur10e_description/share/ur10e_description/urdf
[0.504s] -- Installing: /home/robotics/robo_ws/install/ur10e_description/share/ur10e_description/urdf/ur10e.urdf
[0.504s] -- Installing: /home/robotics/robo_ws/install/ur10e_description/share/ur10e_description/rviz
[0.504s] -- Installing: /home/robotics/robo_ws/install/ur10e_description/share/ur10e_description/rviz/urdf.rviz
[0.504s] -- Installing: /home/robotics/robo_ws/install/ur10e_description/share/ament_index/resource_index/package_run_dependencies/ur10e_description
[0.504s] -- Installing: /home/robotics/robo_ws/install/ur10e_description/share/ament_index/resource_index/parent_prefix_path/ur10e_description
[0.504s] -- Installing: /home/robotics/robo_ws/install/ur10e_description/share/ur10e_description/environment/ament_prefix_path.sh
[0.505s] -- Installing: /home/robotics/robo_ws/install/ur10e_description/share/ur10e_description/environment/ament_prefix_path.dsv
[0.505s] -- Installing: /home/robotics/robo_ws/install/ur10e_description/share/ur10e_description/environment/path.sh
[0.505s] -- Installing: /home/robotics/robo_ws/install/ur10e_description/share/ur10e_description/environment/path.dsv
[0.505s] -- Installing: /home/robotics/robo_ws/install/ur10e_description/share/ur10e_description/local_setup.bash
[0.505s] -- Installing: /home/robotics/robo_ws/install/ur10e_description/share/ur10e_description/local_setup.sh
[0.505s] -- Installing: /home/robotics/robo_ws/install/ur10e_description/share/ur10e_description/local_setup.zsh
[0.505s] -- Installing: /home/robotics/robo_ws/install/ur10e_description/share/ur10e_description/local_setup.dsv
[0.505s] -- Installing: /home/robotics/robo_ws/install/ur10e_description/share/ur10e_description/package.dsv
[0.505s] -- Installing: /home/robotics/robo_ws/install/ur10e_description/share/ament_index/resource_index/packages/ur10e_description
[0.505s] -- Installing: /home/robotics/robo_ws/install/ur10e_description/share/ur10e_description/cmake/ur10e_descriptionConfig.cmake
[0.505s] -- Installing: /home/robotics/robo_ws/install/ur10e_description/share/ur10e_description/cmake/ur10e_descriptionConfig-version.cmake
[0.506s] -- Installing: /home/robotics/robo_ws/install/ur10e_description/share/ur10e_description/package.xml
[0.507s] Invoked command in '/home/robotics/robo_ws/build/ur10e_description' returned '0': CMAKE_PREFIX_PATH=${CMAKE_PREFIX_PATH}:/home/robotics/moveit_ws/install/moveit_configs_utils:/home/robotics/robo_ws/install/rebar_control:/home/robotics/ros2_ws/install/rebar_control:/home/robotics/ws_moveit2/install/moveit_configs_utils:/opt/ros/humble /usr/bin/cmake --install /home/robotics/robo_ws/build/ur10e_description
