[0.014s] Invoking command in '/home/robotics/robo_ws/build/trac_ik_lib': CMAKE_PREFIX_PATH=${CMAKE_PREFIX_PATH}:/home/robotics/robo_ws/install/rebar_control:/home/robotics/ros2_ws/install/rebar_control:/home/robotics/ws_moveit2/install/moveit_configs_utils:/opt/ros/humble /usr/bin/cmake /home/robotics/robo_ws/src/trac_ik/trac_ik_lib -DCMAKE_INSTALL_PREFIX=/home/robotics/robo_ws/install/trac_ik_lib
[0.022s] -- Found ament_cmake: 1.3.12 (/opt/ros/humble/share/ament_cmake/cmake)
[0.087s] -- Found rclcpp: 16.0.17 (/opt/ros/humble/share/rclcpp/cmake)
[0.098s] -- Found rosidl_generator_c: 3.1.8 (/opt/ros/humble/share/rosidl_generator_c/cmake)
[0.099s] -- Found rosidl_adapter: 3.1.8 (/opt/ros/humble/share/rosidl_adapter/cmake)
[0.102s] -- Found rosidl_generator_cpp: 3.1.8 (/opt/ros/humble/share/rosidl_generator_cpp/cmake)
[0.108s] -- Using all available rosidl_typesupport_c: rosidl_typesupport_fastrtps_c;rosidl_typesupport_introspection_c
[0.112s] -- Using all available rosidl_typesupport_cpp: rosidl_typesupport_fastrtps_cpp;rosidl_typesupport_introspection_cpp
[0.126s] -- Found rmw_implementation_cmake: 6.1.2 (/opt/ros/humble/share/rmw_implementation_cmake/cmake)
[0.127s] -- Found rmw_fastrtps_cpp: 6.2.9 (/opt/ros/humble/share/rmw_fastrtps_cpp/cmake)
[0.187s] -- Using RMW implementation 'rmw_fastrtps_cpp' as default
[0.207s] -- Found geometry_msgs: 4.9.0 (/opt/ros/humble/share/geometry_msgs/cmake)
[0.212s] -- Found kdl_parser: 2.6.4 (/opt/ros/humble/share/kdl_parser/cmake)
[0.213s] -- Found eigen3_cmake_module: 0.1.1 (/opt/ros/humble/share/eigen3_cmake_module/cmake)
[0.214s] -- Ensuring Eigen3 include directory is part of orocos-kdl CMake target
[0.214s] -- Found urdf: 2.6.1 (/opt/ros/humble/share/urdf/cmake)
[0.230s] -- Found PkgConfig: /usr/bin/pkg-config (found version "0.29.2") 
[0.230s] -- Checking for module 'eigen3'
[0.242s] --   Found eigen3, version 3.4.0
[0.273s] -- Checking for module 'nlopt'
[0.282s] --   Found nlopt, version 2.7.1
[0.339s] -- Configuring done
[0.344s] -- Generating done
[0.347s] -- Build files have been written to: /home/robotics/robo_ws/build/trac_ik_lib
[0.352s] Invoked command in '/home/robotics/robo_ws/build/trac_ik_lib' returned '0': CMAKE_PREFIX_PATH=${CMAKE_PREFIX_PATH}:/home/robotics/robo_ws/install/rebar_control:/home/robotics/ros2_ws/install/rebar_control:/home/robotics/ws_moveit2/install/moveit_configs_utils:/opt/ros/humble /usr/bin/cmake /home/robotics/robo_ws/src/trac_ik/trac_ik_lib -DCMAKE_INSTALL_PREFIX=/home/robotics/robo_ws/install/trac_ik_lib
[0.352s] Invoking command in '/home/robotics/robo_ws/build/trac_ik_lib': CMAKE_PREFIX_PATH=${CMAKE_PREFIX_PATH}:/home/robotics/robo_ws/install/rebar_control:/home/robotics/ros2_ws/install/rebar_control:/home/robotics/ws_moveit2/install/moveit_configs_utils:/opt/ros/humble /usr/bin/cmake --build /home/robotics/robo_ws/build/trac_ik_lib -- -j24 -l24
[0.389s] [ 25%] [32mBuilding CXX object CMakeFiles/trac_ik.dir/src/nlopt_ik.cpp.o[0m
[0.389s] [ 50%] [32mBuilding CXX object CMakeFiles/trac_ik.dir/src/kdl_tl.cpp.o[0m
[0.389s] [ 75%] [32mBuilding CXX object CMakeFiles/trac_ik.dir/src/trac_ik.cpp.o[0m
[4.312s] [100%] [32m[1mLinking CXX shared library libtrac_ik.so[0m
[4.457s] [100%] Built target trac_ik
[4.465s] Invoked command in '/home/robotics/robo_ws/build/trac_ik_lib' returned '0': CMAKE_PREFIX_PATH=${CMAKE_PREFIX_PATH}:/home/robotics/robo_ws/install/rebar_control:/home/robotics/ros2_ws/install/rebar_control:/home/robotics/ws_moveit2/install/moveit_configs_utils:/opt/ros/humble /usr/bin/cmake --build /home/robotics/robo_ws/build/trac_ik_lib -- -j24 -l24
[4.466s] Invoking command in '/home/robotics/robo_ws/build/trac_ik_lib': CMAKE_PREFIX_PATH=${CMAKE_PREFIX_PATH}:/home/robotics/robo_ws/install/rebar_control:/home/robotics/ros2_ws/install/rebar_control:/home/robotics/ws_moveit2/install/moveit_configs_utils:/opt/ros/humble /usr/bin/cmake --install /home/robotics/robo_ws/build/trac_ik_lib
[4.472s] -- Install configuration: ""
[4.472s] -- Installing: /home/robotics/robo_ws/install/trac_ik_lib/include
[4.472s] -- Installing: /home/robotics/robo_ws/install/trac_ik_lib/include/trac_ik
[4.472s] -- Installing: /home/robotics/robo_ws/install/trac_ik_lib/include/trac_ik/trac_ik.hpp
[4.472s] -- Installing: /home/robotics/robo_ws/install/trac_ik_lib/include/trac_ik/nlopt_ik.hpp
[4.472s] -- Installing: /home/robotics/robo_ws/install/trac_ik_lib/include/trac_ik/kdl_tl.hpp
[4.472s] -- Installing: /home/robotics/robo_ws/install/trac_ik_lib/include/trac_ik/math3d.h
[4.472s] -- Installing: /home/robotics/robo_ws/install/trac_ik_lib/include/trac_ik/dual_quaternion.h
[4.472s] -- Installing: /home/robotics/robo_ws/install/trac_ik_lib/lib/libtrac_ik.so
[4.475s] -- Set runtime path of "/home/robotics/robo_ws/install/trac_ik_lib/lib/libtrac_ik.so" to ""
[4.475s] -- Installing: /home/robotics/robo_ws/install/trac_ik_lib/share/trac_ik_lib/environment/library_path.sh
[4.475s] -- Installing: /home/robotics/robo_ws/install/trac_ik_lib/share/trac_ik_lib/environment/library_path.dsv
[4.475s] -- Installing: /home/robotics/robo_ws/install/trac_ik_lib/share/ament_index/resource_index/package_run_dependencies/trac_ik_lib
[4.475s] -- Installing: /home/robotics/robo_ws/install/trac_ik_lib/share/ament_index/resource_index/parent_prefix_path/trac_ik_lib
[4.476s] -- Installing: /home/robotics/robo_ws/install/trac_ik_lib/share/trac_ik_lib/environment/ament_prefix_path.sh
[4.476s] -- Installing: /home/robotics/robo_ws/install/trac_ik_lib/share/trac_ik_lib/environment/ament_prefix_path.dsv
[4.476s] -- Installing: /home/robotics/robo_ws/install/trac_ik_lib/share/trac_ik_lib/environment/path.sh
[4.476s] -- Installing: /home/robotics/robo_ws/install/trac_ik_lib/share/trac_ik_lib/environment/path.dsv
[4.476s] -- Installing: /home/robotics/robo_ws/install/trac_ik_lib/share/trac_ik_lib/local_setup.bash
[4.476s] -- Installing: /home/robotics/robo_ws/install/trac_ik_lib/share/trac_ik_lib/local_setup.sh
[4.476s] -- Installing: /home/robotics/robo_ws/install/trac_ik_lib/share/trac_ik_lib/local_setup.zsh
[4.477s] -- Installing: /home/robotics/robo_ws/install/trac_ik_lib/share/trac_ik_lib/local_setup.dsv
[4.477s] -- Installing: /home/robotics/robo_ws/install/trac_ik_lib/share/trac_ik_lib/package.dsv
[4.477s] -- Installing: /home/robotics/robo_ws/install/trac_ik_lib/share/ament_index/resource_index/packages/trac_ik_lib
[4.477s] -- Installing: /home/robotics/robo_ws/install/trac_ik_lib/share/trac_ik_lib/cmake/export_trac_ik_libExport.cmake
[4.477s] -- Installing: /home/robotics/robo_ws/install/trac_ik_lib/share/trac_ik_lib/cmake/export_trac_ik_libExport-noconfig.cmake
[4.477s] -- Installing: /home/robotics/robo_ws/install/trac_ik_lib/share/trac_ik_lib/cmake/ament_cmake_export_libraries-extras.cmake
[4.477s] -- Installing: /home/robotics/robo_ws/install/trac_ik_lib/share/trac_ik_lib/cmake/ament_cmake_export_targets-extras.cmake
[4.477s] -- Installing: /home/robotics/robo_ws/install/trac_ik_lib/share/trac_ik_lib/cmake/ament_cmake_export_dependencies-extras.cmake
[4.477s] -- Installing: /home/robotics/robo_ws/install/trac_ik_lib/share/trac_ik_lib/cmake/ament_cmake_export_include_directories-extras.cmake
[4.477s] -- Installing: /home/robotics/robo_ws/install/trac_ik_lib/share/trac_ik_lib/cmake/trac_ik_libConfig.cmake
[4.477s] -- Installing: /home/robotics/robo_ws/install/trac_ik_lib/share/trac_ik_lib/cmake/trac_ik_libConfig-version.cmake
[4.477s] -- Installing: /home/robotics/robo_ws/install/trac_ik_lib/share/trac_ik_lib/package.xml
[4.478s] Invoked command in '/home/robotics/robo_ws/build/trac_ik_lib' returned '0': CMAKE_PREFIX_PATH=${CMAKE_PREFIX_PATH}:/home/robotics/robo_ws/install/rebar_control:/home/robotics/ros2_ws/install/rebar_control:/home/robotics/ws_moveit2/install/moveit_configs_utils:/opt/ros/humble /usr/bin/cmake --install /home/robotics/robo_ws/build/trac_ik_lib
