[0.051s] DEBUG:colcon:Command line arguments: ['/usr/bin/colcon', 'build']
[0.051s] DEBUG:colcon:Parsed command line arguments: Namespace(log_base=None, log_level=None, verb_name='build', build_base='build', install_base='install', merge_install=False, symlink_install=False, test_result_base=None, continue_on_error=False, executor='parallel', parallel_workers=24, event_handlers=None, ignore_user_meta=False, metas=['./colcon.meta'], base_paths=['.'], packages_ignore=None, packages_ignore_regex=None, paths=None, packages_up_to=None, packages_up_to_regex=None, packages_above=None, packages_above_and_dependencies=None, packages_above_depth=None, packages_select_by_dep=None, packages_skip_by_dep=None, packages_skip_up_to=None, packages_select_build_failed=False, packages_skip_build_finished=False, packages_select_test_failures=False, packages_skip_test_passed=False, packages_select=None, packages_skip=None, packages_select_regex=None, packages_skip_regex=None, packages_start=None, packages_end=None, allow_overriding=[], cmake_args=None, cmake_target=None, cmake_target_skip_unavailable=False, cmake_clean_cache=False, cmake_clean_first=False, cmake_force_configure=False, ament_cmake_args=None, catkin_cmake_args=None, catkin_skip_building_tests=False, verb_parser=<colcon_defaults.argument_parser.defaults.DefaultArgumentsDecorator object at 0x795660efa1d0>, verb_extension=<colcon_core.verb.build.BuildVerb object at 0x795660ef9c90>, main=<bound method BuildVerb.main of <colcon_core.verb.build.BuildVerb object at 0x795660ef9c90>>)
[0.147s] Level 1:colcon.colcon_core.package_discovery:discover_packages(colcon_meta) check parameters
[0.147s] Level 1:colcon.colcon_core.package_discovery:discover_packages(recursive) check parameters
[0.147s] Level 1:colcon.colcon_core.package_discovery:discover_packages(ignore) check parameters
[0.147s] Level 1:colcon.colcon_core.package_discovery:discover_packages(path) check parameters
[0.147s] Level 1:colcon.colcon_core.package_discovery:discover_packages(colcon_meta) discover
[0.147s] Level 1:colcon.colcon_core.package_discovery:discover_packages(recursive) discover
[0.147s] INFO:colcon.colcon_core.package_discovery:Crawling recursively for packages in '/home/robotics/robo_ws'
[0.147s] Level 1:colcon.colcon_core.package_identification:_identify(.) by extensions ['ignore', 'ignore_ament_install']
[0.147s] Level 1:colcon.colcon_core.package_identification:_identify(.) by extension 'ignore'
[0.147s] Level 1:colcon.colcon_core.package_identification:_identify(.) by extension 'ignore_ament_install'
[0.147s] Level 1:colcon.colcon_core.package_identification:_identify(.) by extensions ['colcon_pkg']
[0.147s] Level 1:colcon.colcon_core.package_identification:_identify(.) by extension 'colcon_pkg'
[0.147s] Level 1:colcon.colcon_core.package_identification:_identify(.) by extensions ['colcon_meta']
[0.147s] Level 1:colcon.colcon_core.package_identification:_identify(.) by extension 'colcon_meta'
[0.147s] Level 1:colcon.colcon_core.package_identification:_identify(.) by extensions ['ros']
[0.147s] Level 1:colcon.colcon_core.package_identification:_identify(.) by extension 'ros'
[0.152s] Level 1:colcon.colcon_core.package_identification:_identify(.) by extensions ['cmake', 'python']
[0.152s] Level 1:colcon.colcon_core.package_identification:_identify(.) by extension 'cmake'
[0.152s] Level 1:colcon.colcon_core.package_identification:_identify(.) by extension 'python'
[0.152s] Level 1:colcon.colcon_core.package_identification:_identify(.) by extensions ['python_setup_py']
[0.152s] Level 1:colcon.colcon_core.package_identification:_identify(.) by extension 'python_setup_py'
[0.152s] Level 1:colcon.colcon_core.package_identification:_identify(build) by extensions ['ignore', 'ignore_ament_install']
[0.152s] Level 1:colcon.colcon_core.package_identification:_identify(build) by extension 'ignore'
[0.152s] Level 1:colcon.colcon_core.package_identification:_identify(build) ignored
[0.152s] Level 1:colcon.colcon_core.package_identification:_identify(install) by extensions ['ignore', 'ignore_ament_install']
[0.152s] Level 1:colcon.colcon_core.package_identification:_identify(install) by extension 'ignore'
[0.152s] Level 1:colcon.colcon_core.package_identification:_identify(install) ignored
[0.152s] Level 1:colcon.colcon_core.package_identification:_identify(log) by extensions ['ignore', 'ignore_ament_install']
[0.152s] Level 1:colcon.colcon_core.package_identification:_identify(log) by extension 'ignore'
[0.152s] Level 1:colcon.colcon_core.package_identification:_identify(log) ignored
[0.152s] Level 1:colcon.colcon_core.package_identification:_identify(src) by extensions ['ignore', 'ignore_ament_install']
[0.152s] Level 1:colcon.colcon_core.package_identification:_identify(src) by extension 'ignore'
[0.152s] Level 1:colcon.colcon_core.package_identification:_identify(src) by extension 'ignore_ament_install'
[0.153s] Level 1:colcon.colcon_core.package_identification:_identify(src) by extensions ['colcon_pkg']
[0.153s] Level 1:colcon.colcon_core.package_identification:_identify(src) by extension 'colcon_pkg'
[0.153s] Level 1:colcon.colcon_core.package_identification:_identify(src) by extensions ['colcon_meta']
[0.153s] Level 1:colcon.colcon_core.package_identification:_identify(src) by extension 'colcon_meta'
[0.153s] Level 1:colcon.colcon_core.package_identification:_identify(src) by extensions ['ros']
[0.153s] Level 1:colcon.colcon_core.package_identification:_identify(src) by extension 'ros'
[0.153s] Level 1:colcon.colcon_core.package_identification:_identify(src) by extensions ['cmake', 'python']
[0.153s] Level 1:colcon.colcon_core.package_identification:_identify(src) by extension 'cmake'
[0.153s] Level 1:colcon.colcon_core.package_identification:_identify(src) by extension 'python'
[0.153s] Level 1:colcon.colcon_core.package_identification:_identify(src) by extensions ['python_setup_py']
[0.153s] Level 1:colcon.colcon_core.package_identification:_identify(src) by extension 'python_setup_py'
[0.153s] Level 1:colcon.colcon_core.package_identification:_identify(src/moveit_ur10) by extensions ['ignore', 'ignore_ament_install']
[0.153s] Level 1:colcon.colcon_core.package_identification:_identify(src/moveit_ur10) by extension 'ignore'
[0.153s] Level 1:colcon.colcon_core.package_identification:_identify(src/moveit_ur10) by extension 'ignore_ament_install'
[0.153s] Level 1:colcon.colcon_core.package_identification:_identify(src/moveit_ur10) by extensions ['colcon_pkg']
[0.153s] Level 1:colcon.colcon_core.package_identification:_identify(src/moveit_ur10) by extension 'colcon_pkg'
[0.153s] Level 1:colcon.colcon_core.package_identification:_identify(src/moveit_ur10) by extensions ['colcon_meta']
[0.153s] Level 1:colcon.colcon_core.package_identification:_identify(src/moveit_ur10) by extension 'colcon_meta'
[0.153s] Level 1:colcon.colcon_core.package_identification:_identify(src/moveit_ur10) by extensions ['ros']
[0.153s] Level 1:colcon.colcon_core.package_identification:_identify(src/moveit_ur10) by extension 'ros'
[0.155s] DEBUG:colcon.colcon_core.package_identification:Package 'src/moveit_ur10' with type 'ros.ament_cmake' and name 'moveit_ur10'
[0.155s] Level 1:colcon.colcon_core.package_identification:_identify(src/rebar) by extensions ['ignore', 'ignore_ament_install']
[0.155s] Level 1:colcon.colcon_core.package_identification:_identify(src/rebar) by extension 'ignore'
[0.155s] Level 1:colcon.colcon_core.package_identification:_identify(src/rebar) by extension 'ignore_ament_install'
[0.155s] Level 1:colcon.colcon_core.package_identification:_identify(src/rebar) by extensions ['colcon_pkg']
[0.155s] Level 1:colcon.colcon_core.package_identification:_identify(src/rebar) by extension 'colcon_pkg'
[0.155s] Level 1:colcon.colcon_core.package_identification:_identify(src/rebar) by extensions ['colcon_meta']
[0.155s] Level 1:colcon.colcon_core.package_identification:_identify(src/rebar) by extension 'colcon_meta'
[0.155s] Level 1:colcon.colcon_core.package_identification:_identify(src/rebar) by extensions ['ros']
[0.155s] Level 1:colcon.colcon_core.package_identification:_identify(src/rebar) by extension 'ros'
[0.155s] Level 1:colcon.colcon_core.package_identification:_identify(src/rebar) by extensions ['cmake', 'python']
[0.155s] Level 1:colcon.colcon_core.package_identification:_identify(src/rebar) by extension 'cmake'
[0.155s] Level 1:colcon.colcon_core.package_identification:_identify(src/rebar) by extension 'python'
[0.155s] Level 1:colcon.colcon_core.package_identification:_identify(src/rebar) by extensions ['python_setup_py']
[0.155s] Level 1:colcon.colcon_core.package_identification:_identify(src/rebar) by extension 'python_setup_py'
[0.155s] Level 1:colcon.colcon_core.package_identification:_identify(src/rebar_control) by extensions ['ignore', 'ignore_ament_install']
[0.155s] Level 1:colcon.colcon_core.package_identification:_identify(src/rebar_control) by extension 'ignore'
[0.155s] Level 1:colcon.colcon_core.package_identification:_identify(src/rebar_control) by extension 'ignore_ament_install'
[0.155s] Level 1:colcon.colcon_core.package_identification:_identify(src/rebar_control) by extensions ['colcon_pkg']
[0.155s] Level 1:colcon.colcon_core.package_identification:_identify(src/rebar_control) by extension 'colcon_pkg'
[0.155s] Level 1:colcon.colcon_core.package_identification:_identify(src/rebar_control) by extensions ['colcon_meta']
[0.155s] Level 1:colcon.colcon_core.package_identification:_identify(src/rebar_control) by extension 'colcon_meta'
[0.156s] Level 1:colcon.colcon_core.package_identification:_identify(src/rebar_control) by extensions ['ros']
[0.156s] Level 1:colcon.colcon_core.package_identification:_identify(src/rebar_control) by extension 'ros'
[0.157s] DEBUG:colcon.colcon_core.package_identification:Package 'src/rebar_control' with type 'ros.ament_python' and name 'rebar_control'
[0.157s] Level 1:colcon.colcon_core.package_identification:_identify(src/trac_ik) by extensions ['ignore', 'ignore_ament_install']
[0.157s] Level 1:colcon.colcon_core.package_identification:_identify(src/trac_ik) by extension 'ignore'
[0.157s] Level 1:colcon.colcon_core.package_identification:_identify(src/trac_ik) by extension 'ignore_ament_install'
[0.157s] Level 1:colcon.colcon_core.package_identification:_identify(src/trac_ik) by extensions ['colcon_pkg']
[0.157s] Level 1:colcon.colcon_core.package_identification:_identify(src/trac_ik) by extension 'colcon_pkg'
[0.157s] Level 1:colcon.colcon_core.package_identification:_identify(src/trac_ik) by extensions ['colcon_meta']
[0.157s] Level 1:colcon.colcon_core.package_identification:_identify(src/trac_ik) by extension 'colcon_meta'
[0.157s] Level 1:colcon.colcon_core.package_identification:_identify(src/trac_ik) by extensions ['ros']
[0.157s] Level 1:colcon.colcon_core.package_identification:_identify(src/trac_ik) by extension 'ros'
[0.157s] Level 1:colcon.colcon_core.package_identification:_identify(src/trac_ik) by extensions ['cmake', 'python']
[0.157s] Level 1:colcon.colcon_core.package_identification:_identify(src/trac_ik) by extension 'cmake'
[0.157s] Level 1:colcon.colcon_core.package_identification:_identify(src/trac_ik) by extension 'python'
[0.157s] Level 1:colcon.colcon_core.package_identification:_identify(src/trac_ik) by extensions ['python_setup_py']
[0.157s] Level 1:colcon.colcon_core.package_identification:_identify(src/trac_ik) by extension 'python_setup_py'
[0.157s] Level 1:colcon.colcon_core.package_identification:_identify(src/trac_ik/trac_ik) by extensions ['ignore', 'ignore_ament_install']
[0.157s] Level 1:colcon.colcon_core.package_identification:_identify(src/trac_ik/trac_ik) by extension 'ignore'
[0.157s] Level 1:colcon.colcon_core.package_identification:_identify(src/trac_ik/trac_ik) by extension 'ignore_ament_install'
[0.157s] Level 1:colcon.colcon_core.package_identification:_identify(src/trac_ik/trac_ik) by extensions ['colcon_pkg']
[0.157s] Level 1:colcon.colcon_core.package_identification:_identify(src/trac_ik/trac_ik) by extension 'colcon_pkg'
[0.158s] Level 1:colcon.colcon_core.package_identification:_identify(src/trac_ik/trac_ik) by extensions ['colcon_meta']
[0.158s] Level 1:colcon.colcon_core.package_identification:_identify(src/trac_ik/trac_ik) by extension 'colcon_meta'
[0.158s] Level 1:colcon.colcon_core.package_identification:_identify(src/trac_ik/trac_ik) by extensions ['ros']
[0.158s] Level 1:colcon.colcon_core.package_identification:_identify(src/trac_ik/trac_ik) by extension 'ros'
[0.158s] DEBUG:colcon.colcon_core.package_identification:Package 'src/trac_ik/trac_ik' with type 'ros.ament_cmake' and name 'trac_ik'
[0.158s] Level 1:colcon.colcon_core.package_identification:_identify(src/trac_ik/trac_ik_examples) by extensions ['ignore', 'ignore_ament_install']
[0.158s] Level 1:colcon.colcon_core.package_identification:_identify(src/trac_ik/trac_ik_examples) by extension 'ignore'
[0.158s] Level 1:colcon.colcon_core.package_identification:_identify(src/trac_ik/trac_ik_examples) ignored
[0.158s] Level 1:colcon.colcon_core.package_identification:_identify(src/trac_ik/trac_ik_kinematics_plugin) by extensions ['ignore', 'ignore_ament_install']
[0.158s] Level 1:colcon.colcon_core.package_identification:_identify(src/trac_ik/trac_ik_kinematics_plugin) by extension 'ignore'
[0.158s] Level 1:colcon.colcon_core.package_identification:_identify(src/trac_ik/trac_ik_kinematics_plugin) by extension 'ignore_ament_install'
[0.158s] Level 1:colcon.colcon_core.package_identification:_identify(src/trac_ik/trac_ik_kinematics_plugin) by extensions ['colcon_pkg']
[0.158s] Level 1:colcon.colcon_core.package_identification:_identify(src/trac_ik/trac_ik_kinematics_plugin) by extension 'colcon_pkg'
[0.158s] Level 1:colcon.colcon_core.package_identification:_identify(src/trac_ik/trac_ik_kinematics_plugin) by extensions ['colcon_meta']
[0.158s] Level 1:colcon.colcon_core.package_identification:_identify(src/trac_ik/trac_ik_kinematics_plugin) by extension 'colcon_meta'
[0.158s] Level 1:colcon.colcon_core.package_identification:_identify(src/trac_ik/trac_ik_kinematics_plugin) by extensions ['ros']
[0.158s] Level 1:colcon.colcon_core.package_identification:_identify(src/trac_ik/trac_ik_kinematics_plugin) by extension 'ros'
[0.159s] DEBUG:colcon.colcon_core.package_identification:Package 'src/trac_ik/trac_ik_kinematics_plugin' with type 'ros.ament_cmake' and name 'trac_ik_kinematics_plugin'
[0.159s] Level 1:colcon.colcon_core.package_identification:_identify(src/trac_ik/trac_ik_lib) by extensions ['ignore', 'ignore_ament_install']
[0.159s] Level 1:colcon.colcon_core.package_identification:_identify(src/trac_ik/trac_ik_lib) by extension 'ignore'
[0.159s] Level 1:colcon.colcon_core.package_identification:_identify(src/trac_ik/trac_ik_lib) by extension 'ignore_ament_install'
[0.159s] Level 1:colcon.colcon_core.package_identification:_identify(src/trac_ik/trac_ik_lib) by extensions ['colcon_pkg']
[0.159s] Level 1:colcon.colcon_core.package_identification:_identify(src/trac_ik/trac_ik_lib) by extension 'colcon_pkg'
[0.159s] Level 1:colcon.colcon_core.package_identification:_identify(src/trac_ik/trac_ik_lib) by extensions ['colcon_meta']
[0.159s] Level 1:colcon.colcon_core.package_identification:_identify(src/trac_ik/trac_ik_lib) by extension 'colcon_meta'
[0.159s] Level 1:colcon.colcon_core.package_identification:_identify(src/trac_ik/trac_ik_lib) by extensions ['ros']
[0.159s] Level 1:colcon.colcon_core.package_identification:_identify(src/trac_ik/trac_ik_lib) by extension 'ros'
[0.159s] DEBUG:colcon.colcon_core.package_identification:Package 'src/trac_ik/trac_ik_lib' with type 'ros.ament_cmake' and name 'trac_ik_lib'
[0.160s] Level 1:colcon.colcon_core.package_identification:_identify(src/trac_ik/trac_ik_python) by extensions ['ignore', 'ignore_ament_install']
[0.160s] Level 1:colcon.colcon_core.package_identification:_identify(src/trac_ik/trac_ik_python) by extension 'ignore'
[0.160s] Level 1:colcon.colcon_core.package_identification:_identify(src/trac_ik/trac_ik_python) ignored
[0.160s] Level 1:colcon.colcon_core.package_identification:_identify(src/ur10e_description) by extensions ['ignore', 'ignore_ament_install']
[0.160s] Level 1:colcon.colcon_core.package_identification:_identify(src/ur10e_description) by extension 'ignore'
[0.160s] Level 1:colcon.colcon_core.package_identification:_identify(src/ur10e_description) by extension 'ignore_ament_install'
[0.160s] Level 1:colcon.colcon_core.package_identification:_identify(src/ur10e_description) by extensions ['colcon_pkg']
[0.160s] Level 1:colcon.colcon_core.package_identification:_identify(src/ur10e_description) by extension 'colcon_pkg'
[0.160s] Level 1:colcon.colcon_core.package_identification:_identify(src/ur10e_description) by extensions ['colcon_meta']
[0.160s] Level 1:colcon.colcon_core.package_identification:_identify(src/ur10e_description) by extension 'colcon_meta'
[0.160s] Level 1:colcon.colcon_core.package_identification:_identify(src/ur10e_description) by extensions ['ros']
[0.160s] Level 1:colcon.colcon_core.package_identification:_identify(src/ur10e_description) by extension 'ros'
[0.166s] DEBUG:colcon.colcon_core.package_identification:Package 'src/ur10e_description' with type 'ros.ament_cmake' and name 'ur10e_description'
[0.166s] Level 1:colcon.colcon_core.package_discovery:discover_packages(recursive) using defaults
[0.166s] Level 1:colcon.colcon_core.package_discovery:discover_packages(ignore) discover
[0.166s] Level 1:colcon.colcon_core.package_discovery:discover_packages(ignore) using defaults
[0.167s] Level 1:colcon.colcon_core.package_discovery:discover_packages(path) discover
[0.167s] Level 1:colcon.colcon_core.package_discovery:discover_packages(path) using defaults
[0.177s] Level 1:colcon.colcon_core.package_discovery:discover_packages(prefix_path) check parameters
[0.177s] Level 1:colcon.colcon_core.package_discovery:discover_packages(prefix_path) discover
[0.178s] DEBUG:colcon.colcon_installed_package_information.package_discovery:Found 3 installed packages in /home/robotics/robo_ws/install
[0.179s] DEBUG:colcon.colcon_installed_package_information.package_discovery:Found 2 installed packages in /home/robotics/ros2_ws/install
[0.179s] DEBUG:colcon.colcon_installed_package_information.package_discovery:Found 39 installed packages in /home/robotics/ws_moveit2/install
[0.180s] DEBUG:colcon.colcon_installed_package_information.package_discovery:Found 379 installed packages in /opt/ros/humble
[0.181s] Level 1:colcon.colcon_core.package_discovery:discover_packages(prefix_path) using defaults
[0.200s] Level 5:colcon.colcon_core.verb:set package 'rebar_control' build argument 'cmake_args' from command line to 'None'
[0.200s] Level 5:colcon.colcon_core.verb:set package 'rebar_control' build argument 'cmake_target' from command line to 'None'
[0.200s] Level 5:colcon.colcon_core.verb:set package 'rebar_control' build argument 'cmake_target_skip_unavailable' from command line to 'False'
[0.200s] Level 5:colcon.colcon_core.verb:set package 'rebar_control' build argument 'cmake_clean_cache' from command line to 'False'
[0.200s] Level 5:colcon.colcon_core.verb:set package 'rebar_control' build argument 'cmake_clean_first' from command line to 'False'
[0.200s] Level 5:colcon.colcon_core.verb:set package 'rebar_control' build argument 'cmake_force_configure' from command line to 'False'
[0.201s] Level 5:colcon.colcon_core.verb:set package 'rebar_control' build argument 'ament_cmake_args' from command line to 'None'
[0.201s] Level 5:colcon.colcon_core.verb:set package 'rebar_control' build argument 'catkin_cmake_args' from command line to 'None'
[0.201s] Level 5:colcon.colcon_core.verb:set package 'rebar_control' build argument 'catkin_skip_building_tests' from command line to 'False'
[0.201s] DEBUG:colcon.colcon_core.verb:Building package 'rebar_control' with the following arguments: {'ament_cmake_args': None, 'build_base': '/home/robotics/robo_ws/build/rebar_control', 'catkin_cmake_args': None, 'catkin_skip_building_tests': False, 'cmake_args': None, 'cmake_clean_cache': False, 'cmake_clean_first': False, 'cmake_force_configure': False, 'cmake_target': None, 'cmake_target_skip_unavailable': False, 'install_base': '/home/robotics/robo_ws/install/rebar_control', 'merge_install': False, 'path': '/home/robotics/robo_ws/src/rebar_control', 'symlink_install': False, 'test_result_base': None}
[0.201s] Level 5:colcon.colcon_core.verb:set package 'trac_ik_lib' build argument 'cmake_args' from command line to 'None'
[0.201s] Level 5:colcon.colcon_core.verb:set package 'trac_ik_lib' build argument 'cmake_target' from command line to 'None'
[0.201s] Level 5:colcon.colcon_core.verb:set package 'trac_ik_lib' build argument 'cmake_target_skip_unavailable' from command line to 'False'
[0.201s] Level 5:colcon.colcon_core.verb:set package 'trac_ik_lib' build argument 'cmake_clean_cache' from command line to 'False'
[0.201s] Level 5:colcon.colcon_core.verb:set package 'trac_ik_lib' build argument 'cmake_clean_first' from command line to 'False'
[0.201s] Level 5:colcon.colcon_core.verb:set package 'trac_ik_lib' build argument 'cmake_force_configure' from command line to 'False'
[0.201s] Level 5:colcon.colcon_core.verb:set package 'trac_ik_lib' build argument 'ament_cmake_args' from command line to 'None'
[0.201s] Level 5:colcon.colcon_core.verb:set package 'trac_ik_lib' build argument 'catkin_cmake_args' from command line to 'None'
[0.201s] Level 5:colcon.colcon_core.verb:set package 'trac_ik_lib' build argument 'catkin_skip_building_tests' from command line to 'False'
[0.201s] DEBUG:colcon.colcon_core.verb:Building package 'trac_ik_lib' with the following arguments: {'ament_cmake_args': None, 'build_base': '/home/robotics/robo_ws/build/trac_ik_lib', 'catkin_cmake_args': None, 'catkin_skip_building_tests': False, 'cmake_args': None, 'cmake_clean_cache': False, 'cmake_clean_first': False, 'cmake_force_configure': False, 'cmake_target': None, 'cmake_target_skip_unavailable': False, 'install_base': '/home/robotics/robo_ws/install/trac_ik_lib', 'merge_install': False, 'path': '/home/robotics/robo_ws/src/trac_ik/trac_ik_lib', 'symlink_install': False, 'test_result_base': None}
[0.201s] Level 5:colcon.colcon_core.verb:set package 'ur10e_description' build argument 'cmake_args' from command line to 'None'
[0.201s] Level 5:colcon.colcon_core.verb:set package 'ur10e_description' build argument 'cmake_target' from command line to 'None'
[0.201s] Level 5:colcon.colcon_core.verb:set package 'ur10e_description' build argument 'cmake_target_skip_unavailable' from command line to 'False'
[0.201s] Level 5:colcon.colcon_core.verb:set package 'ur10e_description' build argument 'cmake_clean_cache' from command line to 'False'
[0.201s] Level 5:colcon.colcon_core.verb:set package 'ur10e_description' build argument 'cmake_clean_first' from command line to 'False'
[0.201s] Level 5:colcon.colcon_core.verb:set package 'ur10e_description' build argument 'cmake_force_configure' from command line to 'False'
[0.201s] Level 5:colcon.colcon_core.verb:set package 'ur10e_description' build argument 'ament_cmake_args' from command line to 'None'
[0.201s] Level 5:colcon.colcon_core.verb:set package 'ur10e_description' build argument 'catkin_cmake_args' from command line to 'None'
[0.201s] Level 5:colcon.colcon_core.verb:set package 'ur10e_description' build argument 'catkin_skip_building_tests' from command line to 'False'
[0.201s] DEBUG:colcon.colcon_core.verb:Building package 'ur10e_description' with the following arguments: {'ament_cmake_args': None, 'build_base': '/home/robotics/robo_ws/build/ur10e_description', 'catkin_cmake_args': None, 'catkin_skip_building_tests': False, 'cmake_args': None, 'cmake_clean_cache': False, 'cmake_clean_first': False, 'cmake_force_configure': False, 'cmake_target': None, 'cmake_target_skip_unavailable': False, 'install_base': '/home/robotics/robo_ws/install/ur10e_description', 'merge_install': False, 'path': '/home/robotics/robo_ws/src/ur10e_description', 'symlink_install': False, 'test_result_base': None}
[0.201s] Level 5:colcon.colcon_core.verb:set package 'trac_ik_kinematics_plugin' build argument 'cmake_args' from command line to 'None'
[0.201s] Level 5:colcon.colcon_core.verb:set package 'trac_ik_kinematics_plugin' build argument 'cmake_target' from command line to 'None'
[0.201s] Level 5:colcon.colcon_core.verb:set package 'trac_ik_kinematics_plugin' build argument 'cmake_target_skip_unavailable' from command line to 'False'
[0.201s] Level 5:colcon.colcon_core.verb:set package 'trac_ik_kinematics_plugin' build argument 'cmake_clean_cache' from command line to 'False'
[0.201s] Level 5:colcon.colcon_core.verb:set package 'trac_ik_kinematics_plugin' build argument 'cmake_clean_first' from command line to 'False'
[0.201s] Level 5:colcon.colcon_core.verb:set package 'trac_ik_kinematics_plugin' build argument 'cmake_force_configure' from command line to 'False'
[0.201s] Level 5:colcon.colcon_core.verb:set package 'trac_ik_kinematics_plugin' build argument 'ament_cmake_args' from command line to 'None'
[0.201s] Level 5:colcon.colcon_core.verb:set package 'trac_ik_kinematics_plugin' build argument 'catkin_cmake_args' from command line to 'None'
[0.201s] Level 5:colcon.colcon_core.verb:set package 'trac_ik_kinematics_plugin' build argument 'catkin_skip_building_tests' from command line to 'False'
[0.201s] DEBUG:colcon.colcon_core.verb:Building package 'trac_ik_kinematics_plugin' with the following arguments: {'ament_cmake_args': None, 'build_base': '/home/robotics/robo_ws/build/trac_ik_kinematics_plugin', 'catkin_cmake_args': None, 'catkin_skip_building_tests': False, 'cmake_args': None, 'cmake_clean_cache': False, 'cmake_clean_first': False, 'cmake_force_configure': False, 'cmake_target': None, 'cmake_target_skip_unavailable': False, 'install_base': '/home/robotics/robo_ws/install/trac_ik_kinematics_plugin', 'merge_install': False, 'path': '/home/robotics/robo_ws/src/trac_ik/trac_ik_kinematics_plugin', 'symlink_install': False, 'test_result_base': None}
[0.201s] Level 5:colcon.colcon_core.verb:set package 'moveit_ur10' build argument 'cmake_args' from command line to 'None'
[0.201s] Level 5:colcon.colcon_core.verb:set package 'moveit_ur10' build argument 'cmake_target' from command line to 'None'
[0.201s] Level 5:colcon.colcon_core.verb:set package 'moveit_ur10' build argument 'cmake_target_skip_unavailable' from command line to 'False'
[0.201s] Level 5:colcon.colcon_core.verb:set package 'moveit_ur10' build argument 'cmake_clean_cache' from command line to 'False'
[0.201s] Level 5:colcon.colcon_core.verb:set package 'moveit_ur10' build argument 'cmake_clean_first' from command line to 'False'
[0.201s] Level 5:colcon.colcon_core.verb:set package 'moveit_ur10' build argument 'cmake_force_configure' from command line to 'False'
[0.201s] Level 5:colcon.colcon_core.verb:set package 'moveit_ur10' build argument 'ament_cmake_args' from command line to 'None'
[0.201s] Level 5:colcon.colcon_core.verb:set package 'moveit_ur10' build argument 'catkin_cmake_args' from command line to 'None'
[0.201s] Level 5:colcon.colcon_core.verb:set package 'moveit_ur10' build argument 'catkin_skip_building_tests' from command line to 'False'
[0.201s] DEBUG:colcon.colcon_core.verb:Building package 'moveit_ur10' with the following arguments: {'ament_cmake_args': None, 'build_base': '/home/robotics/robo_ws/build/moveit_ur10', 'catkin_cmake_args': None, 'catkin_skip_building_tests': False, 'cmake_args': None, 'cmake_clean_cache': False, 'cmake_clean_first': False, 'cmake_force_configure': False, 'cmake_target': None, 'cmake_target_skip_unavailable': False, 'install_base': '/home/robotics/robo_ws/install/moveit_ur10', 'merge_install': False, 'path': '/home/robotics/robo_ws/src/moveit_ur10', 'symlink_install': False, 'test_result_base': None}
[0.201s] Level 5:colcon.colcon_core.verb:set package 'trac_ik' build argument 'cmake_args' from command line to 'None'
[0.201s] Level 5:colcon.colcon_core.verb:set package 'trac_ik' build argument 'cmake_target' from command line to 'None'
[0.201s] Level 5:colcon.colcon_core.verb:set package 'trac_ik' build argument 'cmake_target_skip_unavailable' from command line to 'False'
[0.201s] Level 5:colcon.colcon_core.verb:set package 'trac_ik' build argument 'cmake_clean_cache' from command line to 'False'
[0.201s] Level 5:colcon.colcon_core.verb:set package 'trac_ik' build argument 'cmake_clean_first' from command line to 'False'
[0.202s] Level 5:colcon.colcon_core.verb:set package 'trac_ik' build argument 'cmake_force_configure' from command line to 'False'
[0.202s] Level 5:colcon.colcon_core.verb:set package 'trac_ik' build argument 'ament_cmake_args' from command line to 'None'
[0.202s] Level 5:colcon.colcon_core.verb:set package 'trac_ik' build argument 'catkin_cmake_args' from command line to 'None'
[0.202s] Level 5:colcon.colcon_core.verb:set package 'trac_ik' build argument 'catkin_skip_building_tests' from command line to 'False'
[0.202s] DEBUG:colcon.colcon_core.verb:Building package 'trac_ik' with the following arguments: {'ament_cmake_args': None, 'build_base': '/home/robotics/robo_ws/build/trac_ik', 'catkin_cmake_args': None, 'catkin_skip_building_tests': False, 'cmake_args': None, 'cmake_clean_cache': False, 'cmake_clean_first': False, 'cmake_force_configure': False, 'cmake_target': None, 'cmake_target_skip_unavailable': False, 'install_base': '/home/robotics/robo_ws/install/trac_ik', 'merge_install': False, 'path': '/home/robotics/robo_ws/src/trac_ik/trac_ik', 'symlink_install': False, 'test_result_base': None}
[0.202s] INFO:colcon.colcon_core.executor:Executing jobs using 'parallel' executor
[0.202s] DEBUG:colcon.colcon_parallel_executor.executor.parallel:run_until_complete
[0.202s] INFO:colcon.colcon_ros.task.ament_cmake.build:Building ROS package in '/home/robotics/robo_ws/src/trac_ik/trac_ik_lib' with build type 'ament_cmake'
[0.202s] INFO:colcon.colcon_cmake.task.cmake.build:Building CMake package in '/home/robotics/robo_ws/src/trac_ik/trac_ik_lib'
[0.203s] INFO:colcon.colcon_core.plugin_system:Skipping extension 'colcon_core.shell.bat': Not used on non-Windows systems
[0.203s] INFO:colcon.colcon_core.shell:Skip shell extension 'powershell' for command environment: Not usable outside of PowerShell
[0.203s] DEBUG:colcon.colcon_core.shell:Skip shell extension 'dsv' for command environment
[0.207s] INFO:colcon.colcon_ros.task.ament_cmake.build:Building ROS package in '/home/robotics/robo_ws/src/ur10e_description' with build type 'ament_cmake'
[0.207s] INFO:colcon.colcon_cmake.task.cmake.build:Building CMake package in '/home/robotics/robo_ws/src/ur10e_description'
[0.207s] INFO:colcon.colcon_core.shell:Skip shell extension 'powershell' for command environment: Not usable outside of PowerShell
[0.207s] DEBUG:colcon.colcon_core.shell:Skip shell extension 'dsv' for command environment
[0.210s] INFO:colcon.colcon_ros.task.ament_python.build:Building ROS package in '/home/robotics/robo_ws/src/rebar_control' with build type 'ament_python'
[0.210s] Level 1:colcon.colcon_core.shell:create_environment_hook('rebar_control', 'ament_prefix_path')
[0.210s] INFO:colcon.colcon_core.shell:Creating environment hook '/home/robotics/robo_ws/install/rebar_control/share/rebar_control/hook/ament_prefix_path.ps1'
[0.211s] INFO:colcon.colcon_core.shell:Creating environment descriptor '/home/robotics/robo_ws/install/rebar_control/share/rebar_control/hook/ament_prefix_path.dsv'
[0.211s] INFO:colcon.colcon_core.shell:Creating environment hook '/home/robotics/robo_ws/install/rebar_control/share/rebar_control/hook/ament_prefix_path.sh'
[0.212s] INFO:colcon.colcon_core.shell:Skip shell extension 'powershell' for command environment: Not usable outside of PowerShell
[0.212s] DEBUG:colcon.colcon_core.shell:Skip shell extension 'dsv' for command environment
[0.218s] DEBUG:colcon.colcon_core.event_handler.log_command:Invoking command in '/home/robotics/robo_ws/build/trac_ik_lib': CMAKE_PREFIX_PATH=${CMAKE_PREFIX_PATH}:/home/robotics/robo_ws/install/rebar_control:/home/robotics/ros2_ws/install/rebar_control:/home/robotics/ws_moveit2/install/moveit_configs_utils:/opt/ros/humble /usr/bin/cmake /home/robotics/robo_ws/src/trac_ik/trac_ik_lib -DCMAKE_INSTALL_PREFIX=/home/robotics/robo_ws/install/trac_ik_lib
[0.221s] DEBUG:colcon.colcon_core.event_handler.log_command:Invoking command in '/home/robotics/robo_ws/build/ur10e_description': CMAKE_PREFIX_PATH=${CMAKE_PREFIX_PATH}:/home/robotics/robo_ws/install/rebar_control:/home/robotics/ros2_ws/install/rebar_control:/home/robotics/ws_moveit2/install/moveit_configs_utils:/opt/ros/humble /usr/bin/cmake --build /home/robotics/robo_ws/build/ur10e_description -- -j24 -l24
[0.336s] INFO:colcon.colcon_core.task.python.build:Building Python package in '/home/robotics/robo_ws/src/rebar_control'
[0.336s] INFO:colcon.colcon_core.shell:Skip shell extension 'powershell' for command environment: Not usable outside of PowerShell
[0.336s] DEBUG:colcon.colcon_core.shell:Skip shell extension 'dsv' for command environment
[0.342s] DEBUG:colcon.colcon_core.event_handler.log_command:Invoked command in '/home/robotics/robo_ws/build/ur10e_description' returned '0': CMAKE_PREFIX_PATH=${CMAKE_PREFIX_PATH}:/home/robotics/robo_ws/install/rebar_control:/home/robotics/ros2_ws/install/rebar_control:/home/robotics/ws_moveit2/install/moveit_configs_utils:/opt/ros/humble /usr/bin/cmake --build /home/robotics/robo_ws/build/ur10e_description -- -j24 -l24
[0.348s] DEBUG:colcon.colcon_core.event_handler.log_command:Invoking command in '/home/robotics/robo_ws/build/ur10e_description': CMAKE_PREFIX_PATH=${CMAKE_PREFIX_PATH}:/home/robotics/robo_ws/install/rebar_control:/home/robotics/ros2_ws/install/rebar_control:/home/robotics/ws_moveit2/install/moveit_configs_utils:/opt/ros/humble /usr/bin/cmake --install /home/robotics/robo_ws/build/ur10e_description
[0.359s] Level 1:colcon.colcon_core.environment:create_environment_scripts_only(ur10e_description)
[0.359s] DEBUG:colcon.colcon_core.event_handler.log_command:Invoked command in '/home/robotics/robo_ws/build/ur10e_description' returned '0': CMAKE_PREFIX_PATH=${CMAKE_PREFIX_PATH}:/home/robotics/robo_ws/install/rebar_control:/home/robotics/ros2_ws/install/rebar_control:/home/robotics/ws_moveit2/install/moveit_configs_utils:/opt/ros/humble /usr/bin/cmake --install /home/robotics/robo_ws/build/ur10e_description
[0.360s] Level 1:colcon.colcon_core.environment:checking '/home/robotics/robo_ws/install/ur10e_description' for CMake module files
[0.360s] Level 1:colcon.colcon_core.environment:checking '/home/robotics/robo_ws/install/ur10e_description' for CMake config files
[0.361s] Level 1:colcon.colcon_core.shell:create_environment_hook('ur10e_description', 'cmake_prefix_path')
[0.361s] INFO:colcon.colcon_core.shell:Creating environment hook '/home/robotics/robo_ws/install/ur10e_description/share/ur10e_description/hook/cmake_prefix_path.ps1'
[0.361s] INFO:colcon.colcon_core.shell:Creating environment descriptor '/home/robotics/robo_ws/install/ur10e_description/share/ur10e_description/hook/cmake_prefix_path.dsv'
[0.361s] INFO:colcon.colcon_core.shell:Creating environment hook '/home/robotics/robo_ws/install/ur10e_description/share/ur10e_description/hook/cmake_prefix_path.sh'
[0.362s] Level 1:colcon.colcon_core.environment:checking '/home/robotics/robo_ws/install/ur10e_description/bin'
[0.362s] Level 1:colcon.colcon_core.environment:checking '/home/robotics/robo_ws/install/ur10e_description/lib/pkgconfig/ur10e_description.pc'
[0.362s] Level 1:colcon.colcon_core.environment:checking '/home/robotics/robo_ws/install/ur10e_description/lib/python3.10/site-packages'
[0.362s] Level 1:colcon.colcon_core.environment:checking '/home/robotics/robo_ws/install/ur10e_description/bin'
[0.362s] INFO:colcon.colcon_core.shell:Creating package script '/home/robotics/robo_ws/install/ur10e_description/share/ur10e_description/package.ps1'
[0.363s] INFO:colcon.colcon_core.shell:Creating package descriptor '/home/robotics/robo_ws/install/ur10e_description/share/ur10e_description/package.dsv'
[0.363s] INFO:colcon.colcon_core.shell:Creating package script '/home/robotics/robo_ws/install/ur10e_description/share/ur10e_description/package.sh'
[0.363s] INFO:colcon.colcon_core.shell:Creating package script '/home/robotics/robo_ws/install/ur10e_description/share/ur10e_description/package.bash'
[0.363s] INFO:colcon.colcon_core.shell:Creating package script '/home/robotics/robo_ws/install/ur10e_description/share/ur10e_description/package.zsh'
[0.364s] Level 1:colcon.colcon_core.environment:create_file_with_runtime_dependencies(/home/robotics/robo_ws/install/ur10e_description/share/colcon-core/packages/ur10e_description)
[0.364s] Level 1:colcon.colcon_core.environment:create_environment_scripts_only(ur10e_description)
[0.364s] Level 1:colcon.colcon_core.environment:checking '/home/robotics/robo_ws/install/ur10e_description' for CMake module files
[0.364s] Level 1:colcon.colcon_core.environment:checking '/home/robotics/robo_ws/install/ur10e_description' for CMake config files
[0.364s] Level 1:colcon.colcon_core.shell:create_environment_hook('ur10e_description', 'cmake_prefix_path')
[0.364s] INFO:colcon.colcon_core.shell:Creating environment hook '/home/robotics/robo_ws/install/ur10e_description/share/ur10e_description/hook/cmake_prefix_path.ps1'
[0.364s] INFO:colcon.colcon_core.shell:Creating environment descriptor '/home/robotics/robo_ws/install/ur10e_description/share/ur10e_description/hook/cmake_prefix_path.dsv'
[0.365s] INFO:colcon.colcon_core.shell:Creating environment hook '/home/robotics/robo_ws/install/ur10e_description/share/ur10e_description/hook/cmake_prefix_path.sh'
[0.365s] Level 1:colcon.colcon_core.environment:checking '/home/robotics/robo_ws/install/ur10e_description/bin'
[0.365s] Level 1:colcon.colcon_core.environment:checking '/home/robotics/robo_ws/install/ur10e_description/lib/pkgconfig/ur10e_description.pc'
[0.365s] Level 1:colcon.colcon_core.environment:checking '/home/robotics/robo_ws/install/ur10e_description/lib/python3.10/site-packages'
[0.365s] Level 1:colcon.colcon_core.environment:checking '/home/robotics/robo_ws/install/ur10e_description/bin'
[0.365s] INFO:colcon.colcon_core.shell:Creating package script '/home/robotics/robo_ws/install/ur10e_description/share/ur10e_description/package.ps1'
[0.365s] INFO:colcon.colcon_core.shell:Creating package descriptor '/home/robotics/robo_ws/install/ur10e_description/share/ur10e_description/package.dsv'
[0.366s] INFO:colcon.colcon_core.shell:Creating package script '/home/robotics/robo_ws/install/ur10e_description/share/ur10e_description/package.sh'
[0.366s] INFO:colcon.colcon_core.shell:Creating package script '/home/robotics/robo_ws/install/ur10e_description/share/ur10e_description/package.bash'
[0.366s] INFO:colcon.colcon_core.shell:Creating package script '/home/robotics/robo_ws/install/ur10e_description/share/ur10e_description/package.zsh'
[0.366s] Level 1:colcon.colcon_core.environment:create_file_with_runtime_dependencies(/home/robotics/robo_ws/install/ur10e_description/share/colcon-core/packages/ur10e_description)
[0.511s] DEBUG:colcon.colcon_core.event_handler.log_command:Invoking command in '/home/robotics/robo_ws/src/rebar_control': PYTHONPATH=/home/robotics/robo_ws/build/rebar_control/prefix_override:/usr/lib/python3/dist-packages/colcon_core/task/python/colcon_distutils_commands:/home/robotics/robo_ws/install/rebar_control/lib/python3.10/site-packages:${PYTHONPATH} /usr/bin/python3 -W ignore:setup.py install is deprecated -W ignore:easy_install command is deprecated setup.py egg_info --egg-base ../../build/rebar_control build --build-base /home/robotics/robo_ws/build/rebar_control/build install --record /home/robotics/robo_ws/build/rebar_control/install.log --single-version-externally-managed install_data
[0.650s] Level 1:colcon.colcon_core.environment:checking '/home/robotics/robo_ws/install/rebar_control' for CMake module files
[0.650s] DEBUG:colcon.colcon_core.event_handler.log_command:Invoked command in '/home/robotics/robo_ws/src/rebar_control' returned '0': PYTHONPATH=/home/robotics/robo_ws/build/rebar_control/prefix_override:/usr/lib/python3/dist-packages/colcon_core/task/python/colcon_distutils_commands:/home/robotics/robo_ws/install/rebar_control/lib/python3.10/site-packages:${PYTHONPATH} /usr/bin/python3 -W ignore:setup.py install is deprecated -W ignore:easy_install command is deprecated setup.py egg_info --egg-base ../../build/rebar_control build --build-base /home/robotics/robo_ws/build/rebar_control/build install --record /home/robotics/robo_ws/build/rebar_control/install.log --single-version-externally-managed install_data
[0.650s] Level 1:colcon.colcon_core.environment:checking '/home/robotics/robo_ws/install/rebar_control' for CMake config files
[0.651s] Level 1:colcon.colcon_core.environment:checking '/home/robotics/robo_ws/install/rebar_control/lib'
[0.651s] Level 1:colcon.colcon_core.environment:checking '/home/robotics/robo_ws/install/rebar_control/bin'
[0.651s] Level 1:colcon.colcon_core.environment:checking '/home/robotics/robo_ws/install/rebar_control/lib/pkgconfig/rebar_control.pc'
[0.651s] Level 1:colcon.colcon_core.environment:checking '/home/robotics/robo_ws/install/rebar_control/lib/python3.10/site-packages'
[0.651s] Level 1:colcon.colcon_core.shell:create_environment_hook('rebar_control', 'pythonpath')
[0.651s] INFO:colcon.colcon_core.shell:Creating environment hook '/home/robotics/robo_ws/install/rebar_control/share/rebar_control/hook/pythonpath.ps1'
[0.651s] INFO:colcon.colcon_core.shell:Creating environment descriptor '/home/robotics/robo_ws/install/rebar_control/share/rebar_control/hook/pythonpath.dsv'
[0.652s] INFO:colcon.colcon_core.shell:Creating environment hook '/home/robotics/robo_ws/install/rebar_control/share/rebar_control/hook/pythonpath.sh'
[0.652s] Level 1:colcon.colcon_core.environment:checking '/home/robotics/robo_ws/install/rebar_control/bin'
[0.652s] Level 1:colcon.colcon_core.environment:create_environment_scripts_only(rebar_control)
[0.652s] INFO:colcon.colcon_core.shell:Creating package script '/home/robotics/robo_ws/install/rebar_control/share/rebar_control/package.ps1'
[0.653s] INFO:colcon.colcon_core.shell:Creating package descriptor '/home/robotics/robo_ws/install/rebar_control/share/rebar_control/package.dsv'
[0.653s] INFO:colcon.colcon_core.shell:Creating package script '/home/robotics/robo_ws/install/rebar_control/share/rebar_control/package.sh'
[0.653s] INFO:colcon.colcon_core.shell:Creating package script '/home/robotics/robo_ws/install/rebar_control/share/rebar_control/package.bash'
[0.653s] INFO:colcon.colcon_core.shell:Creating package script '/home/robotics/robo_ws/install/rebar_control/share/rebar_control/package.zsh'
[0.653s] Level 1:colcon.colcon_core.environment:create_file_with_runtime_dependencies(/home/robotics/robo_ws/install/rebar_control/share/colcon-core/packages/rebar_control)
[0.989s] DEBUG:colcon.colcon_core.event_handler.log_command:Invoked command in '/home/robotics/robo_ws/build/trac_ik_lib' returned '1': CMAKE_PREFIX_PATH=${CMAKE_PREFIX_PATH}:/home/robotics/robo_ws/install/rebar_control:/home/robotics/ros2_ws/install/rebar_control:/home/robotics/ws_moveit2/install/moveit_configs_utils:/opt/ros/humble /usr/bin/cmake /home/robotics/robo_ws/src/trac_ik/trac_ik_lib -DCMAKE_INSTALL_PREFIX=/home/robotics/robo_ws/install/trac_ik_lib
[0.998s] Level 1:colcon.colcon_core.environment:create_environment_scripts_only(trac_ik_lib)
[0.999s] Level 1:colcon.colcon_core.environment:checking '/home/robotics/robo_ws/install/trac_ik_lib' for CMake module files
[0.999s] Level 1:colcon.colcon_core.environment:checking '/home/robotics/robo_ws/install/trac_ik_lib' for CMake config files
[0.999s] Level 1:colcon.colcon_core.environment:checking '/home/robotics/robo_ws/install/trac_ik_lib/bin'
[0.999s] Level 1:colcon.colcon_core.environment:checking '/home/robotics/robo_ws/install/trac_ik_lib/lib/pkgconfig/trac_ik_lib.pc'
[0.999s] Level 1:colcon.colcon_core.environment:checking '/home/robotics/robo_ws/install/trac_ik_lib/lib/python3.10/site-packages'
[0.999s] Level 1:colcon.colcon_core.environment:checking '/home/robotics/robo_ws/install/trac_ik_lib/bin'
[0.999s] INFO:colcon.colcon_core.shell:Creating package script '/home/robotics/robo_ws/install/trac_ik_lib/share/trac_ik_lib/package.ps1'
[1.000s] INFO:colcon.colcon_core.shell:Creating package descriptor '/home/robotics/robo_ws/install/trac_ik_lib/share/trac_ik_lib/package.dsv'
[1.000s] INFO:colcon.colcon_core.shell:Creating package script '/home/robotics/robo_ws/install/trac_ik_lib/share/trac_ik_lib/package.sh'
[1.000s] INFO:colcon.colcon_core.shell:Creating package script '/home/robotics/robo_ws/install/trac_ik_lib/share/trac_ik_lib/package.bash'
[1.000s] INFO:colcon.colcon_core.shell:Creating package script '/home/robotics/robo_ws/install/trac_ik_lib/share/trac_ik_lib/package.zsh'
[1.001s] Level 1:colcon.colcon_core.environment:create_file_with_runtime_dependencies(/home/robotics/robo_ws/install/trac_ik_lib/share/colcon-core/packages/trac_ik_lib)
[1.011s] DEBUG:colcon.colcon_parallel_executor.executor.parallel:closing loop
[1.011s] DEBUG:colcon.colcon_parallel_executor.executor.parallel:loop closed
[1.011s] DEBUG:colcon.colcon_parallel_executor.executor.parallel:run_until_complete finished with '1'
[1.011s] DEBUG:colcon.colcon_core.event_reactor:joining thread
[1.015s] INFO:colcon.colcon_core.plugin_system:Skipping extension 'colcon_notification.desktop_notification.terminal_notifier': Not used on non-Darwin systems
[1.015s] INFO:colcon.colcon_core.plugin_system:Skipping extension 'colcon_notification.desktop_notification.win32': Not used on non-Windows systems
[1.015s] INFO:colcon.colcon_notification.desktop_notification:Sending desktop notification using 'notify2'
[1.024s] DEBUG:colcon.colcon_core.event_reactor:joined thread
[1.024s] INFO:colcon.colcon_core.shell:Creating prefix script '/home/robotics/robo_ws/install/local_setup.ps1'
[1.025s] INFO:colcon.colcon_core.shell:Creating prefix util module '/home/robotics/robo_ws/install/_local_setup_util_ps1.py'
[1.027s] INFO:colcon.colcon_core.shell:Creating prefix chain script '/home/robotics/robo_ws/install/setup.ps1'
[1.029s] INFO:colcon.colcon_core.shell:Creating prefix script '/home/robotics/robo_ws/install/local_setup.sh'
[1.029s] INFO:colcon.colcon_core.shell:Creating prefix util module '/home/robotics/robo_ws/install/_local_setup_util_sh.py'
[1.031s] INFO:colcon.colcon_core.shell:Creating prefix chain script '/home/robotics/robo_ws/install/setup.sh'
[1.034s] INFO:colcon.colcon_core.shell:Creating prefix script '/home/robotics/robo_ws/install/local_setup.bash'
[1.034s] INFO:colcon.colcon_core.shell:Creating prefix chain script '/home/robotics/robo_ws/install/setup.bash'
[1.035s] INFO:colcon.colcon_core.shell:Creating prefix script '/home/robotics/robo_ws/install/local_setup.zsh'
[1.036s] INFO:colcon.colcon_core.shell:Creating prefix chain script '/home/robotics/robo_ws/install/setup.zsh'
