[0.306s] Invoking command in '/home/robotics/robo_ws/src/rebar_control': PYTHONPATH=/home/robotics/robo_ws/build/rebar_control/prefix_override:/usr/lib/python3/dist-packages/colcon_core/task/python/colcon_distutils_commands:/home/robotics/robo_ws/install/rebar_control/lib/python3.10/site-packages:${PYTHONPATH} /usr/bin/python3 -W ignore:setup.py install is deprecated -W ignore:easy_install command is deprecated setup.py egg_info --egg-base ../../build/rebar_control build --build-base /home/robotics/robo_ws/build/rebar_control/build install --record /home/robotics/robo_ws/build/rebar_control/install.log --single-version-externally-managed install_data
[0.411s] running egg_info
[0.411s] creating ../../build/rebar_control/rebar_control.egg-info
[0.411s] writing ../../build/rebar_control/rebar_control.egg-info/PKG-INFO
[0.411s] writing dependency_links to ../../build/rebar_control/rebar_control.egg-info/dependency_links.txt
[0.412s] writing entry points to ../../build/rebar_control/rebar_control.egg-info/entry_points.txt
[0.412s] writing requirements to ../../build/rebar_control/rebar_control.egg-info/requires.txt
[0.412s] writing top-level names to ../../build/rebar_control/rebar_control.egg-info/top_level.txt
[0.412s] writing manifest file '../../build/rebar_control/rebar_control.egg-info/SOURCES.txt'
[0.413s] reading manifest file '../../build/rebar_control/rebar_control.egg-info/SOURCES.txt'
[0.413s] writing manifest file '../../build/rebar_control/rebar_control.egg-info/SOURCES.txt'
[0.413s] running build
[0.413s] running build_py
[0.413s] creating /home/robotics/robo_ws/build/rebar_control/build
[0.413s] creating /home/robotics/robo_ws/build/rebar_control/build/lib
[0.413s] creating /home/robotics/robo_ws/build/rebar_control/build/lib/rebar_control
[0.414s] copying rebar_control/rebar_mover_py.py -> /home/robotics/robo_ws/build/rebar_control/build/lib/rebar_control
[0.414s] copying rebar_control/__init__.py -> /home/robotics/robo_ws/build/rebar_control/build/lib/rebar_control
[0.414s] running install
[0.414s] running install_lib
[0.414s] creating /home/robotics/robo_ws/install/rebar_control/lib/python3.10/site-packages/rebar_control
[0.414s] copying /home/robotics/robo_ws/build/rebar_control/build/lib/rebar_control/rebar_mover_py.py -> /home/robotics/robo_ws/install/rebar_control/lib/python3.10/site-packages/rebar_control
[0.414s] copying /home/robotics/robo_ws/build/rebar_control/build/lib/rebar_control/__init__.py -> /home/robotics/robo_ws/install/rebar_control/lib/python3.10/site-packages/rebar_control
[0.414s] byte-compiling /home/robotics/robo_ws/install/rebar_control/lib/python3.10/site-packages/rebar_control/rebar_mover_py.py to rebar_mover_py.cpython-310.pyc
[0.416s] byte-compiling /home/robotics/robo_ws/install/rebar_control/lib/python3.10/site-packages/rebar_control/__init__.py to __init__.cpython-310.pyc
[0.416s] running install_data
[0.416s] creating /home/robotics/robo_ws/install/rebar_control/share/ament_index
[0.416s] creating /home/robotics/robo_ws/install/rebar_control/share/ament_index/resource_index
[0.416s] creating /home/robotics/robo_ws/install/rebar_control/share/ament_index/resource_index/packages
[0.416s] copying resource/rebar_control -> /home/robotics/robo_ws/install/rebar_control/share/ament_index/resource_index/packages
[0.416s] copying package.xml -> /home/robotics/robo_ws/install/rebar_control/share/rebar_control
[0.416s] creating /home/robotics/robo_ws/install/rebar_control/share/rebar_control/launch
[0.416s] copying launch/rebar.launch.py -> /home/robotics/robo_ws/install/rebar_control/share/rebar_control/launch
[0.417s] running install_egg_info
[0.418s] Copying ../../build/rebar_control/rebar_control.egg-info to /home/robotics/robo_ws/install/rebar_control/lib/python3.10/site-packages/rebar_control-0.0.0-py3.10.egg-info
[0.418s] running install_scripts
[0.429s] Installing rebar_mover script to /home/robotics/robo_ws/install/rebar_control/lib/rebar_control
[0.429s] writing list of installed files to '/home/robotics/robo_ws/build/rebar_control/install.log'
[0.440s] Invoked command in '/home/robotics/robo_ws/src/rebar_control' returned '0': PYTHONPATH=/home/robotics/robo_ws/build/rebar_control/prefix_override:/usr/lib/python3/dist-packages/colcon_core/task/python/colcon_distutils_commands:/home/robotics/robo_ws/install/rebar_control/lib/python3.10/site-packages:${PYTHONPATH} /usr/bin/python3 -W ignore:setup.py install is deprecated -W ignore:easy_install command is deprecated setup.py egg_info --egg-base ../../build/rebar_control build --build-base /home/robotics/robo_ws/build/rebar_control/build install --record /home/robotics/robo_ws/build/rebar_control/install.log --single-version-externally-managed install_data
