[0.012s] Invoking command in '/home/robotics/robo_ws/build/trac_ik_kinematics_plugin': AMENT_PREFIX_PATH=/home/robotics/robo_ws/install/trac_ik_lib:${AMENT_PREFIX_PATH} CMAKE_PREFIX_PATH=/home/robotics/robo_ws/install/trac_ik_lib:/home/robotics/robo_ws/install/moveit_ur10:/home/robotics/robo_ws/install/ur10e_description:/home/robotics/ws_moveit2/install/pilz_industrial_motion_planner_testutils:/home/robotics/ws_moveit2/install/moveit_runtime:/home/robotics/ws_moveit2/install/moveit:/home/robotics/ws_moveit2/install/moveit_planners:/home/robotics/ws_moveit2/install/pilz_industrial_motion_planner:/home/robotics/ws_moveit2/install/moveit_ros_control_interface:/home/robotics/ws_moveit2/install/moveit_plugins:/home/robotics/ws_moveit2/install/moveit_simple_controller_manager:/home/robotics/ws_moveit2/install/moveit_setup_assistant:/home/robotics/ws_moveit2/install/moveit_setup_srdf_plugins:/home/robotics/ws_moveit2/install/moveit_setup_core_plugins:/home/robotics/ws_moveit2/install/moveit_setup_controllers:/home/robotics/ws_moveit2/install/moveit_setup_app_plugins:/home/robotics/ws_moveit2/install/moveit_setup_framework:/home/robotics/ws_moveit2/install/moveit_servo:/home/robotics/ws_moveit2/install/moveit_ros:/home/robotics/ws_moveit2/install/moveit_ros_visualization:/home/robotics/ws_moveit2/install/moveit_py:/home/robotics/ws_moveit2/install/moveit_hybrid_planning:/home/robotics/ws_moveit2/install/moveit_ros_planning_interface:/home/robotics/ws_moveit2/install/moveit_ros_benchmarks:/home/robotics/ws_moveit2/install/moveit_ros_warehouse:/home/robotics/ws_moveit2/install/moveit_ros_robot_interaction:/home/robotics/ws_moveit2/install/moveit_ros_perception:/home/robotics/ws_moveit2/install/moveit_resources_prbt_pg70_support:/home/robotics/ws_moveit2/install/moveit_resources_prbt_moveit_config:/home/robotics/ws_moveit2/install/moveit_ros_move_group:/home/robotics/ws_moveit2/install/moveit_planners_ompl:/home/robotics/ws_moveit2/install/moveit_ros_planning:/home/robotics/ws_moveit2/install/moveit_ros_occupancy_map_monitor:/home/robotics/ws_moveit2/install/moveit_resources_prbt_support:/home/robotics/ws_moveit2/install/moveit_resources_prbt_ikfast_manipulator_plugin:/home/robotics/ws_moveit2/install/moveit_planners_chomp:/home/robotics/ws_moveit2/install/moveit_kinematics:/home/robotics/ws_moveit2/install/moveit_chomp_optimizer_adapter:/home/robotics/ws_moveit2/install/chomp_motion_planner:/home/robotics/ws_moveit2/install/moveit_core:/home/robotics/ws_moveit2/install/moveit_common:/home/robotics/robo_ws/install/rebar_control:/home/robotics/ros2_ws/install/rebar_control:/home/robotics/ws_moveit2/install/moveit_configs_utils:/opt/ros/humble LD_LIBRARY_PATH=/home/robotics/robo_ws/install/trac_ik_lib/lib:${LD_LIBRARY_PATH} /usr/bin/cmake /home/robotics/robo_ws/src/trac_ik/trac_ik_kinematics_plugin -DCMAKE_INSTALL_PREFIX=/home/robotics/robo_ws/install/trac_ik_kinematics_plugin
[0.048s] -- The C compiler identification is GNU 11.4.0
[0.077s] -- The CXX compiler identification is GNU 11.4.0
[0.079s] -- Detecting C compiler ABI info
[0.129s] -- Detecting C compiler ABI info - done
[0.133s] -- Check for working C compiler: /usr/bin/cc - skipped
[0.133s] -- Detecting C compile features
[0.133s] -- Detecting C compile features - done
[0.134s] -- Detecting CXX compiler ABI info
[0.183s] -- Detecting CXX compiler ABI info - done
[0.186s] -- Check for working CXX compiler: /usr/bin/c++ - skipped
[0.187s] -- Detecting CXX compile features
[0.187s] -- Detecting CXX compile features - done
[0.192s] -- Found ament_cmake: 1.3.12 (/opt/ros/humble/share/ament_cmake/cmake)
[0.277s] -- Found Python3: /usr/bin/python3 (found version "3.10.12") found components: Interpreter 
[0.349s] -- Found rclcpp: 16.0.17 (/opt/ros/humble/share/rclcpp/cmake)
[0.391s] -- Found rosidl_generator_c: 3.1.8 (/opt/ros/humble/share/rosidl_generator_c/cmake)
[0.397s] -- Found rosidl_adapter: 3.1.8 (/opt/ros/humble/share/rosidl_adapter/cmake)
[0.405s] -- Found rosidl_generator_cpp: 3.1.8 (/opt/ros/humble/share/rosidl_generator_cpp/cmake)
[0.415s] -- Using all available rosidl_typesupport_c: rosidl_typesupport_fastrtps_c;rosidl_typesupport_introspection_c
[0.428s] -- Using all available rosidl_typesupport_cpp: rosidl_typesupport_fastrtps_cpp;rosidl_typesupport_introspection_cpp
[0.470s] -- Found rmw_implementation_cmake: 6.1.2 (/opt/ros/humble/share/rmw_implementation_cmake/cmake)
[0.474s] -- Found rmw_fastrtps_cpp: 6.2.9 (/opt/ros/humble/share/rmw_fastrtps_cpp/cmake)
[0.544s] -- Found OpenSSL: /usr/lib/x86_64-linux-gnu/libcrypto.so (found version "3.0.2")  
[0.562s] -- Found FastRTPS: /opt/ros/humble/include  
[0.587s] -- Using RMW implementation 'rmw_fastrtps_cpp' as default
[0.595s] -- Looking for pthread.h
[0.644s] -- Looking for pthread.h - found
[0.644s] -- Performing Test CMAKE_HAVE_LIBC_PTHREAD
[0.693s] -- Performing Test CMAKE_HAVE_LIBC_PTHREAD - Success
[0.694s] -- Found Threads: TRUE  
[0.728s] -- Found moveit_core: 2.5.9 (/home/robotics/ws_moveit2/install/moveit_core/share/moveit_core/cmake)
[0.764s] -- Found Boost: /usr/lib/x86_64-linux-gnu/cmake/Boost-1.74.0/BoostConfig.cmake (found version "1.74.0") found components: chrono date_time filesystem iostreams program_options regex serialization system thread 
[0.801s] -- Found parameter_traits: 0.6.0 (/opt/ros/humble/share/parameter_traits/cmake)
[0.813s] -- Found rclcpp_lifecycle: 16.0.17 (/opt/ros/humble/share/rclcpp_lifecycle/cmake)
[0.830s] -- Found Boost: /usr/lib/x86_64-linux-gnu/cmake/Boost-1.74.0/BoostConfig.cmake (found version "1.74.0") found components: filesystem 
[0.905s] -- library: /usr/lib/x86_64-linux-gnu/libcurl.so
[0.945s] -- Found Eigen3: TRUE (found version "3.4.0") 
[0.945s] -- Ensuring Eigen3 include directory is part of orocos-kdl CMake target
[1.100s] -- Found trac_ik_lib: 2.0.2 (/home/robotics/robo_ws/install/trac_ik_lib/share/trac_ik_lib/cmake)
[1.145s] -- Configuring done
[1.157s] -- Generating done
[1.160s] -- Build files have been written to: /home/robotics/robo_ws/build/trac_ik_kinematics_plugin
[1.168s] Invoked command in '/home/robotics/robo_ws/build/trac_ik_kinematics_plugin' returned '0': AMENT_PREFIX_PATH=/home/robotics/robo_ws/install/trac_ik_lib:${AMENT_PREFIX_PATH} CMAKE_PREFIX_PATH=/home/robotics/robo_ws/install/trac_ik_lib:/home/robotics/robo_ws/install/moveit_ur10:/home/robotics/robo_ws/install/ur10e_description:/home/robotics/ws_moveit2/install/pilz_industrial_motion_planner_testutils:/home/robotics/ws_moveit2/install/moveit_runtime:/home/robotics/ws_moveit2/install/moveit:/home/robotics/ws_moveit2/install/moveit_planners:/home/robotics/ws_moveit2/install/pilz_industrial_motion_planner:/home/robotics/ws_moveit2/install/moveit_ros_control_interface:/home/robotics/ws_moveit2/install/moveit_plugins:/home/robotics/ws_moveit2/install/moveit_simple_controller_manager:/home/robotics/ws_moveit2/install/moveit_setup_assistant:/home/robotics/ws_moveit2/install/moveit_setup_srdf_plugins:/home/robotics/ws_moveit2/install/moveit_setup_core_plugins:/home/robotics/ws_moveit2/install/moveit_setup_controllers:/home/robotics/ws_moveit2/install/moveit_setup_app_plugins:/home/robotics/ws_moveit2/install/moveit_setup_framework:/home/robotics/ws_moveit2/install/moveit_servo:/home/robotics/ws_moveit2/install/moveit_ros:/home/robotics/ws_moveit2/install/moveit_ros_visualization:/home/robotics/ws_moveit2/install/moveit_py:/home/robotics/ws_moveit2/install/moveit_hybrid_planning:/home/robotics/ws_moveit2/install/moveit_ros_planning_interface:/home/robotics/ws_moveit2/install/moveit_ros_benchmarks:/home/robotics/ws_moveit2/install/moveit_ros_warehouse:/home/robotics/ws_moveit2/install/moveit_ros_robot_interaction:/home/robotics/ws_moveit2/install/moveit_ros_perception:/home/robotics/ws_moveit2/install/moveit_resources_prbt_pg70_support:/home/robotics/ws_moveit2/install/moveit_resources_prbt_moveit_config:/home/robotics/ws_moveit2/install/moveit_ros_move_group:/home/robotics/ws_moveit2/install/moveit_planners_ompl:/home/robotics/ws_moveit2/install/moveit_ros_planning:/home/robotics/ws_moveit2/install/moveit_ros_occupancy_map_monitor:/home/robotics/ws_moveit2/install/moveit_resources_prbt_support:/home/robotics/ws_moveit2/install/moveit_resources_prbt_ikfast_manipulator_plugin:/home/robotics/ws_moveit2/install/moveit_planners_chomp:/home/robotics/ws_moveit2/install/moveit_kinematics:/home/robotics/ws_moveit2/install/moveit_chomp_optimizer_adapter:/home/robotics/ws_moveit2/install/chomp_motion_planner:/home/robotics/ws_moveit2/install/moveit_core:/home/robotics/ws_moveit2/install/moveit_common:/home/robotics/robo_ws/install/rebar_control:/home/robotics/ros2_ws/install/rebar_control:/home/robotics/ws_moveit2/install/moveit_configs_utils:/opt/ros/humble LD_LIBRARY_PATH=/home/robotics/robo_ws/install/trac_ik_lib/lib:${LD_LIBRARY_PATH} /usr/bin/cmake /home/robotics/robo_ws/src/trac_ik/trac_ik_kinematics_plugin -DCMAKE_INSTALL_PREFIX=/home/robotics/robo_ws/install/trac_ik_kinematics_plugin
[1.171s] Invoking command in '/home/robotics/robo_ws/build/trac_ik_kinematics_plugin': AMENT_PREFIX_PATH=/home/robotics/robo_ws/install/trac_ik_lib:${AMENT_PREFIX_PATH} CMAKE_PREFIX_PATH=/home/robotics/robo_ws/install/trac_ik_lib:/home/robotics/robo_ws/install/moveit_ur10:/home/robotics/robo_ws/install/ur10e_description:/home/robotics/ws_moveit2/install/pilz_industrial_motion_planner_testutils:/home/robotics/ws_moveit2/install/moveit_runtime:/home/robotics/ws_moveit2/install/moveit:/home/robotics/ws_moveit2/install/moveit_planners:/home/robotics/ws_moveit2/install/pilz_industrial_motion_planner:/home/robotics/ws_moveit2/install/moveit_ros_control_interface:/home/robotics/ws_moveit2/install/moveit_plugins:/home/robotics/ws_moveit2/install/moveit_simple_controller_manager:/home/robotics/ws_moveit2/install/moveit_setup_assistant:/home/robotics/ws_moveit2/install/moveit_setup_srdf_plugins:/home/robotics/ws_moveit2/install/moveit_setup_core_plugins:/home/robotics/ws_moveit2/install/moveit_setup_controllers:/home/robotics/ws_moveit2/install/moveit_setup_app_plugins:/home/robotics/ws_moveit2/install/moveit_setup_framework:/home/robotics/ws_moveit2/install/moveit_servo:/home/robotics/ws_moveit2/install/moveit_ros:/home/robotics/ws_moveit2/install/moveit_ros_visualization:/home/robotics/ws_moveit2/install/moveit_py:/home/robotics/ws_moveit2/install/moveit_hybrid_planning:/home/robotics/ws_moveit2/install/moveit_ros_planning_interface:/home/robotics/ws_moveit2/install/moveit_ros_benchmarks:/home/robotics/ws_moveit2/install/moveit_ros_warehouse:/home/robotics/ws_moveit2/install/moveit_ros_robot_interaction:/home/robotics/ws_moveit2/install/moveit_ros_perception:/home/robotics/ws_moveit2/install/moveit_resources_prbt_pg70_support:/home/robotics/ws_moveit2/install/moveit_resources_prbt_moveit_config:/home/robotics/ws_moveit2/install/moveit_ros_move_group:/home/robotics/ws_moveit2/install/moveit_planners_ompl:/home/robotics/ws_moveit2/install/moveit_ros_planning:/home/robotics/ws_moveit2/install/moveit_ros_occupancy_map_monitor:/home/robotics/ws_moveit2/install/moveit_resources_prbt_support:/home/robotics/ws_moveit2/install/moveit_resources_prbt_ikfast_manipulator_plugin:/home/robotics/ws_moveit2/install/moveit_planners_chomp:/home/robotics/ws_moveit2/install/moveit_kinematics:/home/robotics/ws_moveit2/install/moveit_chomp_optimizer_adapter:/home/robotics/ws_moveit2/install/chomp_motion_planner:/home/robotics/ws_moveit2/install/moveit_core:/home/robotics/ws_moveit2/install/moveit_common:/home/robotics/robo_ws/install/rebar_control:/home/robotics/ros2_ws/install/rebar_control:/home/robotics/ws_moveit2/install/moveit_configs_utils:/opt/ros/humble LD_LIBRARY_PATH=/home/robotics/robo_ws/install/trac_ik_lib/lib:${LD_LIBRARY_PATH} /usr/bin/cmake --build /home/robotics/robo_ws/build/trac_ik_kinematics_plugin -- -j24 -l24
[1.208s] [ 25%] [34m[1mRunning `/opt/ros/humble/bin/generate_parameter_library_cpp /home/robotics/robo_ws/build/trac_ik_kinematics_plugin/include/trac_ik_kinematics_plugin/trac_ik_kinematics_parameters.hpp /home/robotics/robo_ws/src/trac_ik/trac_ik_kinematics_plugin/src/trac_ik_kinematics_parameters.yaml `[0m
[1.294s] [ 50%] [34m[1mCreating deprecated header file /home/robotics/robo_ws/build/trac_ik_kinematics_plugin/include/trac_ik_kinematics_parameters.hpp[0m
[1.305s] [ 50%] Built target trac_ik_kinematics_parameters
[1.320s] [ 75%] [32mBuilding CXX object CMakeFiles/trac_ik_kinematics_plugin.dir/src/trac_ik_kinematics_plugin.cpp.o[0m
[1.494s] In file included from [01m[K/home/robotics/robo_ws/src/trac_ik/trac_ik_kinematics_plugin/src/trac_ik_kinematics_plugin.cpp:38[m[K:
[1.494s] [01m[K/home/robotics/robo_ws/src/trac_ik/trac_ik_kinematics_plugin/include/trac_ik/trac_ik_kinematics_plugin.hpp:34:10:[m[K [01;31m[Kfatal error: [m[Kmoveit/kinematics_base/kinematics_base.hpp: No such file or directory
[1.494s]    34 | #include [01;31m[K<moveit/kinematics_base/kinematics_base.hpp>[m[K
[1.494s]       |          [01;31m[K^~~~~~~~~~~~~~~~~~~~~~~~~~~~~~~~~~~~~~~~~~~~[m[K
[1.494s] compilation terminated.
[1.499s] gmake[2]: *** [CMakeFiles/trac_ik_kinematics_plugin.dir/build.make:76: CMakeFiles/trac_ik_kinematics_plugin.dir/src/trac_ik_kinematics_plugin.cpp.o] Error 1
[1.499s] gmake[1]: *** [CMakeFiles/Makefile2:165: CMakeFiles/trac_ik_kinematics_plugin.dir/all] Error 2
[1.499s] gmake: *** [Makefile:146: all] Error 2
[1.501s] Invoked command in '/home/robotics/robo_ws/build/trac_ik_kinematics_plugin' returned '2': AMENT_PREFIX_PATH=/home/robotics/robo_ws/install/trac_ik_lib:${AMENT_PREFIX_PATH} CMAKE_PREFIX_PATH=/home/robotics/robo_ws/install/trac_ik_lib:/home/robotics/robo_ws/install/moveit_ur10:/home/robotics/robo_ws/install/ur10e_description:/home/robotics/ws_moveit2/install/pilz_industrial_motion_planner_testutils:/home/robotics/ws_moveit2/install/moveit_runtime:/home/robotics/ws_moveit2/install/moveit:/home/robotics/ws_moveit2/install/moveit_planners:/home/robotics/ws_moveit2/install/pilz_industrial_motion_planner:/home/robotics/ws_moveit2/install/moveit_ros_control_interface:/home/robotics/ws_moveit2/install/moveit_plugins:/home/robotics/ws_moveit2/install/moveit_simple_controller_manager:/home/robotics/ws_moveit2/install/moveit_setup_assistant:/home/robotics/ws_moveit2/install/moveit_setup_srdf_plugins:/home/robotics/ws_moveit2/install/moveit_setup_core_plugins:/home/robotics/ws_moveit2/install/moveit_setup_controllers:/home/robotics/ws_moveit2/install/moveit_setup_app_plugins:/home/robotics/ws_moveit2/install/moveit_setup_framework:/home/robotics/ws_moveit2/install/moveit_servo:/home/robotics/ws_moveit2/install/moveit_ros:/home/robotics/ws_moveit2/install/moveit_ros_visualization:/home/robotics/ws_moveit2/install/moveit_py:/home/robotics/ws_moveit2/install/moveit_hybrid_planning:/home/robotics/ws_moveit2/install/moveit_ros_planning_interface:/home/robotics/ws_moveit2/install/moveit_ros_benchmarks:/home/robotics/ws_moveit2/install/moveit_ros_warehouse:/home/robotics/ws_moveit2/install/moveit_ros_robot_interaction:/home/robotics/ws_moveit2/install/moveit_ros_perception:/home/robotics/ws_moveit2/install/moveit_resources_prbt_pg70_support:/home/robotics/ws_moveit2/install/moveit_resources_prbt_moveit_config:/home/robotics/ws_moveit2/install/moveit_ros_move_group:/home/robotics/ws_moveit2/install/moveit_planners_ompl:/home/robotics/ws_moveit2/install/moveit_ros_planning:/home/robotics/ws_moveit2/install/moveit_ros_occupancy_map_monitor:/home/robotics/ws_moveit2/install/moveit_resources_prbt_support:/home/robotics/ws_moveit2/install/moveit_resources_prbt_ikfast_manipulator_plugin:/home/robotics/ws_moveit2/install/moveit_planners_chomp:/home/robotics/ws_moveit2/install/moveit_kinematics:/home/robotics/ws_moveit2/install/moveit_chomp_optimizer_adapter:/home/robotics/ws_moveit2/install/chomp_motion_planner:/home/robotics/ws_moveit2/install/moveit_core:/home/robotics/ws_moveit2/install/moveit_common:/home/robotics/robo_ws/install/rebar_control:/home/robotics/ros2_ws/install/rebar_control:/home/robotics/ws_moveit2/install/moveit_configs_utils:/opt/ros/humble LD_LIBRARY_PATH=/home/robotics/robo_ws/install/trac_ik_lib/lib:${LD_LIBRARY_PATH} /usr/bin/cmake --build /home/robotics/robo_ws/build/trac_ik_kinematics_plugin -- -j24 -l24
