[0.008s] Invoking command in '/home/robotics/robo_ws/build/trac_ik': AMENT_PREFIX_PATH=/home/robotics/robo_ws/install/trac_ik_kinematics_plugin:/home/robotics/robo_ws/install/trac_ik_lib:${AMENT_PREFIX_PATH} CMAKE_PREFIX_PATH=/home/robotics/robo_ws/install/trac_ik_kinematics_plugin:/home/robotics/robo_ws/install/trac_ik_lib:/opt/ros/humble LD_LIBRARY_PATH=/home/robotics/robo_ws/install/trac_ik_kinematics_plugin/lib:/home/robotics/robo_ws/install/trac_ik_lib/lib:${LD_LIBRARY_PATH} /usr/bin/cmake --build /home/robotics/robo_ws/build/trac_ik -- -j24 -l24
[0.036s] Invoked command in '/home/robotics/robo_ws/build/trac_ik' returned '0': AMENT_PREFIX_PATH=/home/robotics/robo_ws/install/trac_ik_kinematics_plugin:/home/robotics/robo_ws/install/trac_ik_lib:${AMENT_PREFIX_PATH} CMAKE_PREFIX_PATH=/home/robotics/robo_ws/install/trac_ik_kinematics_plugin:/home/robotics/robo_ws/install/trac_ik_lib:/opt/ros/humble LD_LIBRARY_PATH=/home/robotics/robo_ws/install/trac_ik_kinematics_plugin/lib:/home/robotics/robo_ws/install/trac_ik_lib/lib:${LD_LIBRARY_PATH} /usr/bin/cmake --build /home/robotics/robo_ws/build/trac_ik -- -j24 -l24
[0.037s] Invoking command in '/home/robotics/robo_ws/build/trac_ik': AMENT_PREFIX_PATH=/home/robotics/robo_ws/install/trac_ik_kinematics_plugin:/home/robotics/robo_ws/install/trac_ik_lib:${AMENT_PREFIX_PATH} CMAKE_PREFIX_PATH=/home/robotics/robo_ws/install/trac_ik_kinematics_plugin:/home/robotics/robo_ws/install/trac_ik_lib:/opt/ros/humble LD_LIBRARY_PATH=/home/robotics/robo_ws/install/trac_ik_kinematics_plugin/lib:/home/robotics/robo_ws/install/trac_ik_lib/lib:${LD_LIBRARY_PATH} /usr/bin/cmake --install /home/robotics/robo_ws/build/trac_ik
[0.041s] -- Install configuration: ""
[0.041s] -- Up-to-date: /home/robotics/robo_ws/install/trac_ik/share/ament_index/resource_index/package_run_dependencies/trac_ik
[0.041s] -- Up-to-date: /home/robotics/robo_ws/install/trac_ik/share/ament_index/resource_index/parent_prefix_path/trac_ik
[0.041s] -- Up-to-date: /home/robotics/robo_ws/install/trac_ik/share/trac_ik/environment/ament_prefix_path.sh
[0.041s] -- Up-to-date: /home/robotics/robo_ws/install/trac_ik/share/trac_ik/environment/ament_prefix_path.dsv
[0.041s] -- Up-to-date: /home/robotics/robo_ws/install/trac_ik/share/trac_ik/environment/path.sh
[0.041s] -- Up-to-date: /home/robotics/robo_ws/install/trac_ik/share/trac_ik/environment/path.dsv
[0.041s] -- Up-to-date: /home/robotics/robo_ws/install/trac_ik/share/trac_ik/local_setup.bash
[0.041s] -- Up-to-date: /home/robotics/robo_ws/install/trac_ik/share/trac_ik/local_setup.sh
[0.041s] -- Up-to-date: /home/robotics/robo_ws/install/trac_ik/share/trac_ik/local_setup.zsh
[0.042s] -- Up-to-date: /home/robotics/robo_ws/install/trac_ik/share/trac_ik/local_setup.dsv
[0.042s] -- Up-to-date: /home/robotics/robo_ws/install/trac_ik/share/trac_ik/package.dsv
[0.042s] -- Up-to-date: /home/robotics/robo_ws/install/trac_ik/share/ament_index/resource_index/packages/trac_ik
[0.042s] -- Up-to-date: /home/robotics/robo_ws/install/trac_ik/share/trac_ik/cmake/trac_ikConfig.cmake
[0.042s] -- Up-to-date: /home/robotics/robo_ws/install/trac_ik/share/trac_ik/cmake/trac_ikConfig-version.cmake
[0.042s] -- Up-to-date: /home/robotics/robo_ws/install/trac_ik/share/trac_ik/package.xml
[0.049s] Invoked command in '/home/robotics/robo_ws/build/trac_ik' returned '0': AMENT_PREFIX_PATH=/home/robotics/robo_ws/install/trac_ik_kinematics_plugin:/home/robotics/robo_ws/install/trac_ik_lib:${AMENT_PREFIX_PATH} CMAKE_PREFIX_PATH=/home/robotics/robo_ws/install/trac_ik_kinematics_plugin:/home/robotics/robo_ws/install/trac_ik_lib:/opt/ros/humble LD_LIBRARY_PATH=/home/robotics/robo_ws/install/trac_ik_kinematics_plugin/lib:/home/robotics/robo_ws/install/trac_ik_lib/lib:${LD_LIBRARY_PATH} /usr/bin/cmake --install /home/robotics/robo_ws/build/trac_ik
