-- Found ament_cmake: 1.3.12 (/opt/ros/humble/share/ament_cmake/cmake)
-- Found rclcpp: 16.0.17 (/opt/ros/humble/share/rclcpp/cmake)
-- Found rosidl_generator_c: 3.1.8 (/opt/ros/humble/share/rosidl_generator_c/cmake)
-- Found rosidl_adapter: 3.1.8 (/opt/ros/humble/share/rosidl_adapter/cmake)
-- Found rosidl_generator_cpp: 3.1.8 (/opt/ros/humble/share/rosidl_generator_cpp/cmake)
-- Using all available rosidl_typesupport_c: rosidl_typesupport_fastrtps_c;rosidl_typesupport_introspection_c
-- Using all available rosidl_typesupport_cpp: rosidl_typesupport_fastrtps_cpp;rosidl_typesupport_introspection_cpp
-- Found rmw_implementation_cmake: 6.1.2 (/opt/ros/humble/share/rmw_implementation_cmake/cmake)
-- Found rmw_fastrtps_cpp: 6.2.9 (/opt/ros/humble/share/rmw_fastrtps_cpp/cmake)
-- Using RMW implementation 'rmw_fastrtps_cpp' as default
-- Found moveit_core: 2.5.9 (/opt/ros/humble/share/moveit_core/cmake)
-- Found Boost: /usr/lib/x86_64-linux-gnu/cmake/Boost-1.74.0/BoostConfig.cmake (found version "1.74.0") found components: chrono date_time filesystem iostreams program_options regex serialization system thread 
-- Found parameter_traits: 0.6.0 (/opt/ros/humble/share/parameter_traits/cmake)
-- Found rclcpp_lifecycle: 16.0.17 (/opt/ros/humble/share/rclcpp_lifecycle/cmake)
-- Found Boost: /usr/lib/x86_64-linux-gnu/cmake/Boost-1.74.0/BoostConfig.cmake (found version "1.74.0") found components: filesystem 
-- library: /usr/lib/x86_64-linux-gnu/libcurl.so
-- Ensuring Eigen3 include directory is part of orocos-kdl CMake target
-- Found trac_ik_lib: 2.0.2 (/home/robotics/robo_ws/install/trac_ik_lib/share/trac_ik_lib/cmake)
-- Configuring done
-- Generating done
-- Build files have been written to: /home/robotics/robo_ws/build/trac_ik_kinematics_plugin
/usr/bin/cmake -S/home/robotics/robo_ws/src/trac_ik/trac_ik_kinematics_plugin -B/home/robotics/robo_ws/build/trac_ik_kinematics_plugin --check-build-system CMakeFiles/Makefile.cmake 0
/usr/bin/cmake -E cmake_progress_start /home/robotics/robo_ws/build/trac_ik_kinematics_plugin/CMakeFiles /home/robotics/robo_ws/build/trac_ik_kinematics_plugin//CMakeFiles/progress.marks
/usr/bin/gmake  -f CMakeFiles/Makefile2 all
gmake[1]: Entering directory '/home/robotics/robo_ws/build/trac_ik_kinematics_plugin'
/usr/bin/gmake  -f CMakeFiles/trac_ik_kinematics_parameters.dir/build.make CMakeFiles/trac_ik_kinematics_parameters.dir/depend
gmake[2]: Entering directory '/home/robotics/robo_ws/build/trac_ik_kinematics_plugin'
cd /home/robotics/robo_ws/build/trac_ik_kinematics_plugin && /usr/bin/cmake -E cmake_depends "Unix Makefiles" /home/robotics/robo_ws/src/trac_ik/trac_ik_kinematics_plugin /home/robotics/robo_ws/src/trac_ik/trac_ik_kinematics_plugin /home/robotics/robo_ws/build/trac_ik_kinematics_plugin /home/robotics/robo_ws/build/trac_ik_kinematics_plugin /home/robotics/robo_ws/build/trac_ik_kinematics_plugin/CMakeFiles/trac_ik_kinematics_parameters.dir/DependInfo.cmake --color=
gmake[2]: Leaving directory '/home/robotics/robo_ws/build/trac_ik_kinematics_plugin'
/usr/bin/gmake  -f CMakeFiles/trac_ik_kinematics_parameters.dir/build.make CMakeFiles/trac_ik_kinematics_parameters.dir/build
gmake[2]: Entering directory '/home/robotics/robo_ws/build/trac_ik_kinematics_plugin'
gmake[2]: Nothing to be done for 'CMakeFiles/trac_ik_kinematics_parameters.dir/build'.
gmake[2]: Leaving directory '/home/robotics/robo_ws/build/trac_ik_kinematics_plugin'
[ 50%] Built target trac_ik_kinematics_parameters
/usr/bin/gmake  -f CMakeFiles/trac_ik_kinematics_plugin.dir/build.make CMakeFiles/trac_ik_kinematics_plugin.dir/depend
gmake[2]: Entering directory '/home/robotics/robo_ws/build/trac_ik_kinematics_plugin'
cd /home/robotics/robo_ws/build/trac_ik_kinematics_plugin && /usr/bin/cmake -E cmake_depends "Unix Makefiles" /home/robotics/robo_ws/src/trac_ik/trac_ik_kinematics_plugin /home/robotics/robo_ws/src/trac_ik/trac_ik_kinematics_plugin /home/robotics/robo_ws/build/trac_ik_kinematics_plugin /home/robotics/robo_ws/build/trac_ik_kinematics_plugin /home/robotics/robo_ws/build/trac_ik_kinematics_plugin/CMakeFiles/trac_ik_kinematics_plugin.dir/DependInfo.cmake --color=
Dependencies file "CMakeFiles/trac_ik_kinematics_plugin.dir/src/trac_ik_kinematics_plugin.cpp.o.d" is newer than depends file "/home/robotics/robo_ws/build/trac_ik_kinematics_plugin/CMakeFiles/trac_ik_kinematics_plugin.dir/compiler_depend.internal".
Consolidate compiler generated dependencies of target trac_ik_kinematics_plugin
gmake[2]: Leaving directory '/home/robotics/robo_ws/build/trac_ik_kinematics_plugin'
/usr/bin/gmake  -f CMakeFiles/trac_ik_kinematics_plugin.dir/build.make CMakeFiles/trac_ik_kinematics_plugin.dir/build
gmake[2]: Entering directory '/home/robotics/robo_ws/build/trac_ik_kinematics_plugin'
[ 75%] Linking CXX shared library libtrac_ik_kinematics_plugin.so
/usr/bin/cmake -E cmake_link_script CMakeFiles/trac_ik_kinematics_plugin.dir/link.txt --verbose=1
/usr/bin/c++ -fPIC -std=c++17  -shared -Wl,-soname,libtrac_ik_kinematics_plugin.so -o libtrac_ik_kinematics_plugin.so CMakeFiles/trac_ik_kinematics_plugin.dir/src/trac_ik_kinematics_plugin.cpp.o  -Wl,-rpath,/opt/ros/humble/lib:/home/robotics/robo_ws/install/trac_ik_lib/lib:/opt/ros/humble/lib/x86_64-linux-gnu: /opt/ros/humble/lib/libcollision_detector_bullet_plugin.so.2.5.9 /opt/ros/humble/lib/libmoveit_butterworth_filter.so.2.5.9 /opt/ros/humble/lib/libmoveit_collision_distance_field.so.2.5.9 /opt/ros/humble/lib/libmoveit_collision_detection_bullet.so.2.5.9 /opt/ros/humble/lib/libmoveit_dynamics_solver.so.2.5.9 /opt/ros/humble/lib/libmoveit_constraint_samplers.so.2.5.9 /opt/ros/humble/lib/libmoveit_distance_field.so.2.5.9 /opt/ros/humble/lib/libmoveit_kinematics_metrics.so.2.5.9 /opt/ros/humble/lib/libmoveit_planning_interface.so.2.5.9 /opt/ros/humble/lib/libmoveit_planning_request_adapter.so.2.5.9 /opt/ros/humble/lib/libmoveit_smoothing_base.so.2.5.9 /opt/ros/humble/lib/libmoveit_test_utils.so.2.5.9 /home/robotics/robo_ws/install/trac_ik_lib/lib/libtrac_ik.so /usr/lib/x86_64-linux-gnu/libBulletDynamics.so /usr/lib/x86_64-linux-gnu/libBulletCollision.so /usr/lib/x86_64-linux-gnu/libLinearMath.so /usr/lib/x86_64-linux-gnu/libBulletSoftBody.so /opt/ros/humble/lib/librclcpp_lifecycle.so /opt/ros/humble/lib/librcl_lifecycle.so /opt/ros/humble/lib/liblifecycle_msgs__rosidl_typesupport_fastrtps_c.so /opt/ros/humble/lib/liblifecycle_msgs__rosidl_typesupport_introspection_c.so /opt/ros/humble/lib/liblifecycle_msgs__rosidl_typesupport_fastrtps_cpp.so /opt/ros/humble/lib/liblifecycle_msgs__rosidl_typesupport_introspection_cpp.so /opt/ros/humble/lib/liblifecycle_msgs__rosidl_typesupport_cpp.so /opt/ros/humble/lib/liblifecycle_msgs__rosidl_generator_py.so /opt/ros/humble/lib/liblifecycle_msgs__rosidl_typesupport_c.so /opt/ros/humble/lib/liblifecycle_msgs__rosidl_generator_c.so /opt/ros/humble/lib/librsl.so /opt/ros/humble/lib/libmoveit_planning_scene.so.2.5.9 /opt/ros/humble/lib/libmoveit_kinematic_constraints.so.2.5.9 /opt/ros/humble/lib/libmoveit_collision_detection_fcl.so.2.5.9 /opt/ros/humble/lib/libmoveit_collision_detection.so.2.5.9 /opt/ros/humble/lib/libmoveit_trajectory_processing.so.2.5.9 /opt/ros/humble/lib/libmoveit_robot_trajectory.so.2.5.9 /opt/ros/humble/lib/libmoveit_robot_state.so.2.5.9 /opt/ros/humble/lib/x86_64-linux-gnu/libruckig.so /opt/ros/humble/lib/libmoveit_transforms.so.2.5.9 /opt/ros/humble/lib/libmoveit_utils.so.2.5.9 /opt/ros/humble/lib/x86_64-linux-gnu/liboctomap.so /opt/ros/humble/lib/x86_64-linux-gnu/liboctomath.so /opt/ros/humble/lib/libmoveit_robot_model.so.2.5.9 /opt/ros/humble/lib/libmoveit_exceptions.so.2.5.9 /opt/ros/humble/lib/libmoveit_kinematics_base.so /opt/ros/humble/lib/libgeometric_shapes.so.2.3.2 /opt/ros/humble/lib/libvisualization_msgs__rosidl_typesupport_fastrtps_c.so /opt/ros/humble/lib/libvisualization_msgs__rosidl_typesupport_fastrtps_cpp.so /opt/ros/humble/lib/libvisualization_msgs__rosidl_typesupport_introspection_c.so /opt/ros/humble/lib/libvisualization_msgs__rosidl_typesupport_introspection_cpp.so /opt/ros/humble/lib/libvisualization_msgs__rosidl_typesupport_cpp.so /opt/ros/humble/lib/libvisualization_msgs__rosidl_generator_py.so /opt/ros/humble/lib/libvisualization_msgs__rosidl_typesupport_c.so /opt/ros/humble/lib/libvisualization_msgs__rosidl_generator_c.so /usr/lib/x86_64-linux-gnu/libfcl.so.0.7.0 /usr/lib/x86_64-linux-gnu/libccd.so -lm /opt/ros/humble/lib/x86_64-linux-gnu/liboctomap.so.1.9.8 /opt/ros/humble/lib/x86_64-linux-gnu/liboctomath.so.1.9.8 /opt/ros/humble/lib/libresource_retriever.so /usr/lib/x86_64-linux-gnu/libcurl.so /opt/ros/humble/lib/librandom_numbers.so /opt/ros/humble/lib/libmoveit_msgs__rosidl_typesupport_fastrtps_c.so /opt/ros/humble/lib/liboctomap_msgs__rosidl_typesupport_fastrtps_c.so /opt/ros/humble/lib/libobject_recognition_msgs__rosidl_typesupport_fastrtps_c.so /opt/ros/humble/lib/libsensor_msgs__rosidl_typesupport_fastrtps_c.so /opt/ros/humble/lib/libshape_msgs__rosidl_typesupport_fastrtps_c.so /opt/ros/humble/lib/libtrajectory_msgs__rosidl_typesupport_fastrtps_c.so /opt/ros/humble/lib/libmoveit_msgs__rosidl_typesupport_introspection_c.so /opt/ros/humble/lib/liboctomap_msgs__rosidl_typesupport_introspection_c.so /opt/ros/humble/lib/libobject_recognition_msgs__rosidl_typesupport_introspection_c.so /opt/ros/humble/lib/libsensor_msgs__rosidl_typesupport_introspection_c.so /opt/ros/humble/lib/libshape_msgs__rosidl_typesupport_introspection_c.so /opt/ros/humble/lib/libtrajectory_msgs__rosidl_typesupport_introspection_c.so /opt/ros/humble/lib/libmoveit_msgs__rosidl_typesupport_fastrtps_cpp.so /opt/ros/humble/lib/liboctomap_msgs__rosidl_typesupport_fastrtps_cpp.so /opt/ros/humble/lib/libobject_recognition_msgs__rosidl_typesupport_fastrtps_cpp.so /opt/ros/humble/lib/libsensor_msgs__rosidl_typesupport_fastrtps_cpp.so /opt/ros/humble/lib/libshape_msgs__rosidl_typesupport_fastrtps_cpp.so /opt/ros/humble/lib/libtrajectory_msgs__rosidl_typesupport_fastrtps_cpp.so /opt/ros/humble/lib/libmoveit_msgs__rosidl_typesupport_introspection_cpp.so /opt/ros/humble/lib/liboctomap_msgs__rosidl_typesupport_introspection_cpp.so /opt/ros/humble/lib/libobject_recognition_msgs__rosidl_typesupport_introspection_cpp.so /opt/ros/humble/lib/libsensor_msgs__rosidl_typesupport_introspection_cpp.so /opt/ros/humble/lib/libshape_msgs__rosidl_typesupport_introspection_cpp.so /opt/ros/humble/lib/libtrajectory_msgs__rosidl_typesupport_introspection_cpp.so /opt/ros/humble/lib/libmoveit_msgs__rosidl_typesupport_cpp.so /opt/ros/humble/lib/liboctomap_msgs__rosidl_typesupport_cpp.so /opt/ros/humble/lib/libobject_recognition_msgs__rosidl_typesupport_cpp.so /opt/ros/humble/lib/libsensor_msgs__rosidl_typesupport_cpp.so /opt/ros/humble/lib/libshape_msgs__rosidl_typesupport_cpp.so /opt/ros/humble/lib/libtrajectory_msgs__rosidl_typesupport_cpp.so /opt/ros/humble/lib/libmoveit_msgs__rosidl_generator_py.so /opt/ros/humble/lib/liboctomap_msgs__rosidl_generator_py.so /opt/ros/humble/lib/libmoveit_msgs__rosidl_typesupport_c.so /opt/ros/humble/lib/liboctomap_msgs__rosidl_typesupport_c.so /opt/ros/humble/lib/libmoveit_msgs__rosidl_generator_c.so /opt/ros/humble/lib/liboctomap_msgs__rosidl_generator_c.so /opt/ros/humble/lib/libobject_recognition_msgs__rosidl_generator_py.so /opt/ros/humble/lib/libsensor_msgs__rosidl_generator_py.so /opt/ros/humble/lib/libshape_msgs__rosidl_generator_py.so /opt/ros/humble/lib/libobject_recognition_msgs__rosidl_typesupport_c.so /opt/ros/humble/lib/libsensor_msgs__rosidl_typesupport_c.so /opt/ros/humble/lib/libshape_msgs__rosidl_typesupport_c.so /opt/ros/humble/lib/libobject_recognition_msgs__rosidl_generator_c.so /opt/ros/humble/lib/libsensor_msgs__rosidl_generator_c.so /opt/ros/humble/lib/libshape_msgs__rosidl_generator_c.so /opt/ros/humble/lib/libtrajectory_msgs__rosidl_generator_py.so /opt/ros/humble/lib/libtrajectory_msgs__rosidl_typesupport_c.so /opt/ros/humble/lib/libtrajectory_msgs__rosidl_generator_c.so /opt/ros/humble/lib/libsrdfdom.so.2.0.7 /usr/lib/x86_64-linux-gnu/libboost_chrono.so.1.74.0 /usr/lib/x86_64-linux-gnu/libboost_date_time.so.1.74.0 /usr/lib/x86_64-linux-gnu/libboost_filesystem.so.1.74.0 /usr/lib/x86_64-linux-gnu/libboost_iostreams.so.1.74.0 /usr/lib/x86_64-linux-gnu/libboost_program_options.so.1.74.0 /usr/lib/x86_64-linux-gnu/libboost_regex.so.1.74.0 /usr/lib/x86_64-linux-gnu/libboost_serialization.so.1.74.0 /usr/lib/x86_64-linux-gnu/libboost_system.so.1.74.0 /usr/lib/x86_64-linux-gnu/libboost_thread.so.1.74.0 /usr/lib/x86_64-linux-gnu/libboost_atomic.so.1.74.0 /opt/ros/humble/lib/libtf2_ros.so /opt/ros/humble/lib/libtf2.so /opt/ros/humble/lib/libmessage_filters.so /opt/ros/humble/lib/librclcpp_action.so /opt/ros/humble/lib/librcl_action.so /opt/ros/humble/lib/libtf2_msgs__rosidl_typesupport_fastrtps_c.so /opt/ros/humble/lib/libaction_msgs__rosidl_typesupport_fastrtps_c.so /opt/ros/humble/lib/libunique_identifier_msgs__rosidl_typesupport_fastrtps_c.so /opt/ros/humble/lib/libtf2_msgs__rosidl_typesupport_introspection_c.so /opt/ros/humble/lib/libaction_msgs__rosidl_typesupport_introspection_c.so /opt/ros/humble/lib/libunique_identifier_msgs__rosidl_typesupport_introspection_c.so /opt/ros/humble/lib/libtf2_msgs__rosidl_typesupport_fastrtps_cpp.so /opt/ros/humble/lib/libaction_msgs__rosidl_typesupport_fastrtps_cpp.so /opt/ros/humble/lib/libunique_identifier_msgs__rosidl_typesupport_fastrtps_cpp.so /opt/ros/humble/lib/libtf2_msgs__rosidl_typesupport_introspection_cpp.so /opt/ros/humble/lib/libaction_msgs__rosidl_typesupport_introspection_cpp.so /opt/ros/humble/lib/libunique_identifier_msgs__rosidl_typesupport_introspection_cpp.so /opt/ros/humble/lib/libtf2_msgs__rosidl_typesupport_cpp.so /opt/ros/humble/lib/libaction_msgs__rosidl_typesupport_cpp.so /opt/ros/humble/lib/libunique_identifier_msgs__rosidl_typesupport_cpp.so /opt/ros/humble/lib/libtf2_msgs__rosidl_generator_py.so /opt/ros/humble/lib/libaction_msgs__rosidl_generator_py.so /opt/ros/humble/lib/libunique_identifier_msgs__rosidl_generator_py.so /opt/ros/humble/lib/libtf2_msgs__rosidl_typesupport_c.so /opt/ros/humble/lib/libaction_msgs__rosidl_typesupport_c.so /opt/ros/humble/lib/libunique_identifier_msgs__rosidl_typesupport_c.so /opt/ros/humble/lib/libtf2_msgs__rosidl_generator_c.so /opt/ros/humble/lib/libaction_msgs__rosidl_generator_c.so /opt/ros/humble/lib/libunique_identifier_msgs__rosidl_generator_c.so /opt/ros/humble/lib/librclcpp.so /opt/ros/humble/lib/liblibstatistics_collector.so /opt/ros/humble/lib/librcl.so /opt/ros/humble/lib/librmw_implementation.so /opt/ros/humble/lib/librcl_logging_spdlog.so /opt/ros/humble/lib/librcl_logging_interface.so /usr/lib/x86_64-linux-gnu/libfmt.so.8.1.1 -Wl,--as-needed /opt/ros/humble/lib/librcl_interfaces__rosidl_typesupport_fastrtps_c.so /opt/ros/humble/lib/librcl_interfaces__rosidl_typesupport_introspection_c.so /opt/ros/humble/lib/librcl_interfaces__rosidl_typesupport_fastrtps_cpp.so /opt/ros/humble/lib/librcl_interfaces__rosidl_typesupport_introspection_cpp.so /opt/ros/humble/lib/librcl_interfaces__rosidl_typesupport_cpp.so /opt/ros/humble/lib/librcl_interfaces__rosidl_generator_py.so /opt/ros/humble/lib/librcl_interfaces__rosidl_typesupport_c.so /opt/ros/humble/lib/librcl_interfaces__rosidl_generator_c.so /opt/ros/humble/lib/librcl_yaml_param_parser.so /opt/ros/humble/lib/libyaml.so /opt/ros/humble/lib/librosgraph_msgs__rosidl_typesupport_fastrtps_c.so /opt/ros/humble/lib/librosgraph_msgs__rosidl_typesupport_fastrtps_cpp.so /opt/ros/humble/lib/librosgraph_msgs__rosidl_typesupport_introspection_c.so /opt/ros/humble/lib/librosgraph_msgs__rosidl_typesupport_introspection_cpp.so /opt/ros/humble/lib/librosgraph_msgs__rosidl_typesupport_cpp.so /opt/ros/humble/lib/librosgraph_msgs__rosidl_generator_py.so /opt/ros/humble/lib/librosgraph_msgs__rosidl_typesupport_c.so /opt/ros/humble/lib/librosgraph_msgs__rosidl_generator_c.so /opt/ros/humble/lib/libstatistics_msgs__rosidl_typesupport_fastrtps_c.so /opt/ros/humble/lib/libstatistics_msgs__rosidl_typesupport_fastrtps_cpp.so /opt/ros/humble/lib/libstatistics_msgs__rosidl_typesupport_introspection_c.so /opt/ros/humble/lib/libstatistics_msgs__rosidl_typesupport_introspection_cpp.so /opt/ros/humble/lib/libstatistics_msgs__rosidl_typesupport_cpp.so /opt/ros/humble/lib/libstatistics_msgs__rosidl_generator_py.so /opt/ros/humble/lib/libstatistics_msgs__rosidl_typesupport_c.so /opt/ros/humble/lib/libstatistics_msgs__rosidl_generator_c.so /opt/ros/humble/lib/libtracetools.so /opt/ros/humble/lib/libkdl_parser.so /opt/ros/humble/lib/liburdf.so /opt/ros/humble/lib/libclass_loader.so /opt/ros/humble/lib/libament_index_cpp.so /usr/lib/x86_64-linux-gnu/libtinyxml2.so /opt/ros/humble/lib/x86_64-linux-gnu/liburdfdom_sensor.so.3.0 /opt/ros/humble/lib/x86_64-linux-gnu/liburdfdom_model_state.so.3.0 /opt/ros/humble/lib/x86_64-linux-gnu/liburdfdom_model.so.3.0 /opt/ros/humble/lib/x86_64-linux-gnu/liburdfdom_world.so.3.0 /usr/lib/x86_64-linux-gnu/libconsole_bridge.so.1.0 /usr/lib/x86_64-linux-gnu/libtinyxml.so /usr/lib/x86_64-linux-gnu/liborocos-kdl.so /opt/ros/humble/lib/libgeometry_msgs__rosidl_typesupport_fastrtps_c.so /opt/ros/humble/lib/libstd_msgs__rosidl_typesupport_fastrtps_c.so /opt/ros/humble/lib/libbuiltin_interfaces__rosidl_typesupport_fastrtps_c.so /opt/ros/humble/lib/librosidl_typesupport_fastrtps_c.so /opt/ros/humble/lib/libgeometry_msgs__rosidl_typesupport_introspection_c.so /opt/ros/humble/lib/libstd_msgs__rosidl_typesupport_introspection_c.so /opt/ros/humble/lib/libbuiltin_interfaces__rosidl_typesupport_introspection_c.so /opt/ros/humble/lib/libgeometry_msgs__rosidl_typesupport_fastrtps_cpp.so /opt/ros/humble/lib/libstd_msgs__rosidl_typesupport_fastrtps_cpp.so /opt/ros/humble/lib/libbuiltin_interfaces__rosidl_typesupport_fastrtps_cpp.so /opt/ros/humble/lib/librosidl_typesupport_fastrtps_cpp.so /opt/ros/humble/lib/librmw.so /opt/ros/humble/lib/libfastcdr.so.1.0.29 /opt/ros/humble/lib/libgeometry_msgs__rosidl_typesupport_introspection_cpp.so /opt/ros/humble/lib/libstd_msgs__rosidl_typesupport_introspection_cpp.so /opt/ros/humble/lib/libbuiltin_interfaces__rosidl_typesupport_introspection_cpp.so /opt/ros/humble/lib/librosidl_typesupport_introspection_cpp.so /opt/ros/humble/lib/librosidl_typesupport_introspection_c.so /opt/ros/humble/lib/libgeometry_msgs__rosidl_typesupport_cpp.so /opt/ros/humble/lib/libstd_msgs__rosidl_typesupport_cpp.so /opt/ros/humble/lib/libbuiltin_interfaces__rosidl_typesupport_cpp.so /opt/ros/humble/lib/librosidl_typesupport_cpp.so /opt/ros/humble/lib/libgeometry_msgs__rosidl_generator_py.so /opt/ros/humble/lib/libgeometry_msgs__rosidl_typesupport_c.so /opt/ros/humble/lib/libgeometry_msgs__rosidl_generator_c.so /opt/ros/humble/lib/libstd_msgs__rosidl_generator_py.so /opt/ros/humble/lib/libbuiltin_interfaces__rosidl_generator_py.so /usr/lib/x86_64-linux-gnu/libpython3.10.so /opt/ros/humble/lib/libstd_msgs__rosidl_typesupport_c.so /opt/ros/humble/lib/libbuiltin_interfaces__rosidl_typesupport_c.so /opt/ros/humble/lib/librosidl_typesupport_c.so /opt/ros/humble/lib/librcpputils.so /opt/ros/humble/lib/libstd_msgs__rosidl_generator_c.so /opt/ros/humble/lib/libbuiltin_interfaces__rosidl_generator_c.so /opt/ros/humble/lib/librosidl_runtime_c.so /opt/ros/humble/lib/librcutils.so -ldl -latomic -lnlopt 
gmake[2]: Leaving directory '/home/robotics/robo_ws/build/trac_ik_kinematics_plugin'
[100%] Built target trac_ik_kinematics_plugin
gmake[1]: Leaving directory '/home/robotics/robo_ws/build/trac_ik_kinematics_plugin'
/usr/bin/cmake -E cmake_progress_start /home/robotics/robo_ws/build/trac_ik_kinematics_plugin/CMakeFiles 0
-- Install configuration: ""
-- Up-to-date: /home/robotics/robo_ws/install/trac_ik_kinematics_plugin/include/trac_ik_kinematics_plugin
-- Up-to-date: /home/robotics/robo_ws/install/trac_ik_kinematics_plugin/include/trac_ik_kinematics_plugin/trac_ik_kinematics_parameters.hpp
-- Up-to-date: /home/robotics/robo_ws/install/trac_ik_kinematics_plugin/include
-- Up-to-date: /home/robotics/robo_ws/install/trac_ik_kinematics_plugin/include/trac_ik
-- Up-to-date: /home/robotics/robo_ws/install/trac_ik_kinematics_plugin/include/trac_ik/trac_ik_kinematics_plugin.hpp
-- Up-to-date: /home/robotics/robo_ws/install/trac_ik_kinematics_plugin/share/trac_ik_kinematics_plugin/trac_ik_kinematics_description.xml
-- Installing: /home/robotics/robo_ws/install/trac_ik_kinematics_plugin/lib/libtrac_ik_kinematics_plugin.so
-- Set runtime path of "/home/robotics/robo_ws/install/trac_ik_kinematics_plugin/lib/libtrac_ik_kinematics_plugin.so" to ""
-- Up-to-date: /home/robotics/robo_ws/install/trac_ik_kinematics_plugin/share/trac_ik_kinematics_plugin/trac_ik_kinematics_description.xml
-- Up-to-date: /home/robotics/robo_ws/install/trac_ik_kinematics_plugin/share/trac_ik_kinematics_plugin/environment/library_path.sh
-- Installing: /home/robotics/robo_ws/install/trac_ik_kinematics_plugin/share/trac_ik_kinematics_plugin/environment/library_path.dsv
-- Up-to-date: /home/robotics/robo_ws/install/trac_ik_kinematics_plugin/share/ament_index/resource_index/package_run_dependencies/trac_ik_kinematics_plugin
-- Up-to-date: /home/robotics/robo_ws/install/trac_ik_kinematics_plugin/share/ament_index/resource_index/parent_prefix_path/trac_ik_kinematics_plugin
-- Up-to-date: /home/robotics/robo_ws/install/trac_ik_kinematics_plugin/share/trac_ik_kinematics_plugin/environment/ament_prefix_path.sh
-- Installing: /home/robotics/robo_ws/install/trac_ik_kinematics_plugin/share/trac_ik_kinematics_plugin/environment/ament_prefix_path.dsv
-- Up-to-date: /home/robotics/robo_ws/install/trac_ik_kinematics_plugin/share/trac_ik_kinematics_plugin/environment/path.sh
-- Installing: /home/robotics/robo_ws/install/trac_ik_kinematics_plugin/share/trac_ik_kinematics_plugin/environment/path.dsv
-- Up-to-date: /home/robotics/robo_ws/install/trac_ik_kinematics_plugin/share/trac_ik_kinematics_plugin/local_setup.bash
-- Up-to-date: /home/robotics/robo_ws/install/trac_ik_kinematics_plugin/share/trac_ik_kinematics_plugin/local_setup.sh
-- Up-to-date: /home/robotics/robo_ws/install/trac_ik_kinematics_plugin/share/trac_ik_kinematics_plugin/local_setup.zsh
-- Installing: /home/robotics/robo_ws/install/trac_ik_kinematics_plugin/share/trac_ik_kinematics_plugin/local_setup.dsv
-- Installing: /home/robotics/robo_ws/install/trac_ik_kinematics_plugin/share/trac_ik_kinematics_plugin/package.dsv
-- Up-to-date: /home/robotics/robo_ws/install/trac_ik_kinematics_plugin/share/ament_index/resource_index/packages/trac_ik_kinematics_plugin
-- Up-to-date: /home/robotics/robo_ws/install/trac_ik_kinematics_plugin/share/ament_index/resource_index/moveit_core__pluginlib__plugin/trac_ik_kinematics_plugin
-- Up-to-date: /home/robotics/robo_ws/install/trac_ik_kinematics_plugin/share/trac_ik_kinematics_plugin/cmake/export_trac_ik_kinematics_pluginExport.cmake
-- Up-to-date: /home/robotics/robo_ws/install/trac_ik_kinematics_plugin/share/trac_ik_kinematics_plugin/cmake/export_trac_ik_kinematics_pluginExport-noconfig.cmake
-- Up-to-date: /home/robotics/robo_ws/install/trac_ik_kinematics_plugin/share/trac_ik_kinematics_plugin/cmake/ament_cmake_export_dependencies-extras.cmake
-- Up-to-date: /home/robotics/robo_ws/install/trac_ik_kinematics_plugin/share/trac_ik_kinematics_plugin/cmake/ament_cmake_export_libraries-extras.cmake
-- Up-to-date: /home/robotics/robo_ws/install/trac_ik_kinematics_plugin/share/trac_ik_kinematics_plugin/cmake/ament_cmake_export_targets-extras.cmake
-- Up-to-date: /home/robotics/robo_ws/install/trac_ik_kinematics_plugin/share/trac_ik_kinematics_plugin/cmake/ament_cmake_export_include_directories-extras.cmake
-- Up-to-date: /home/robotics/robo_ws/install/trac_ik_kinematics_plugin/share/trac_ik_kinematics_plugin/cmake/trac_ik_kinematics_pluginConfig.cmake
-- Up-to-date: /home/robotics/robo_ws/install/trac_ik_kinematics_plugin/share/trac_ik_kinematics_plugin/cmake/trac_ik_kinematics_pluginConfig-version.cmake
-- Up-to-date: /home/robotics/robo_ws/install/trac_ik_kinematics_plugin/share/trac_ik_kinematics_plugin/package.xml
