-- Found ament_cmake: 1.3.12 (/opt/ros/humble/share/ament_cmake/cmake)
-- Found rclcpp: 16.0.17 (/opt/ros/humble/share/rclcpp/cmake)
-- Found rosidl_generator_c: 3.1.8 (/opt/ros/humble/share/rosidl_generator_c/cmake)
-- Found rosidl_adapter: 3.1.8 (/opt/ros/humble/share/rosidl_adapter/cmake)
-- Found rosidl_generator_cpp: 3.1.8 (/opt/ros/humble/share/rosidl_generator_cpp/cmake)
-- Using all available rosidl_typesupport_c: rosidl_typesupport_fastrtps_c;rosidl_typesupport_introspection_c
-- Using all available rosidl_typesupport_cpp: rosidl_typesupport_fastrtps_cpp;rosidl_typesupport_introspection_cpp
-- Found rmw_implementation_cmake: 6.1.2 (/opt/ros/humble/share/rmw_implementation_cmake/cmake)
-- Found rmw_fastrtps_cpp: 6.2.9 (/opt/ros/humble/share/rmw_fastrtps_cpp/cmake)
-- Using RMW implementation 'rmw_fastrtps_cpp' as default
-- Found moveit_core: 2.5.9 (/opt/ros/humble/share/moveit_core/cmake)
-- Found Boost: /usr/lib/x86_64-linux-gnu/cmake/Boost-1.74.0/BoostConfig.cmake (found version "1.74.0") found components: chrono date_time filesystem iostreams program_options regex serialization system thread 
-- Found parameter_traits: 0.6.0 (/opt/ros/humble/share/parameter_traits/cmake)
-- Found rclcpp_lifecycle: 16.0.17 (/opt/ros/humble/share/rclcpp_lifecycle/cmake)
-- Found Boost: /usr/lib/x86_64-linux-gnu/cmake/Boost-1.74.0/BoostConfig.cmake (found version "1.74.0") found components: filesystem 
-- library: /usr/lib/x86_64-linux-gnu/libcurl.so
-- Ensuring Eigen3 include directory is part of orocos-kdl CMake target
-- Found trac_ik_lib: 2.0.2 (/home/robotics/robo_ws/install/trac_ik_lib/share/trac_ik_lib/cmake)
-- Configuring done
-- Generating done
-- Build files have been written to: /home/robotics/robo_ws/build/trac_ik_kinematics_plugin
/usr/bin/cmake -S/home/robotics/robo_ws/src/trac_ik/trac_ik_kinematics_plugin -B/home/robotics/robo_ws/build/trac_ik_kinematics_plugin --check-build-system CMakeFiles/Makefile.cmake 0
/usr/bin/cmake -E cmake_progress_start /home/robotics/robo_ws/build/trac_ik_kinematics_plugin/CMakeFiles /home/robotics/robo_ws/build/trac_ik_kinematics_plugin//CMakeFiles/progress.marks
/usr/bin/gmake  -f CMakeFiles/Makefile2 all
gmake[1]: Entering directory '/home/robotics/robo_ws/build/trac_ik_kinematics_plugin'
/usr/bin/gmake  -f CMakeFiles/trac_ik_kinematics_parameters.dir/build.make CMakeFiles/trac_ik_kinematics_parameters.dir/depend
gmake[2]: Entering directory '/home/robotics/robo_ws/build/trac_ik_kinematics_plugin'
cd /home/robotics/robo_ws/build/trac_ik_kinematics_plugin && /usr/bin/cmake -E cmake_depends "Unix Makefiles" /home/robotics/robo_ws/src/trac_ik/trac_ik_kinematics_plugin /home/robotics/robo_ws/src/trac_ik/trac_ik_kinematics_plugin /home/robotics/robo_ws/build/trac_ik_kinematics_plugin /home/robotics/robo_ws/build/trac_ik_kinematics_plugin /home/robotics/robo_ws/build/trac_ik_kinematics_plugin/CMakeFiles/trac_ik_kinematics_parameters.dir/DependInfo.cmake --color=
gmake[2]: Leaving directory '/home/robotics/robo_ws/build/trac_ik_kinematics_plugin'
/usr/bin/gmake  -f CMakeFiles/trac_ik_kinematics_parameters.dir/build.make CMakeFiles/trac_ik_kinematics_parameters.dir/build
gmake[2]: Entering directory '/home/robotics/robo_ws/build/trac_ik_kinematics_plugin'
gmake[2]: Nothing to be done for 'CMakeFiles/trac_ik_kinematics_parameters.dir/build'.
gmake[2]: Leaving directory '/home/robotics/robo_ws/build/trac_ik_kinematics_plugin'
[ 50%] Built target trac_ik_kinematics_parameters
/usr/bin/gmake  -f CMakeFiles/trac_ik_kinematics_plugin.dir/build.make CMakeFiles/trac_ik_kinematics_plugin.dir/depend
gmake[2]: Entering directory '/home/robotics/robo_ws/build/trac_ik_kinematics_plugin'
cd /home/robotics/robo_ws/build/trac_ik_kinematics_plugin && /usr/bin/cmake -E cmake_depends "Unix Makefiles" /home/robotics/robo_ws/src/trac_ik/trac_ik_kinematics_plugin /home/robotics/robo_ws/src/trac_ik/trac_ik_kinematics_plugin /home/robotics/robo_ws/build/trac_ik_kinematics_plugin /home/robotics/robo_ws/build/trac_ik_kinematics_plugin /home/robotics/robo_ws/build/trac_ik_kinematics_plugin/CMakeFiles/trac_ik_kinematics_plugin.dir/DependInfo.cmake --color=
Dependencies file "CMakeFiles/trac_ik_kinematics_plugin.dir/src/trac_ik_kinematics_plugin.cpp.o.d" is newer than depends file "/home/robotics/robo_ws/build/trac_ik_kinematics_plugin/CMakeFiles/trac_ik_kinematics_plugin.dir/compiler_depend.internal".
Consolidate compiler generated dependencies of target trac_ik_kinematics_plugin
gmake[2]: Leaving directory '/home/robotics/robo_ws/build/trac_ik_kinematics_plugin'
/usr/bin/gmake  -f CMakeFiles/trac_ik_kinematics_plugin.dir/build.make CMakeFiles/trac_ik_kinematics_plugin.dir/build
gmake[2]: Entering directory '/home/robotics/robo_ws/build/trac_ik_kinematics_plugin'
gmake[2]: Nothing to be done for 'CMakeFiles/trac_ik_kinematics_plugin.dir/build'.
gmake[2]: Leaving directory '/home/robotics/robo_ws/build/trac_ik_kinematics_plugin'
[100%] Built target trac_ik_kinematics_plugin
gmake[1]: Leaving directory '/home/robotics/robo_ws/build/trac_ik_kinematics_plugin'
/usr/bin/cmake -E cmake_progress_start /home/robotics/robo_ws/build/trac_ik_kinematics_plugin/CMakeFiles 0
-- Install configuration: ""
-- Up-to-date: /home/robotics/robo_ws/install/trac_ik_kinematics_plugin/include/trac_ik_kinematics_plugin
-- Up-to-date: /home/robotics/robo_ws/install/trac_ik_kinematics_plugin/include/trac_ik_kinematics_plugin/trac_ik_kinematics_parameters.hpp
-- Up-to-date: /home/robotics/robo_ws/install/trac_ik_kinematics_plugin/include
-- Up-to-date: /home/robotics/robo_ws/install/trac_ik_kinematics_plugin/include/trac_ik
-- Up-to-date: /home/robotics/robo_ws/install/trac_ik_kinematics_plugin/include/trac_ik/trac_ik_kinematics_plugin.hpp
-- Up-to-date: /home/robotics/robo_ws/install/trac_ik_kinematics_plugin/share/trac_ik_kinematics_plugin/trac_ik_kinematics_description.xml
-- Up-to-date: /home/robotics/robo_ws/install/trac_ik_kinematics_plugin/lib/libtrac_ik_kinematics_plugin.so
-- Up-to-date: /home/robotics/robo_ws/install/trac_ik_kinematics_plugin/share/trac_ik_kinematics_plugin/trac_ik_kinematics_description.xml
-- Up-to-date: /home/robotics/robo_ws/install/trac_ik_kinematics_plugin/share/trac_ik_kinematics_plugin/environment/library_path.sh
-- Installing: /home/robotics/robo_ws/install/trac_ik_kinematics_plugin/share/trac_ik_kinematics_plugin/environment/library_path.dsv
-- Up-to-date: /home/robotics/robo_ws/install/trac_ik_kinematics_plugin/share/ament_index/resource_index/package_run_dependencies/trac_ik_kinematics_plugin
-- Up-to-date: /home/robotics/robo_ws/install/trac_ik_kinematics_plugin/share/ament_index/resource_index/parent_prefix_path/trac_ik_kinematics_plugin
-- Up-to-date: /home/robotics/robo_ws/install/trac_ik_kinematics_plugin/share/trac_ik_kinematics_plugin/environment/ament_prefix_path.sh
-- Installing: /home/robotics/robo_ws/install/trac_ik_kinematics_plugin/share/trac_ik_kinematics_plugin/environment/ament_prefix_path.dsv
-- Up-to-date: /home/robotics/robo_ws/install/trac_ik_kinematics_plugin/share/trac_ik_kinematics_plugin/environment/path.sh
-- Installing: /home/robotics/robo_ws/install/trac_ik_kinematics_plugin/share/trac_ik_kinematics_plugin/environment/path.dsv
-- Up-to-date: /home/robotics/robo_ws/install/trac_ik_kinematics_plugin/share/trac_ik_kinematics_plugin/local_setup.bash
-- Up-to-date: /home/robotics/robo_ws/install/trac_ik_kinematics_plugin/share/trac_ik_kinematics_plugin/local_setup.sh
-- Up-to-date: /home/robotics/robo_ws/install/trac_ik_kinematics_plugin/share/trac_ik_kinematics_plugin/local_setup.zsh
-- Installing: /home/robotics/robo_ws/install/trac_ik_kinematics_plugin/share/trac_ik_kinematics_plugin/local_setup.dsv
-- Installing: /home/robotics/robo_ws/install/trac_ik_kinematics_plugin/share/trac_ik_kinematics_plugin/package.dsv
-- Up-to-date: /home/robotics/robo_ws/install/trac_ik_kinematics_plugin/share/ament_index/resource_index/packages/trac_ik_kinematics_plugin
-- Up-to-date: /home/robotics/robo_ws/install/trac_ik_kinematics_plugin/share/ament_index/resource_index/moveit_core__pluginlib__plugin/trac_ik_kinematics_plugin
-- Up-to-date: /home/robotics/robo_ws/install/trac_ik_kinematics_plugin/share/trac_ik_kinematics_plugin/cmake/export_trac_ik_kinematics_pluginExport.cmake
-- Up-to-date: /home/robotics/robo_ws/install/trac_ik_kinematics_plugin/share/trac_ik_kinematics_plugin/cmake/export_trac_ik_kinematics_pluginExport-noconfig.cmake
-- Up-to-date: /home/robotics/robo_ws/install/trac_ik_kinematics_plugin/share/trac_ik_kinematics_plugin/cmake/ament_cmake_export_dependencies-extras.cmake
-- Up-to-date: /home/robotics/robo_ws/install/trac_ik_kinematics_plugin/share/trac_ik_kinematics_plugin/cmake/ament_cmake_export_libraries-extras.cmake
-- Up-to-date: /home/robotics/robo_ws/install/trac_ik_kinematics_plugin/share/trac_ik_kinematics_plugin/cmake/ament_cmake_export_targets-extras.cmake
-- Up-to-date: /home/robotics/robo_ws/install/trac_ik_kinematics_plugin/share/trac_ik_kinematics_plugin/cmake/ament_cmake_export_include_directories-extras.cmake
-- Up-to-date: /home/robotics/robo_ws/install/trac_ik_kinematics_plugin/share/trac_ik_kinematics_plugin/cmake/trac_ik_kinematics_pluginConfig.cmake
-- Up-to-date: /home/robotics/robo_ws/install/trac_ik_kinematics_plugin/share/trac_ik_kinematics_plugin/cmake/trac_ik_kinematics_pluginConfig-version.cmake
-- Up-to-date: /home/robotics/robo_ws/install/trac_ik_kinematics_plugin/share/trac_ik_kinematics_plugin/package.xml
