[0.011s] Invoking command in '/home/robotics/robo_ws/build/trac_ik_kinematics_plugin': AMENT_PREFIX_PATH=/home/robotics/robo_ws/install/trac_ik_lib:${AMENT_PREFIX_PATH} CMAKE_PREFIX_PATH=/home/robotics/robo_ws/install/trac_ik_lib:/opt/ros/humble LD_LIBRARY_PATH=/home/robotics/robo_ws/install/trac_ik_lib/lib:${LD_LIBRARY_PATH} /usr/bin/cmake /home/robotics/robo_ws/src/trac_ik/trac_ik_kinematics_plugin -DCMAKE_INSTALL_PREFIX=/home/robotics/robo_ws/install/trac_ik_kinematics_plugin
[0.021s] -- Found ament_cmake: 1.3.12 (/opt/ros/humble/share/ament_cmake/cmake)
[0.081s] -- Found rclcpp: 16.0.17 (/opt/ros/humble/share/rclcpp/cmake)
[0.096s] -- Found rosidl_generator_c: 3.1.8 (/opt/ros/humble/share/rosidl_generator_c/cmake)
[0.098s] -- Found rosidl_adapter: 3.1.8 (/opt/ros/humble/share/rosidl_adapter/cmake)
[0.100s] -- Found rosidl_generator_cpp: 3.1.8 (/opt/ros/humble/share/rosidl_generator_cpp/cmake)
[0.105s] -- Using all available rosidl_typesupport_c: rosidl_typesupport_fastrtps_c;rosidl_typesupport_introspection_c
[0.112s] -- Using all available rosidl_typesupport_cpp: rosidl_typesupport_fastrtps_cpp;rosidl_typesupport_introspection_cpp
[0.125s] -- Found rmw_implementation_cmake: 6.1.2 (/opt/ros/humble/share/rmw_implementation_cmake/cmake)
[0.126s] -- Found rmw_fastrtps_cpp: 6.2.9 (/opt/ros/humble/share/rmw_fastrtps_cpp/cmake)
[0.173s] -- Using RMW implementation 'rmw_fastrtps_cpp' as default
[0.196s] -- Found moveit_core: 2.5.9 (/opt/ros/humble/share/moveit_core/cmake)
[0.202s] -- Found Boost: /usr/lib/x86_64-linux-gnu/cmake/Boost-1.74.0/BoostConfig.cmake (found version "1.74.0") found components: chrono date_time filesystem iostreams program_options regex serialization system thread 
[0.212s] -- Found parameter_traits: 0.6.0 (/opt/ros/humble/share/parameter_traits/cmake)
[0.215s] -- Found rclcpp_lifecycle: 16.0.17 (/opt/ros/humble/share/rclcpp_lifecycle/cmake)
[0.224s] -- Found Boost: /usr/lib/x86_64-linux-gnu/cmake/Boost-1.74.0/BoostConfig.cmake (found version "1.74.0") found components: filesystem 
[0.245s] -- library: /usr/lib/x86_64-linux-gnu/libcurl.so
[0.270s] -- Ensuring Eigen3 include directory is part of orocos-kdl CMake target
[0.356s] -- Found trac_ik_lib: 2.0.2 (/home/robotics/robo_ws/install/trac_ik_lib/share/trac_ik_lib/cmake)
[0.392s] -- Configuring done
[0.403s] -- Generating done
[0.405s] -- Build files have been written to: /home/robotics/robo_ws/build/trac_ik_kinematics_plugin
[0.411s] Invoked command in '/home/robotics/robo_ws/build/trac_ik_kinematics_plugin' returned '0': AMENT_PREFIX_PATH=/home/robotics/robo_ws/install/trac_ik_lib:${AMENT_PREFIX_PATH} CMAKE_PREFIX_PATH=/home/robotics/robo_ws/install/trac_ik_lib:/opt/ros/humble LD_LIBRARY_PATH=/home/robotics/robo_ws/install/trac_ik_lib/lib:${LD_LIBRARY_PATH} /usr/bin/cmake /home/robotics/robo_ws/src/trac_ik/trac_ik_kinematics_plugin -DCMAKE_INSTALL_PREFIX=/home/robotics/robo_ws/install/trac_ik_kinematics_plugin
[0.412s] Invoking command in '/home/robotics/robo_ws/build/trac_ik_kinematics_plugin': AMENT_PREFIX_PATH=/home/robotics/robo_ws/install/trac_ik_lib:${AMENT_PREFIX_PATH} CMAKE_PREFIX_PATH=/home/robotics/robo_ws/install/trac_ik_lib:/opt/ros/humble LD_LIBRARY_PATH=/home/robotics/robo_ws/install/trac_ik_lib/lib:${LD_LIBRARY_PATH} /usr/bin/cmake --build /home/robotics/robo_ws/build/trac_ik_kinematics_plugin -- -j24 -l24
[0.424s] /usr/bin/cmake -S/home/robotics/robo_ws/src/trac_ik/trac_ik_kinematics_plugin -B/home/robotics/robo_ws/build/trac_ik_kinematics_plugin --check-build-system CMakeFiles/Makefile.cmake 0
[0.431s] /usr/bin/cmake -E cmake_progress_start /home/robotics/robo_ws/build/trac_ik_kinematics_plugin/CMakeFiles /home/robotics/robo_ws/build/trac_ik_kinematics_plugin//CMakeFiles/progress.marks
[0.435s] /usr/bin/gmake  -f CMakeFiles/Makefile2 all
[0.436s] gmake[1]: Entering directory '/home/robotics/robo_ws/build/trac_ik_kinematics_plugin'
[0.436s] /usr/bin/gmake  -f CMakeFiles/trac_ik_kinematics_parameters.dir/build.make CMakeFiles/trac_ik_kinematics_parameters.dir/depend
[0.437s] gmake[2]: Entering directory '/home/robotics/robo_ws/build/trac_ik_kinematics_plugin'
[0.437s] cd /home/robotics/robo_ws/build/trac_ik_kinematics_plugin && /usr/bin/cmake -E cmake_depends "Unix Makefiles" /home/robotics/robo_ws/src/trac_ik/trac_ik_kinematics_plugin /home/robotics/robo_ws/src/trac_ik/trac_ik_kinematics_plugin /home/robotics/robo_ws/build/trac_ik_kinematics_plugin /home/robotics/robo_ws/build/trac_ik_kinematics_plugin /home/robotics/robo_ws/build/trac_ik_kinematics_plugin/CMakeFiles/trac_ik_kinematics_parameters.dir/DependInfo.cmake --color=
[0.443s] gmake[2]: Leaving directory '/home/robotics/robo_ws/build/trac_ik_kinematics_plugin'
[0.443s] /usr/bin/gmake  -f CMakeFiles/trac_ik_kinematics_parameters.dir/build.make CMakeFiles/trac_ik_kinematics_parameters.dir/build
[0.444s] gmake[2]: Entering directory '/home/robotics/robo_ws/build/trac_ik_kinematics_plugin'
[0.444s] gmake[2]: Nothing to be done for 'CMakeFiles/trac_ik_kinematics_parameters.dir/build'.
[0.444s] gmake[2]: Leaving directory '/home/robotics/robo_ws/build/trac_ik_kinematics_plugin'
[0.448s] [ 50%] Built target trac_ik_kinematics_parameters
[0.450s] /usr/bin/gmake  -f CMakeFiles/trac_ik_kinematics_plugin.dir/build.make CMakeFiles/trac_ik_kinematics_plugin.dir/depend
[0.450s] gmake[2]: Entering directory '/home/robotics/robo_ws/build/trac_ik_kinematics_plugin'
[0.450s] cd /home/robotics/robo_ws/build/trac_ik_kinematics_plugin && /usr/bin/cmake -E cmake_depends "Unix Makefiles" /home/robotics/robo_ws/src/trac_ik/trac_ik_kinematics_plugin /home/robotics/robo_ws/src/trac_ik/trac_ik_kinematics_plugin /home/robotics/robo_ws/build/trac_ik_kinematics_plugin /home/robotics/robo_ws/build/trac_ik_kinematics_plugin /home/robotics/robo_ws/build/trac_ik_kinematics_plugin/CMakeFiles/trac_ik_kinematics_plugin.dir/DependInfo.cmake --color=
[0.454s] Dependencies file "CMakeFiles/trac_ik_kinematics_plugin.dir/src/trac_ik_kinematics_plugin.cpp.o.d" is newer than depends file "/home/robotics/robo_ws/build/trac_ik_kinematics_plugin/CMakeFiles/trac_ik_kinematics_plugin.dir/compiler_depend.internal".
[0.458s] Consolidate compiler generated dependencies of target trac_ik_kinematics_plugin
[0.459s] gmake[2]: Leaving directory '/home/robotics/robo_ws/build/trac_ik_kinematics_plugin'
[0.459s] /usr/bin/gmake  -f CMakeFiles/trac_ik_kinematics_plugin.dir/build.make CMakeFiles/trac_ik_kinematics_plugin.dir/build
[0.463s] gmake[2]: Entering directory '/home/robotics/robo_ws/build/trac_ik_kinematics_plugin'
[0.463s] gmake[2]: Nothing to be done for 'CMakeFiles/trac_ik_kinematics_plugin.dir/build'.
[0.463s] gmake[2]: Leaving directory '/home/robotics/robo_ws/build/trac_ik_kinematics_plugin'
[0.468s] [100%] Built target trac_ik_kinematics_plugin
[0.468s] gmake[1]: Leaving directory '/home/robotics/robo_ws/build/trac_ik_kinematics_plugin'
[0.468s] /usr/bin/cmake -E cmake_progress_start /home/robotics/robo_ws/build/trac_ik_kinematics_plugin/CMakeFiles 0
[0.475s] Invoked command in '/home/robotics/robo_ws/build/trac_ik_kinematics_plugin' returned '0': AMENT_PREFIX_PATH=/home/robotics/robo_ws/install/trac_ik_lib:${AMENT_PREFIX_PATH} CMAKE_PREFIX_PATH=/home/robotics/robo_ws/install/trac_ik_lib:/opt/ros/humble LD_LIBRARY_PATH=/home/robotics/robo_ws/install/trac_ik_lib/lib:${LD_LIBRARY_PATH} /usr/bin/cmake --build /home/robotics/robo_ws/build/trac_ik_kinematics_plugin -- -j24 -l24
[0.475s] Invoking command in '/home/robotics/robo_ws/build/trac_ik_kinematics_plugin': AMENT_PREFIX_PATH=/home/robotics/robo_ws/install/trac_ik_lib:${AMENT_PREFIX_PATH} CMAKE_PREFIX_PATH=/home/robotics/robo_ws/install/trac_ik_lib:/opt/ros/humble LD_LIBRARY_PATH=/home/robotics/robo_ws/install/trac_ik_lib/lib:${LD_LIBRARY_PATH} /usr/bin/cmake --install /home/robotics/robo_ws/build/trac_ik_kinematics_plugin
[0.479s] -- Install configuration: ""
[0.479s] -- Up-to-date: /home/robotics/robo_ws/install/trac_ik_kinematics_plugin/include/trac_ik_kinematics_plugin
[0.479s] -- Up-to-date: /home/robotics/robo_ws/install/trac_ik_kinematics_plugin/include/trac_ik_kinematics_plugin/trac_ik_kinematics_parameters.hpp
[0.480s] -- Up-to-date: /home/robotics/robo_ws/install/trac_ik_kinematics_plugin/include
[0.480s] -- Up-to-date: /home/robotics/robo_ws/install/trac_ik_kinematics_plugin/include/trac_ik
[0.480s] -- Up-to-date: /home/robotics/robo_ws/install/trac_ik_kinematics_plugin/include/trac_ik/trac_ik_kinematics_plugin.hpp
[0.480s] -- Up-to-date: /home/robotics/robo_ws/install/trac_ik_kinematics_plugin/share/trac_ik_kinematics_plugin/trac_ik_kinematics_description.xml
[0.480s] -- Up-to-date: /home/robotics/robo_ws/install/trac_ik_kinematics_plugin/lib/libtrac_ik_kinematics_plugin.so
[0.480s] -- Up-to-date: /home/robotics/robo_ws/install/trac_ik_kinematics_plugin/share/trac_ik_kinematics_plugin/trac_ik_kinematics_description.xml
[0.480s] -- Up-to-date: /home/robotics/robo_ws/install/trac_ik_kinematics_plugin/share/trac_ik_kinematics_plugin/environment/library_path.sh
[0.480s] -- Installing: /home/robotics/robo_ws/install/trac_ik_kinematics_plugin/share/trac_ik_kinematics_plugin/environment/library_path.dsv
[0.480s] -- Up-to-date: /home/robotics/robo_ws/install/trac_ik_kinematics_plugin/share/ament_index/resource_index/package_run_dependencies/trac_ik_kinematics_plugin
[0.480s] -- Up-to-date: /home/robotics/robo_ws/install/trac_ik_kinematics_plugin/share/ament_index/resource_index/parent_prefix_path/trac_ik_kinematics_plugin
[0.480s] -- Up-to-date: /home/robotics/robo_ws/install/trac_ik_kinematics_plugin/share/trac_ik_kinematics_plugin/environment/ament_prefix_path.sh
[0.480s] -- Installing: /home/robotics/robo_ws/install/trac_ik_kinematics_plugin/share/trac_ik_kinematics_plugin/environment/ament_prefix_path.dsv
[0.480s] -- Up-to-date: /home/robotics/robo_ws/install/trac_ik_kinematics_plugin/share/trac_ik_kinematics_plugin/environment/path.sh
[0.480s] -- Installing: /home/robotics/robo_ws/install/trac_ik_kinematics_plugin/share/trac_ik_kinematics_plugin/environment/path.dsv
[0.480s] -- Up-to-date: /home/robotics/robo_ws/install/trac_ik_kinematics_plugin/share/trac_ik_kinematics_plugin/local_setup.bash
[0.480s] -- Up-to-date: /home/robotics/robo_ws/install/trac_ik_kinematics_plugin/share/trac_ik_kinematics_plugin/local_setup.sh
[0.480s] -- Up-to-date: /home/robotics/robo_ws/install/trac_ik_kinematics_plugin/share/trac_ik_kinematics_plugin/local_setup.zsh
[0.480s] -- Installing: /home/robotics/robo_ws/install/trac_ik_kinematics_plugin/share/trac_ik_kinematics_plugin/local_setup.dsv
[0.481s] -- Installing: /home/robotics/robo_ws/install/trac_ik_kinematics_plugin/share/trac_ik_kinematics_plugin/package.dsv
[0.481s] -- Up-to-date: /home/robotics/robo_ws/install/trac_ik_kinematics_plugin/share/ament_index/resource_index/packages/trac_ik_kinematics_plugin
[0.481s] -- Up-to-date: /home/robotics/robo_ws/install/trac_ik_kinematics_plugin/share/ament_index/resource_index/moveit_core__pluginlib__plugin/trac_ik_kinematics_plugin
[0.481s] -- Up-to-date: /home/robotics/robo_ws/install/trac_ik_kinematics_plugin/share/trac_ik_kinematics_plugin/cmake/export_trac_ik_kinematics_pluginExport.cmake
[0.481s] -- Up-to-date: /home/robotics/robo_ws/install/trac_ik_kinematics_plugin/share/trac_ik_kinematics_plugin/cmake/export_trac_ik_kinematics_pluginExport-noconfig.cmake
[0.481s] -- Up-to-date: /home/robotics/robo_ws/install/trac_ik_kinematics_plugin/share/trac_ik_kinematics_plugin/cmake/ament_cmake_export_dependencies-extras.cmake
[0.481s] -- Up-to-date: /home/robotics/robo_ws/install/trac_ik_kinematics_plugin/share/trac_ik_kinematics_plugin/cmake/ament_cmake_export_libraries-extras.cmake
[0.481s] -- Up-to-date: /home/robotics/robo_ws/install/trac_ik_kinematics_plugin/share/trac_ik_kinematics_plugin/cmake/ament_cmake_export_targets-extras.cmake
[0.481s] -- Up-to-date: /home/robotics/robo_ws/install/trac_ik_kinematics_plugin/share/trac_ik_kinematics_plugin/cmake/ament_cmake_export_include_directories-extras.cmake
[0.481s] -- Up-to-date: /home/robotics/robo_ws/install/trac_ik_kinematics_plugin/share/trac_ik_kinematics_plugin/cmake/trac_ik_kinematics_pluginConfig.cmake
[0.481s] -- Up-to-date: /home/robotics/robo_ws/install/trac_ik_kinematics_plugin/share/trac_ik_kinematics_plugin/cmake/trac_ik_kinematics_pluginConfig-version.cmake
[0.481s] -- Up-to-date: /home/robotics/robo_ws/install/trac_ik_kinematics_plugin/share/trac_ik_kinematics_plugin/package.xml
[0.482s] Invoked command in '/home/robotics/robo_ws/build/trac_ik_kinematics_plugin' returned '0': AMENT_PREFIX_PATH=/home/robotics/robo_ws/install/trac_ik_lib:${AMENT_PREFIX_PATH} CMAKE_PREFIX_PATH=/home/robotics/robo_ws/install/trac_ik_lib:/opt/ros/humble LD_LIBRARY_PATH=/home/robotics/robo_ws/install/trac_ik_lib/lib:${LD_LIBRARY_PATH} /usr/bin/cmake --install /home/robotics/robo_ws/build/trac_ik_kinematics_plugin
