[0.012s] Invoking command in '/home/robotics/robo_ws/build/trac_ik_lib': CMAKE_PREFIX_PATH=/opt/ros/humble /usr/bin/cmake --build /home/robotics/robo_ws/build/trac_ik_lib -- -j24 -l24
[0.149s] [100%] Built target trac_ik
[0.157s] Invoked command in '/home/robotics/robo_ws/build/trac_ik_lib' returned '0': CMAKE_PREFIX_PATH=/opt/ros/humble /usr/bin/cmake --build /home/robotics/robo_ws/build/trac_ik_lib -- -j24 -l24
[0.157s] Invoking command in '/home/robotics/robo_ws/build/trac_ik_lib': CMAKE_PREFIX_PATH=/opt/ros/humble /usr/bin/cmake --install /home/robotics/robo_ws/build/trac_ik_lib
[0.162s] -- Install configuration: ""
[0.162s] -- Up-to-date: /home/robotics/robo_ws/install/trac_ik_lib/include
[0.162s] -- Up-to-date: /home/robotics/robo_ws/install/trac_ik_lib/include/trac_ik
[0.162s] -- Up-to-date: /home/robotics/robo_ws/install/trac_ik_lib/include/trac_ik/trac_ik.hpp
[0.162s] -- Up-to-date: /home/robotics/robo_ws/install/trac_ik_lib/include/trac_ik/nlopt_ik.hpp
[0.162s] -- Up-to-date: /home/robotics/robo_ws/install/trac_ik_lib/include/trac_ik/kdl_tl.hpp
[0.162s] -- Up-to-date: /home/robotics/robo_ws/install/trac_ik_lib/include/trac_ik/math3d.h
[0.162s] -- Up-to-date: /home/robotics/robo_ws/install/trac_ik_lib/include/trac_ik/dual_quaternion.h
[0.162s] -- Up-to-date: /home/robotics/robo_ws/install/trac_ik_lib/lib/libtrac_ik.so
[0.164s] -- Up-to-date: /home/robotics/robo_ws/install/trac_ik_lib/share/trac_ik_lib/environment/library_path.sh
[0.164s] -- Up-to-date: /home/robotics/robo_ws/install/trac_ik_lib/share/trac_ik_lib/environment/library_path.dsv
[0.164s] -- Up-to-date: /home/robotics/robo_ws/install/trac_ik_lib/share/ament_index/resource_index/package_run_dependencies/trac_ik_lib
[0.164s] -- Up-to-date: /home/robotics/robo_ws/install/trac_ik_lib/share/ament_index/resource_index/parent_prefix_path/trac_ik_lib
[0.164s] -- Up-to-date: /home/robotics/robo_ws/install/trac_ik_lib/share/trac_ik_lib/environment/ament_prefix_path.sh
[0.164s] -- Up-to-date: /home/robotics/robo_ws/install/trac_ik_lib/share/trac_ik_lib/environment/ament_prefix_path.dsv
[0.164s] -- Up-to-date: /home/robotics/robo_ws/install/trac_ik_lib/share/trac_ik_lib/environment/path.sh
[0.164s] -- Up-to-date: /home/robotics/robo_ws/install/trac_ik_lib/share/trac_ik_lib/environment/path.dsv
[0.164s] -- Up-to-date: /home/robotics/robo_ws/install/trac_ik_lib/share/trac_ik_lib/local_setup.bash
[0.164s] -- Up-to-date: /home/robotics/robo_ws/install/trac_ik_lib/share/trac_ik_lib/local_setup.sh
[0.164s] -- Up-to-date: /home/robotics/robo_ws/install/trac_ik_lib/share/trac_ik_lib/local_setup.zsh
[0.164s] -- Up-to-date: /home/robotics/robo_ws/install/trac_ik_lib/share/trac_ik_lib/local_setup.dsv
[0.164s] -- Installing: /home/robotics/robo_ws/install/trac_ik_lib/share/trac_ik_lib/package.dsv
[0.164s] -- Up-to-date: /home/robotics/robo_ws/install/trac_ik_lib/share/ament_index/resource_index/packages/trac_ik_lib
[0.164s] -- Up-to-date: /home/robotics/robo_ws/install/trac_ik_lib/share/trac_ik_lib/cmake/export_trac_ik_libExport.cmake
[0.164s] -- Up-to-date: /home/robotics/robo_ws/install/trac_ik_lib/share/trac_ik_lib/cmake/export_trac_ik_libExport-noconfig.cmake
[0.164s] -- Up-to-date: /home/robotics/robo_ws/install/trac_ik_lib/share/trac_ik_lib/cmake/ament_cmake_export_libraries-extras.cmake
[0.164s] -- Up-to-date: /home/robotics/robo_ws/install/trac_ik_lib/share/trac_ik_lib/cmake/ament_cmake_export_targets-extras.cmake
[0.165s] -- Up-to-date: /home/robotics/robo_ws/install/trac_ik_lib/share/trac_ik_lib/cmake/ament_cmake_export_dependencies-extras.cmake
[0.165s] -- Up-to-date: /home/robotics/robo_ws/install/trac_ik_lib/share/trac_ik_lib/cmake/ament_cmake_export_include_directories-extras.cmake
[0.165s] -- Up-to-date: /home/robotics/robo_ws/install/trac_ik_lib/share/trac_ik_lib/cmake/trac_ik_libConfig.cmake
[0.165s] -- Up-to-date: /home/robotics/robo_ws/install/trac_ik_lib/share/trac_ik_lib/cmake/trac_ik_libConfig-version.cmake
[0.165s] -- Up-to-date: /home/robotics/robo_ws/install/trac_ik_lib/share/trac_ik_lib/package.xml
[0.165s] Invoked command in '/home/robotics/robo_ws/build/trac_ik_lib' returned '0': CMAKE_PREFIX_PATH=/opt/ros/humble /usr/bin/cmake --install /home/robotics/robo_ws/build/trac_ik_lib
