-- Install configuration: ""
-- Up-to-date: /home/robotics/robo_ws/install/ur10e_description/share/ur10e_description/launch
-- Up-to-date: /home/robotics/robo_ws/install/ur10e_description/share/ur10e_description/launch/display.launch.py
-- Up-to-date: /home/robotics/robo_ws/install/ur10e_description/share/ur10e_description/meshes
-- Up-to-date: /home/robotics/robo_ws/install/ur10e_description/share/ur10e_description/meshes/ur10e
-- Up-to-date: /home/robotics/robo_ws/install/ur10e_description/share/ur10e_description/meshes/ur10e/visual
-- Up-to-date: /home/robotics/robo_ws/install/ur10e_description/share/ur10e_description/meshes/ur10e/visual/base.dae
-- Up-to-date: /home/robotics/robo_ws/install/ur10e_description/share/ur10e_description/meshes/ur10e/visual/forearm.dae
-- Up-to-date: /home/robotics/robo_ws/install/ur10e_description/share/ur10e_description/meshes/ur10e/visual/upperarm.dae
-- Up-to-date: /home/robotics/robo_ws/install/ur10e_description/share/ur10e_description/meshes/ur10e/visual/wrist1.dae
-- Up-to-date: /home/robotics/robo_ws/install/ur10e_description/share/ur10e_description/meshes/ur10e/visual/wrist2.dae
-- Up-to-date: /home/robotics/robo_ws/install/ur10e_description/share/ur10e_description/meshes/ur10e/visual/wrist3.dae
-- Up-to-date: /home/robotics/robo_ws/install/ur10e_description/share/ur10e_description/meshes/ur10e/visual/shoulder.dae
-- Up-to-date: /home/robotics/robo_ws/install/ur10e_description/share/ur10e_description/meshes/ur10e/collision
-- Up-to-date: /home/robotics/robo_ws/install/ur10e_description/share/ur10e_description/meshes/ur10e/collision/shoulder.stl
-- Up-to-date: /home/robotics/robo_ws/install/ur10e_description/share/ur10e_description/meshes/ur10e/collision/wrist1.stl
-- Up-to-date: /home/robotics/robo_ws/install/ur10e_description/share/ur10e_description/meshes/ur10e/collision/upperarm.stl
-- Up-to-date: /home/robotics/robo_ws/install/ur10e_description/share/ur10e_description/meshes/ur10e/collision/forearm.stl
-- Up-to-date: /home/robotics/robo_ws/install/ur10e_description/share/ur10e_description/meshes/ur10e/collision/wrist3.stl
-- Up-to-date: /home/robotics/robo_ws/install/ur10e_description/share/ur10e_description/meshes/ur10e/collision/base.stl
-- Up-to-date: /home/robotics/robo_ws/install/ur10e_description/share/ur10e_description/meshes/ur10e/collision/wrist2.stl
-- Up-to-date: /home/robotics/robo_ws/install/ur10e_description/share/ur10e_description/urdf
-- Up-to-date: /home/robotics/robo_ws/install/ur10e_description/share/ur10e_description/urdf/ur10e.urdf
-- Up-to-date: /home/robotics/robo_ws/install/ur10e_description/share/ur10e_description/rviz
-- Up-to-date: /home/robotics/robo_ws/install/ur10e_description/share/ur10e_description/rviz/urdf.rviz
-- Up-to-date: /home/robotics/robo_ws/install/ur10e_description/share/ament_index/resource_index/package_run_dependencies/ur10e_description
-- Up-to-date: /home/robotics/robo_ws/install/ur10e_description/share/ament_index/resource_index/parent_prefix_path/ur10e_description
-- Up-to-date: /home/robotics/robo_ws/install/ur10e_description/share/ur10e_description/environment/ament_prefix_path.sh
-- Up-to-date: /home/robotics/robo_ws/install/ur10e_description/share/ur10e_description/environment/ament_prefix_path.dsv
-- Up-to-date: /home/robotics/robo_ws/install/ur10e_description/share/ur10e_description/environment/path.sh
-- Up-to-date: /home/robotics/robo_ws/install/ur10e_description/share/ur10e_description/environment/path.dsv
-- Up-to-date: /home/robotics/robo_ws/install/ur10e_description/share/ur10e_description/local_setup.bash
-- Up-to-date: /home/robotics/robo_ws/install/ur10e_description/share/ur10e_description/local_setup.sh
-- Up-to-date: /home/robotics/robo_ws/install/ur10e_description/share/ur10e_description/local_setup.zsh
-- Up-to-date: /home/robotics/robo_ws/install/ur10e_description/share/ur10e_description/local_setup.dsv
-- Up-to-date: /home/robotics/robo_ws/install/ur10e_description/share/ur10e_description/package.dsv
-- Up-to-date: /home/robotics/robo_ws/install/ur10e_description/share/ament_index/resource_index/packages/ur10e_description
-- Up-to-date: /home/robotics/robo_ws/install/ur10e_description/share/ur10e_description/cmake/ur10e_descriptionConfig.cmake
-- Up-to-date: /home/robotics/robo_ws/install/ur10e_description/share/ur10e_description/cmake/ur10e_descriptionConfig-version.cmake
-- Up-to-date: /home/robotics/robo_ws/install/ur10e_description/share/ur10e_description/package.xml
