-- Install configuration: ""
-- Up-to-date: /home/robotics/robo_ws/install/moveit_ur10/share/ament_index/resource_index/package_run_dependencies/moveit_ur10
-- Up-to-date: /home/robotics/robo_ws/install/moveit_ur10/share/ament_index/resource_index/parent_prefix_path/moveit_ur10
-- Up-to-date: /home/robotics/robo_ws/install/moveit_ur10/share/moveit_ur10/environment/ament_prefix_path.sh
-- Up-to-date: /home/robotics/robo_ws/install/moveit_ur10/share/moveit_ur10/environment/ament_prefix_path.dsv
-- Up-to-date: /home/robotics/robo_ws/install/moveit_ur10/share/moveit_ur10/environment/path.sh
-- Up-to-date: /home/robotics/robo_ws/install/moveit_ur10/share/moveit_ur10/environment/path.dsv
-- Up-to-date: /home/robotics/robo_ws/install/moveit_ur10/share/moveit_ur10/local_setup.bash
-- Up-to-date: /home/robotics/robo_ws/install/moveit_ur10/share/moveit_ur10/local_setup.sh
-- Up-to-date: /home/robotics/robo_ws/install/moveit_ur10/share/moveit_ur10/local_setup.zsh
-- Up-to-date: /home/robotics/robo_ws/install/moveit_ur10/share/moveit_ur10/local_setup.dsv
-- Installing: /home/robotics/robo_ws/install/moveit_ur10/share/moveit_ur10/package.dsv
-- Up-to-date: /home/robotics/robo_ws/install/moveit_ur10/share/ament_index/resource_index/packages/moveit_ur10
-- Up-to-date: /home/robotics/robo_ws/install/moveit_ur10/share/moveit_ur10/cmake/moveit_ur10Config.cmake
-- Up-to-date: /home/robotics/robo_ws/install/moveit_ur10/share/moveit_ur10/cmake/moveit_ur10Config-version.cmake
-- Up-to-date: /home/robotics/robo_ws/install/moveit_ur10/share/moveit_ur10/package.xml
-- Up-to-date: /home/robotics/robo_ws/install/moveit_ur10/share/moveit_ur10/launch
-- Up-to-date: /home/robotics/robo_ws/install/moveit_ur10/share/moveit_ur10/launch/warehouse_db.launch.py
-- Up-to-date: /home/robotics/robo_ws/install/moveit_ur10/share/moveit_ur10/launch/spawn_controllers.launch.py
-- Up-to-date: /home/robotics/robo_ws/install/moveit_ur10/share/moveit_ur10/launch/static_virtual_joint_tfs.launch.py
-- Up-to-date: /home/robotics/robo_ws/install/moveit_ur10/share/moveit_ur10/launch/demo.launch.py
-- Up-to-date: /home/robotics/robo_ws/install/moveit_ur10/share/moveit_ur10/launch/rsp.launch.py
-- Up-to-date: /home/robotics/robo_ws/install/moveit_ur10/share/moveit_ur10/launch/chumma.launch.py
-- Up-to-date: /home/robotics/robo_ws/install/moveit_ur10/share/moveit_ur10/launch/setup_assistant.launch.py
-- Up-to-date: /home/robotics/robo_ws/install/moveit_ur10/share/moveit_ur10/launch/move_group.launch.py
-- Up-to-date: /home/robotics/robo_ws/install/moveit_ur10/share/moveit_ur10/launch/moveit_rviz.launch.py
-- Up-to-date: /home/robotics/robo_ws/install/moveit_ur10/share/moveit_ur10/config
-- Up-to-date: /home/robotics/robo_ws/install/moveit_ur10/share/moveit_ur10/config/moveit_controllers.yaml
-- Up-to-date: /home/robotics/robo_ws/install/moveit_ur10/share/moveit_ur10/config/moveit.rviz
-- Up-to-date: /home/robotics/robo_ws/install/moveit_ur10/share/moveit_ur10/config/ur10e_robot.urdf.xacro
-- Up-to-date: /home/robotics/robo_ws/install/moveit_ur10/share/moveit_ur10/config/ur10e_robot.ros2_control.xacro
-- Up-to-date: /home/robotics/robo_ws/install/moveit_ur10/share/moveit_ur10/config/pilz_cartesian_limits.yaml
-- Up-to-date: /home/robotics/robo_ws/install/moveit_ur10/share/moveit_ur10/config/joint_limits.yaml
-- Up-to-date: /home/robotics/robo_ws/install/moveit_ur10/share/moveit_ur10/config/initial_positions.yaml
-- Up-to-date: /home/robotics/robo_ws/install/moveit_ur10/share/moveit_ur10/config/ur10e_robot.srdf
-- Up-to-date: /home/robotics/robo_ws/install/moveit_ur10/share/moveit_ur10/config/sensors_3d.yaml
-- Up-to-date: /home/robotics/robo_ws/install/moveit_ur10/share/moveit_ur10/config/ros2_controllers.yaml
-- Up-to-date: /home/robotics/robo_ws/install/moveit_ur10/share/moveit_ur10/config/kinematics.yaml
-- Up-to-date: /home/robotics/robo_ws/install/moveit_ur10/share/moveit_ur10/.setup_assistant
