[0.054s] DEBUG:colcon:Command line arguments: ['/usr/bin/colcon', 'build']
[0.054s] DEBUG:colcon:Parsed command line arguments: Namespace(log_base=None, log_level=None, verb_name='build', build_base='build', install_base='install', merge_install=False, symlink_install=False, test_result_base=None, continue_on_error=False, executor='parallel', parallel_workers=24, event_handlers=None, ignore_user_meta=False, metas=['./colcon.meta'], base_paths=['.'], packages_ignore=None, packages_ignore_regex=None, paths=None, packages_up_to=None, packages_up_to_regex=None, packages_above=None, packages_above_and_dependencies=None, packages_above_depth=None, packages_select_by_dep=None, packages_skip_by_dep=None, packages_skip_up_to=None, packages_select_build_failed=False, packages_skip_build_finished=False, packages_select_test_failures=False, packages_skip_test_passed=False, packages_select=None, packages_skip=None, packages_select_regex=None, packages_skip_regex=None, packages_start=None, packages_end=None, allow_overriding=[], cmake_args=None, cmake_target=None, cmake_target_skip_unavailable=False, cmake_clean_cache=False, cmake_clean_first=False, cmake_force_configure=False, ament_cmake_args=None, catkin_cmake_args=None, catkin_skip_building_tests=False, verb_parser=<colcon_defaults.argument_parser.defaults.DefaultArgumentsDecorator object at 0x718f3cf698d0>, verb_extension=<colcon_core.verb.build.BuildVerb object at 0x718f3cf69390>, main=<bound method BuildVerb.main of <colcon_core.verb.build.BuildVerb object at 0x718f3cf69390>>)
[0.129s] Level 1:colcon.colcon_core.package_discovery:discover_packages(colcon_meta) check parameters
[0.129s] Level 1:colcon.colcon_core.package_discovery:discover_packages(recursive) check parameters
[0.129s] Level 1:colcon.colcon_core.package_discovery:discover_packages(ignore) check parameters
[0.129s] Level 1:colcon.colcon_core.package_discovery:discover_packages(path) check parameters
[0.129s] Level 1:colcon.colcon_core.package_discovery:discover_packages(colcon_meta) discover
[0.129s] Level 1:colcon.colcon_core.package_discovery:discover_packages(recursive) discover
[0.129s] INFO:colcon.colcon_core.package_discovery:Crawling recursively for packages in '/home/robotics/robo_ws'
[0.129s] Level 1:colcon.colcon_core.package_identification:_identify(.) by extensions ['ignore', 'ignore_ament_install']
[0.129s] Level 1:colcon.colcon_core.package_identification:_identify(.) by extension 'ignore'
[0.129s] Level 1:colcon.colcon_core.package_identification:_identify(.) by extension 'ignore_ament_install'
[0.129s] Level 1:colcon.colcon_core.package_identification:_identify(.) by extensions ['colcon_pkg']
[0.129s] Level 1:colcon.colcon_core.package_identification:_identify(.) by extension 'colcon_pkg'
[0.129s] Level 1:colcon.colcon_core.package_identification:_identify(.) by extensions ['colcon_meta']
[0.129s] Level 1:colcon.colcon_core.package_identification:_identify(.) by extension 'colcon_meta'
[0.129s] Level 1:colcon.colcon_core.package_identification:_identify(.) by extensions ['ros']
[0.129s] Level 1:colcon.colcon_core.package_identification:_identify(.) by extension 'ros'
[0.134s] Level 1:colcon.colcon_core.package_identification:_identify(.) by extensions ['cmake', 'python']
[0.134s] Level 1:colcon.colcon_core.package_identification:_identify(.) by extension 'cmake'
[0.134s] Level 1:colcon.colcon_core.package_identification:_identify(.) by extension 'python'
[0.134s] Level 1:colcon.colcon_core.package_identification:_identify(.) by extensions ['python_setup_py']
[0.134s] Level 1:colcon.colcon_core.package_identification:_identify(.) by extension 'python_setup_py'
[0.134s] Level 1:colcon.colcon_core.package_identification:_identify(build) by extensions ['ignore', 'ignore_ament_install']
[0.134s] Level 1:colcon.colcon_core.package_identification:_identify(build) by extension 'ignore'
[0.134s] Level 1:colcon.colcon_core.package_identification:_identify(build) ignored
[0.134s] Level 1:colcon.colcon_core.package_identification:_identify(install) by extensions ['ignore', 'ignore_ament_install']
[0.134s] Level 1:colcon.colcon_core.package_identification:_identify(install) by extension 'ignore'
[0.134s] Level 1:colcon.colcon_core.package_identification:_identify(install) ignored
[0.134s] Level 1:colcon.colcon_core.package_identification:_identify(log) by extensions ['ignore', 'ignore_ament_install']
[0.135s] Level 1:colcon.colcon_core.package_identification:_identify(log) by extension 'ignore'
[0.135s] Level 1:colcon.colcon_core.package_identification:_identify(log) ignored
[0.135s] Level 1:colcon.colcon_core.package_identification:_identify(src) by extensions ['ignore', 'ignore_ament_install']
[0.135s] Level 1:colcon.colcon_core.package_identification:_identify(src) by extension 'ignore'
[0.135s] Level 1:colcon.colcon_core.package_identification:_identify(src) by extension 'ignore_ament_install'
[0.135s] Level 1:colcon.colcon_core.package_identification:_identify(src) by extensions ['colcon_pkg']
[0.135s] Level 1:colcon.colcon_core.package_identification:_identify(src) by extension 'colcon_pkg'
[0.135s] Level 1:colcon.colcon_core.package_identification:_identify(src) by extensions ['colcon_meta']
[0.135s] Level 1:colcon.colcon_core.package_identification:_identify(src) by extension 'colcon_meta'
[0.135s] Level 1:colcon.colcon_core.package_identification:_identify(src) by extensions ['ros']
[0.135s] Level 1:colcon.colcon_core.package_identification:_identify(src) by extension 'ros'
[0.135s] Level 1:colcon.colcon_core.package_identification:_identify(src) by extensions ['cmake', 'python']
[0.135s] Level 1:colcon.colcon_core.package_identification:_identify(src) by extension 'cmake'
[0.135s] Level 1:colcon.colcon_core.package_identification:_identify(src) by extension 'python'
[0.135s] Level 1:colcon.colcon_core.package_identification:_identify(src) by extensions ['python_setup_py']
[0.135s] Level 1:colcon.colcon_core.package_identification:_identify(src) by extension 'python_setup_py'
[0.135s] Level 1:colcon.colcon_core.package_identification:_identify(src/moveit_ur10) by extensions ['ignore', 'ignore_ament_install']
[0.135s] Level 1:colcon.colcon_core.package_identification:_identify(src/moveit_ur10) by extension 'ignore'
[0.135s] Level 1:colcon.colcon_core.package_identification:_identify(src/moveit_ur10) by extension 'ignore_ament_install'
[0.135s] Level 1:colcon.colcon_core.package_identification:_identify(src/moveit_ur10) by extensions ['colcon_pkg']
[0.135s] Level 1:colcon.colcon_core.package_identification:_identify(src/moveit_ur10) by extension 'colcon_pkg'
[0.135s] Level 1:colcon.colcon_core.package_identification:_identify(src/moveit_ur10) by extensions ['colcon_meta']
[0.135s] Level 1:colcon.colcon_core.package_identification:_identify(src/moveit_ur10) by extension 'colcon_meta'
[0.135s] Level 1:colcon.colcon_core.package_identification:_identify(src/moveit_ur10) by extensions ['ros']
[0.135s] Level 1:colcon.colcon_core.package_identification:_identify(src/moveit_ur10) by extension 'ros'
[0.136s] DEBUG:colcon.colcon_core.package_identification:Package 'src/moveit_ur10' with type 'ros.ament_cmake' and name 'moveit_ur10'
[0.136s] Level 1:colcon.colcon_core.package_identification:_identify(src/rebar) by extensions ['ignore', 'ignore_ament_install']
[0.136s] Level 1:colcon.colcon_core.package_identification:_identify(src/rebar) by extension 'ignore'
[0.136s] Level 1:colcon.colcon_core.package_identification:_identify(src/rebar) by extension 'ignore_ament_install'
[0.136s] Level 1:colcon.colcon_core.package_identification:_identify(src/rebar) by extensions ['colcon_pkg']
[0.136s] Level 1:colcon.colcon_core.package_identification:_identify(src/rebar) by extension 'colcon_pkg'
[0.136s] Level 1:colcon.colcon_core.package_identification:_identify(src/rebar) by extensions ['colcon_meta']
[0.136s] Level 1:colcon.colcon_core.package_identification:_identify(src/rebar) by extension 'colcon_meta'
[0.136s] Level 1:colcon.colcon_core.package_identification:_identify(src/rebar) by extensions ['ros']
[0.136s] Level 1:colcon.colcon_core.package_identification:_identify(src/rebar) by extension 'ros'
[0.136s] Level 1:colcon.colcon_core.package_identification:_identify(src/rebar) by extensions ['cmake', 'python']
[0.136s] Level 1:colcon.colcon_core.package_identification:_identify(src/rebar) by extension 'cmake'
[0.137s] Level 1:colcon.colcon_core.package_identification:_identify(src/rebar) by extension 'python'
[0.137s] Level 1:colcon.colcon_core.package_identification:_identify(src/rebar) by extensions ['python_setup_py']
[0.137s] Level 1:colcon.colcon_core.package_identification:_identify(src/rebar) by extension 'python_setup_py'
[0.137s] Level 1:colcon.colcon_core.package_identification:_identify(src/rebar_control) by extensions ['ignore', 'ignore_ament_install']
[0.137s] Level 1:colcon.colcon_core.package_identification:_identify(src/rebar_control) by extension 'ignore'
[0.137s] Level 1:colcon.colcon_core.package_identification:_identify(src/rebar_control) by extension 'ignore_ament_install'
[0.137s] Level 1:colcon.colcon_core.package_identification:_identify(src/rebar_control) by extensions ['colcon_pkg']
[0.137s] Level 1:colcon.colcon_core.package_identification:_identify(src/rebar_control) by extension 'colcon_pkg'
[0.137s] Level 1:colcon.colcon_core.package_identification:_identify(src/rebar_control) by extensions ['colcon_meta']
[0.137s] Level 1:colcon.colcon_core.package_identification:_identify(src/rebar_control) by extension 'colcon_meta'
[0.137s] Level 1:colcon.colcon_core.package_identification:_identify(src/rebar_control) by extensions ['ros']
[0.137s] Level 1:colcon.colcon_core.package_identification:_identify(src/rebar_control) by extension 'ros'
[0.137s] DEBUG:colcon.colcon_core.package_identification:Package 'src/rebar_control' with type 'ros.ament_python' and name 'rebar_control'
[0.137s] Level 1:colcon.colcon_core.package_identification:_identify(src/ur10e_description) by extensions ['ignore', 'ignore_ament_install']
[0.137s] Level 1:colcon.colcon_core.package_identification:_identify(src/ur10e_description) by extension 'ignore'
[0.137s] Level 1:colcon.colcon_core.package_identification:_identify(src/ur10e_description) by extension 'ignore_ament_install'
[0.137s] Level 1:colcon.colcon_core.package_identification:_identify(src/ur10e_description) by extensions ['colcon_pkg']
[0.137s] Level 1:colcon.colcon_core.package_identification:_identify(src/ur10e_description) by extension 'colcon_pkg'
[0.137s] Level 1:colcon.colcon_core.package_identification:_identify(src/ur10e_description) by extensions ['colcon_meta']
[0.137s] Level 1:colcon.colcon_core.package_identification:_identify(src/ur10e_description) by extension 'colcon_meta'
[0.137s] Level 1:colcon.colcon_core.package_identification:_identify(src/ur10e_description) by extensions ['ros']
[0.137s] Level 1:colcon.colcon_core.package_identification:_identify(src/ur10e_description) by extension 'ros'
[0.138s] DEBUG:colcon.colcon_core.package_identification:Package 'src/ur10e_description' with type 'ros.ament_cmake' and name 'ur10e_description'
[0.138s] Level 1:colcon.colcon_core.package_discovery:discover_packages(recursive) using defaults
[0.138s] Level 1:colcon.colcon_core.package_discovery:discover_packages(ignore) discover
[0.138s] Level 1:colcon.colcon_core.package_discovery:discover_packages(ignore) using defaults
[0.138s] Level 1:colcon.colcon_core.package_discovery:discover_packages(path) discover
[0.138s] Level 1:colcon.colcon_core.package_discovery:discover_packages(path) using defaults
[0.153s] Level 1:colcon.colcon_core.package_discovery:discover_packages(prefix_path) check parameters
[0.153s] Level 1:colcon.colcon_core.package_discovery:discover_packages(prefix_path) discover
[0.153s] WARNING:colcon.colcon_ros.prefix_path.ament:The path '/home/robotics/robo_ws/install/moveit_py' in the environment variable AMENT_PREFIX_PATH doesn't exist
[0.154s] WARNING:colcon.colcon_ros.prefix_path.catkin:The path '/home/robotics/robo_ws/install/moveit_py' in the environment variable CMAKE_PREFIX_PATH doesn't exist
[0.154s] DEBUG:colcon.colcon_installed_package_information.package_discovery:Found 3 installed packages in /home/robotics/robo_ws/install
[0.155s] DEBUG:colcon.colcon_installed_package_information.package_discovery:Found 379 installed packages in /opt/ros/humble
[0.155s] Level 1:colcon.colcon_core.package_discovery:discover_packages(prefix_path) using defaults
[0.176s] Level 5:colcon.colcon_core.verb:set package 'rebar_control' build argument 'cmake_args' from command line to 'None'
[0.176s] Level 5:colcon.colcon_core.verb:set package 'rebar_control' build argument 'cmake_target' from command line to 'None'
[0.176s] Level 5:colcon.colcon_core.verb:set package 'rebar_control' build argument 'cmake_target_skip_unavailable' from command line to 'False'
[0.176s] Level 5:colcon.colcon_core.verb:set package 'rebar_control' build argument 'cmake_clean_cache' from command line to 'False'
[0.176s] Level 5:colcon.colcon_core.verb:set package 'rebar_control' build argument 'cmake_clean_first' from command line to 'False'
[0.176s] Level 5:colcon.colcon_core.verb:set package 'rebar_control' build argument 'cmake_force_configure' from command line to 'False'
[0.176s] Level 5:colcon.colcon_core.verb:set package 'rebar_control' build argument 'ament_cmake_args' from command line to 'None'
[0.176s] Level 5:colcon.colcon_core.verb:set package 'rebar_control' build argument 'catkin_cmake_args' from command line to 'None'
[0.176s] Level 5:colcon.colcon_core.verb:set package 'rebar_control' build argument 'catkin_skip_building_tests' from command line to 'False'
[0.176s] DEBUG:colcon.colcon_core.verb:Building package 'rebar_control' with the following arguments: {'ament_cmake_args': None, 'build_base': '/home/robotics/robo_ws/build/rebar_control', 'catkin_cmake_args': None, 'catkin_skip_building_tests': False, 'cmake_args': None, 'cmake_clean_cache': False, 'cmake_clean_first': False, 'cmake_force_configure': False, 'cmake_target': None, 'cmake_target_skip_unavailable': False, 'install_base': '/home/robotics/robo_ws/install/rebar_control', 'merge_install': False, 'path': '/home/robotics/robo_ws/src/rebar_control', 'symlink_install': False, 'test_result_base': None}
[0.176s] Level 5:colcon.colcon_core.verb:set package 'ur10e_description' build argument 'cmake_args' from command line to 'None'
[0.176s] Level 5:colcon.colcon_core.verb:set package 'ur10e_description' build argument 'cmake_target' from command line to 'None'
[0.176s] Level 5:colcon.colcon_core.verb:set package 'ur10e_description' build argument 'cmake_target_skip_unavailable' from command line to 'False'
[0.176s] Level 5:colcon.colcon_core.verb:set package 'ur10e_description' build argument 'cmake_clean_cache' from command line to 'False'
[0.176s] Level 5:colcon.colcon_core.verb:set package 'ur10e_description' build argument 'cmake_clean_first' from command line to 'False'
[0.176s] Level 5:colcon.colcon_core.verb:set package 'ur10e_description' build argument 'cmake_force_configure' from command line to 'False'
[0.176s] Level 5:colcon.colcon_core.verb:set package 'ur10e_description' build argument 'ament_cmake_args' from command line to 'None'
[0.176s] Level 5:colcon.colcon_core.verb:set package 'ur10e_description' build argument 'catkin_cmake_args' from command line to 'None'
[0.176s] Level 5:colcon.colcon_core.verb:set package 'ur10e_description' build argument 'catkin_skip_building_tests' from command line to 'False'
[0.176s] DEBUG:colcon.colcon_core.verb:Building package 'ur10e_description' with the following arguments: {'ament_cmake_args': None, 'build_base': '/home/robotics/robo_ws/build/ur10e_description', 'catkin_cmake_args': None, 'catkin_skip_building_tests': False, 'cmake_args': None, 'cmake_clean_cache': False, 'cmake_clean_first': False, 'cmake_force_configure': False, 'cmake_target': None, 'cmake_target_skip_unavailable': False, 'install_base': '/home/robotics/robo_ws/install/ur10e_description', 'merge_install': False, 'path': '/home/robotics/robo_ws/src/ur10e_description', 'symlink_install': False, 'test_result_base': None}
[0.176s] Level 5:colcon.colcon_core.verb:set package 'moveit_ur10' build argument 'cmake_args' from command line to 'None'
[0.176s] Level 5:colcon.colcon_core.verb:set package 'moveit_ur10' build argument 'cmake_target' from command line to 'None'
[0.176s] Level 5:colcon.colcon_core.verb:set package 'moveit_ur10' build argument 'cmake_target_skip_unavailable' from command line to 'False'
[0.176s] Level 5:colcon.colcon_core.verb:set package 'moveit_ur10' build argument 'cmake_clean_cache' from command line to 'False'
[0.176s] Level 5:colcon.colcon_core.verb:set package 'moveit_ur10' build argument 'cmake_clean_first' from command line to 'False'
[0.176s] Level 5:colcon.colcon_core.verb:set package 'moveit_ur10' build argument 'cmake_force_configure' from command line to 'False'
[0.176s] Level 5:colcon.colcon_core.verb:set package 'moveit_ur10' build argument 'ament_cmake_args' from command line to 'None'
[0.176s] Level 5:colcon.colcon_core.verb:set package 'moveit_ur10' build argument 'catkin_cmake_args' from command line to 'None'
[0.176s] Level 5:colcon.colcon_core.verb:set package 'moveit_ur10' build argument 'catkin_skip_building_tests' from command line to 'False'
[0.176s] DEBUG:colcon.colcon_core.verb:Building package 'moveit_ur10' with the following arguments: {'ament_cmake_args': None, 'build_base': '/home/robotics/robo_ws/build/moveit_ur10', 'catkin_cmake_args': None, 'catkin_skip_building_tests': False, 'cmake_args': None, 'cmake_clean_cache': False, 'cmake_clean_first': False, 'cmake_force_configure': False, 'cmake_target': None, 'cmake_target_skip_unavailable': False, 'install_base': '/home/robotics/robo_ws/install/moveit_ur10', 'merge_install': False, 'path': '/home/robotics/robo_ws/src/moveit_ur10', 'symlink_install': False, 'test_result_base': None}
[0.176s] INFO:colcon.colcon_core.executor:Executing jobs using 'parallel' executor
[0.177s] DEBUG:colcon.colcon_parallel_executor.executor.parallel:run_until_complete
[0.177s] INFO:colcon.colcon_ros.task.ament_cmake.build:Building ROS package in '/home/robotics/robo_ws/src/ur10e_description' with build type 'ament_cmake'
[0.177s] INFO:colcon.colcon_cmake.task.cmake.build:Building CMake package in '/home/robotics/robo_ws/src/ur10e_description'
[0.178s] INFO:colcon.colcon_core.plugin_system:Skipping extension 'colcon_core.shell.bat': Not used on non-Windows systems
[0.178s] INFO:colcon.colcon_core.shell:Skip shell extension 'powershell' for command environment: Not usable outside of PowerShell
[0.178s] DEBUG:colcon.colcon_core.shell:Skip shell extension 'dsv' for command environment
[0.183s] INFO:colcon.colcon_ros.task.ament_python.build:Building ROS package in '/home/robotics/robo_ws/src/rebar_control' with build type 'ament_python'
[0.183s] Level 1:colcon.colcon_core.shell:create_environment_hook('rebar_control', 'ament_prefix_path')
[0.183s] INFO:colcon.colcon_core.shell:Creating environment hook '/home/robotics/robo_ws/install/rebar_control/share/rebar_control/hook/ament_prefix_path.ps1'
[0.184s] INFO:colcon.colcon_core.shell:Creating environment descriptor '/home/robotics/robo_ws/install/rebar_control/share/rebar_control/hook/ament_prefix_path.dsv'
[0.184s] INFO:colcon.colcon_core.shell:Creating environment hook '/home/robotics/robo_ws/install/rebar_control/share/rebar_control/hook/ament_prefix_path.sh'
[0.185s] INFO:colcon.colcon_core.shell:Skip shell extension 'powershell' for command environment: Not usable outside of PowerShell
[0.185s] DEBUG:colcon.colcon_core.shell:Skip shell extension 'dsv' for command environment
[0.189s] DEBUG:colcon.colcon_core.event_handler.log_command:Invoking command in '/home/robotics/robo_ws/build/ur10e_description': CMAKE_PREFIX_PATH=${CMAKE_PREFIX_PATH}:/home/robotics/robo_ws/install/rebar_control:/opt/ros/humble /usr/bin/cmake --build /home/robotics/robo_ws/build/ur10e_description -- -j24 -l24
[0.307s] INFO:colcon.colcon_core.task.python.build:Building Python package in '/home/robotics/robo_ws/src/rebar_control'
[0.307s] INFO:colcon.colcon_core.shell:Skip shell extension 'powershell' for command environment: Not usable outside of PowerShell
[0.307s] DEBUG:colcon.colcon_core.shell:Skip shell extension 'dsv' for command environment
[0.310s] DEBUG:colcon.colcon_core.event_handler.log_command:Invoked command in '/home/robotics/robo_ws/build/ur10e_description' returned '0': CMAKE_PREFIX_PATH=${CMAKE_PREFIX_PATH}:/home/robotics/robo_ws/install/rebar_control:/opt/ros/humble /usr/bin/cmake --build /home/robotics/robo_ws/build/ur10e_description -- -j24 -l24
[0.317s] DEBUG:colcon.colcon_core.event_handler.log_command:Invoking command in '/home/robotics/robo_ws/build/ur10e_description': CMAKE_PREFIX_PATH=${CMAKE_PREFIX_PATH}:/home/robotics/robo_ws/install/rebar_control:/opt/ros/humble /usr/bin/cmake --install /home/robotics/robo_ws/build/ur10e_description
[0.324s] Level 1:colcon.colcon_core.environment:create_environment_scripts_only(ur10e_description)
[0.324s] DEBUG:colcon.colcon_core.event_handler.log_command:Invoked command in '/home/robotics/robo_ws/build/ur10e_description' returned '0': CMAKE_PREFIX_PATH=${CMAKE_PREFIX_PATH}:/home/robotics/robo_ws/install/rebar_control:/opt/ros/humble /usr/bin/cmake --install /home/robotics/robo_ws/build/ur10e_description
[0.325s] Level 1:colcon.colcon_core.environment:checking '/home/robotics/robo_ws/install/ur10e_description' for CMake module files
[0.325s] Level 1:colcon.colcon_core.environment:checking '/home/robotics/robo_ws/install/ur10e_description' for CMake config files
[0.325s] Level 1:colcon.colcon_core.shell:create_environment_hook('ur10e_description', 'cmake_prefix_path')
[0.326s] INFO:colcon.colcon_core.shell:Creating environment hook '/home/robotics/robo_ws/install/ur10e_description/share/ur10e_description/hook/cmake_prefix_path.ps1'
[0.326s] INFO:colcon.colcon_core.shell:Creating environment descriptor '/home/robotics/robo_ws/install/ur10e_description/share/ur10e_description/hook/cmake_prefix_path.dsv'
[0.326s] INFO:colcon.colcon_core.shell:Creating environment hook '/home/robotics/robo_ws/install/ur10e_description/share/ur10e_description/hook/cmake_prefix_path.sh'
[0.326s] Level 1:colcon.colcon_core.environment:checking '/home/robotics/robo_ws/install/ur10e_description/bin'
[0.326s] Level 1:colcon.colcon_core.environment:checking '/home/robotics/robo_ws/install/ur10e_description/lib/pkgconfig/ur10e_description.pc'
[0.326s] Level 1:colcon.colcon_core.environment:checking '/home/robotics/robo_ws/install/ur10e_description/lib/python3.10/site-packages'
[0.327s] Level 1:colcon.colcon_core.environment:checking '/home/robotics/robo_ws/install/ur10e_description/bin'
[0.327s] INFO:colcon.colcon_core.shell:Creating package script '/home/robotics/robo_ws/install/ur10e_description/share/ur10e_description/package.ps1'
[0.327s] INFO:colcon.colcon_core.shell:Creating package descriptor '/home/robotics/robo_ws/install/ur10e_description/share/ur10e_description/package.dsv'
[0.327s] INFO:colcon.colcon_core.shell:Creating package script '/home/robotics/robo_ws/install/ur10e_description/share/ur10e_description/package.sh'
[0.328s] INFO:colcon.colcon_core.shell:Creating package script '/home/robotics/robo_ws/install/ur10e_description/share/ur10e_description/package.bash'
[0.328s] INFO:colcon.colcon_core.shell:Creating package script '/home/robotics/robo_ws/install/ur10e_description/share/ur10e_description/package.zsh'
[0.329s] Level 1:colcon.colcon_core.environment:create_file_with_runtime_dependencies(/home/robotics/robo_ws/install/ur10e_description/share/colcon-core/packages/ur10e_description)
[0.329s] Level 1:colcon.colcon_core.environment:create_environment_scripts_only(ur10e_description)
[0.329s] Level 1:colcon.colcon_core.environment:checking '/home/robotics/robo_ws/install/ur10e_description' for CMake module files
[0.329s] Level 1:colcon.colcon_core.environment:checking '/home/robotics/robo_ws/install/ur10e_description' for CMake config files
[0.329s] Level 1:colcon.colcon_core.shell:create_environment_hook('ur10e_description', 'cmake_prefix_path')
[0.329s] INFO:colcon.colcon_core.shell:Creating environment hook '/home/robotics/robo_ws/install/ur10e_description/share/ur10e_description/hook/cmake_prefix_path.ps1'
[0.330s] INFO:colcon.colcon_core.shell:Creating environment descriptor '/home/robotics/robo_ws/install/ur10e_description/share/ur10e_description/hook/cmake_prefix_path.dsv'
[0.330s] INFO:colcon.colcon_core.shell:Creating environment hook '/home/robotics/robo_ws/install/ur10e_description/share/ur10e_description/hook/cmake_prefix_path.sh'
[0.330s] Level 1:colcon.colcon_core.environment:checking '/home/robotics/robo_ws/install/ur10e_description/bin'
[0.330s] Level 1:colcon.colcon_core.environment:checking '/home/robotics/robo_ws/install/ur10e_description/lib/pkgconfig/ur10e_description.pc'
[0.330s] Level 1:colcon.colcon_core.environment:checking '/home/robotics/robo_ws/install/ur10e_description/lib/python3.10/site-packages'
[0.330s] Level 1:colcon.colcon_core.environment:checking '/home/robotics/robo_ws/install/ur10e_description/bin'
[0.330s] INFO:colcon.colcon_core.shell:Creating package script '/home/robotics/robo_ws/install/ur10e_description/share/ur10e_description/package.ps1'
[0.331s] INFO:colcon.colcon_core.shell:Creating package descriptor '/home/robotics/robo_ws/install/ur10e_description/share/ur10e_description/package.dsv'
[0.331s] INFO:colcon.colcon_core.shell:Creating package script '/home/robotics/robo_ws/install/ur10e_description/share/ur10e_description/package.sh'
[0.331s] INFO:colcon.colcon_core.shell:Creating package script '/home/robotics/robo_ws/install/ur10e_description/share/ur10e_description/package.bash'
[0.331s] INFO:colcon.colcon_core.shell:Creating package script '/home/robotics/robo_ws/install/ur10e_description/share/ur10e_description/package.zsh'
[0.331s] Level 1:colcon.colcon_core.environment:create_file_with_runtime_dependencies(/home/robotics/robo_ws/install/ur10e_description/share/colcon-core/packages/ur10e_description)
[0.332s] INFO:colcon.colcon_ros.task.ament_cmake.build:Building ROS package in '/home/robotics/robo_ws/src/moveit_ur10' with build type 'ament_cmake'
[0.332s] INFO:colcon.colcon_cmake.task.cmake.build:Building CMake package in '/home/robotics/robo_ws/src/moveit_ur10'
[0.332s] INFO:colcon.colcon_core.shell:Skip shell extension 'powershell' for command environment: Not usable outside of PowerShell
[0.332s] DEBUG:colcon.colcon_core.shell:Skip shell extension 'dsv' for command environment
[0.339s] DEBUG:colcon.colcon_core.event_handler.log_command:Invoking command in '/home/robotics/robo_ws/build/moveit_ur10': CMAKE_PREFIX_PATH=/home/robotics/robo_ws/install/ur10e_description:/home/robotics/robo_ws/install/moveit_py:/home/robotics/robo_ws/install/moveit_ur10:/home/robotics/robo_ws/install/rebar_control:/opt/ros/humble /usr/bin/cmake --build /home/robotics/robo_ws/build/moveit_ur10 -- -j24 -l24
[0.363s] DEBUG:colcon.colcon_core.event_handler.log_command:Invoked command in '/home/robotics/robo_ws/build/moveit_ur10' returned '0': CMAKE_PREFIX_PATH=/home/robotics/robo_ws/install/ur10e_description:/home/robotics/robo_ws/install/moveit_py:/home/robotics/robo_ws/install/moveit_ur10:/home/robotics/robo_ws/install/rebar_control:/opt/ros/humble /usr/bin/cmake --build /home/robotics/robo_ws/build/moveit_ur10 -- -j24 -l24
[0.364s] DEBUG:colcon.colcon_core.event_handler.log_command:Invoking command in '/home/robotics/robo_ws/build/moveit_ur10': CMAKE_PREFIX_PATH=/home/robotics/robo_ws/install/ur10e_description:/home/robotics/robo_ws/install/moveit_py:/home/robotics/robo_ws/install/moveit_ur10:/home/robotics/robo_ws/install/rebar_control:/opt/ros/humble /usr/bin/cmake --install /home/robotics/robo_ws/build/moveit_ur10
[0.372s] Level 1:colcon.colcon_core.environment:create_environment_scripts_only(moveit_ur10)
[0.372s] Level 1:colcon.colcon_core.environment:checking '/home/robotics/robo_ws/install/moveit_ur10' for CMake module files
[0.372s] DEBUG:colcon.colcon_core.event_handler.log_command:Invoked command in '/home/robotics/robo_ws/build/moveit_ur10' returned '0': CMAKE_PREFIX_PATH=/home/robotics/robo_ws/install/ur10e_description:/home/robotics/robo_ws/install/moveit_py:/home/robotics/robo_ws/install/moveit_ur10:/home/robotics/robo_ws/install/rebar_control:/opt/ros/humble /usr/bin/cmake --install /home/robotics/robo_ws/build/moveit_ur10
[0.373s] Level 1:colcon.colcon_core.environment:checking '/home/robotics/robo_ws/install/moveit_ur10' for CMake config files
[0.373s] Level 1:colcon.colcon_core.shell:create_environment_hook('moveit_ur10', 'cmake_prefix_path')
[0.373s] INFO:colcon.colcon_core.shell:Creating environment hook '/home/robotics/robo_ws/install/moveit_ur10/share/moveit_ur10/hook/cmake_prefix_path.ps1'
[0.373s] INFO:colcon.colcon_core.shell:Creating environment descriptor '/home/robotics/robo_ws/install/moveit_ur10/share/moveit_ur10/hook/cmake_prefix_path.dsv'
[0.373s] INFO:colcon.colcon_core.shell:Creating environment hook '/home/robotics/robo_ws/install/moveit_ur10/share/moveit_ur10/hook/cmake_prefix_path.sh'
[0.374s] Level 1:colcon.colcon_core.environment:checking '/home/robotics/robo_ws/install/moveit_ur10/bin'
[0.374s] Level 1:colcon.colcon_core.environment:checking '/home/robotics/robo_ws/install/moveit_ur10/lib/pkgconfig/moveit_ur10.pc'
[0.374s] Level 1:colcon.colcon_core.environment:checking '/home/robotics/robo_ws/install/moveit_ur10/lib/python3.10/site-packages'
[0.374s] Level 1:colcon.colcon_core.environment:checking '/home/robotics/robo_ws/install/moveit_ur10/bin'
[0.374s] INFO:colcon.colcon_core.shell:Creating package script '/home/robotics/robo_ws/install/moveit_ur10/share/moveit_ur10/package.ps1'
[0.374s] INFO:colcon.colcon_core.shell:Creating package descriptor '/home/robotics/robo_ws/install/moveit_ur10/share/moveit_ur10/package.dsv'
[0.375s] INFO:colcon.colcon_core.shell:Creating package script '/home/robotics/robo_ws/install/moveit_ur10/share/moveit_ur10/package.sh'
[0.375s] INFO:colcon.colcon_core.shell:Creating package script '/home/robotics/robo_ws/install/moveit_ur10/share/moveit_ur10/package.bash'
[0.375s] INFO:colcon.colcon_core.shell:Creating package script '/home/robotics/robo_ws/install/moveit_ur10/share/moveit_ur10/package.zsh'
[0.375s] Level 1:colcon.colcon_core.environment:create_file_with_runtime_dependencies(/home/robotics/robo_ws/install/moveit_ur10/share/colcon-core/packages/moveit_ur10)
[0.376s] Level 1:colcon.colcon_core.environment:create_environment_scripts_only(moveit_ur10)
[0.376s] Level 1:colcon.colcon_core.environment:checking '/home/robotics/robo_ws/install/moveit_ur10' for CMake module files
[0.376s] Level 1:colcon.colcon_core.environment:checking '/home/robotics/robo_ws/install/moveit_ur10' for CMake config files
[0.376s] Level 1:colcon.colcon_core.shell:create_environment_hook('moveit_ur10', 'cmake_prefix_path')
[0.376s] INFO:colcon.colcon_core.shell:Creating environment hook '/home/robotics/robo_ws/install/moveit_ur10/share/moveit_ur10/hook/cmake_prefix_path.ps1'
[0.377s] INFO:colcon.colcon_core.shell:Creating environment descriptor '/home/robotics/robo_ws/install/moveit_ur10/share/moveit_ur10/hook/cmake_prefix_path.dsv'
[0.377s] INFO:colcon.colcon_core.shell:Creating environment hook '/home/robotics/robo_ws/install/moveit_ur10/share/moveit_ur10/hook/cmake_prefix_path.sh'
[0.377s] Level 1:colcon.colcon_core.environment:checking '/home/robotics/robo_ws/install/moveit_ur10/bin'
[0.377s] Level 1:colcon.colcon_core.environment:checking '/home/robotics/robo_ws/install/moveit_ur10/lib/pkgconfig/moveit_ur10.pc'
[0.377s] Level 1:colcon.colcon_core.environment:checking '/home/robotics/robo_ws/install/moveit_ur10/lib/python3.10/site-packages'
[0.378s] Level 1:colcon.colcon_core.environment:checking '/home/robotics/robo_ws/install/moveit_ur10/bin'
[0.378s] INFO:colcon.colcon_core.shell:Creating package script '/home/robotics/robo_ws/install/moveit_ur10/share/moveit_ur10/package.ps1'
[0.378s] INFO:colcon.colcon_core.shell:Creating package descriptor '/home/robotics/robo_ws/install/moveit_ur10/share/moveit_ur10/package.dsv'
[0.378s] INFO:colcon.colcon_core.shell:Creating package script '/home/robotics/robo_ws/install/moveit_ur10/share/moveit_ur10/package.sh'
[0.378s] INFO:colcon.colcon_core.shell:Creating package script '/home/robotics/robo_ws/install/moveit_ur10/share/moveit_ur10/package.bash'
[0.379s] INFO:colcon.colcon_core.shell:Creating package script '/home/robotics/robo_ws/install/moveit_ur10/share/moveit_ur10/package.zsh'
[0.379s] Level 1:colcon.colcon_core.environment:create_file_with_runtime_dependencies(/home/robotics/robo_ws/install/moveit_ur10/share/colcon-core/packages/moveit_ur10)
[0.480s] DEBUG:colcon.colcon_core.event_handler.log_command:Invoking command in '/home/robotics/robo_ws/src/rebar_control': PYTHONPATH=/home/robotics/robo_ws/build/rebar_control/prefix_override:/usr/lib/python3/dist-packages/colcon_core/task/python/colcon_distutils_commands:/home/robotics/robo_ws/install/rebar_control/lib/python3.10/site-packages:${PYTHONPATH} /usr/bin/python3 -W ignore:setup.py install is deprecated -W ignore:easy_install command is deprecated setup.py egg_info --egg-base ../../build/rebar_control build --build-base /home/robotics/robo_ws/build/rebar_control/build install --record /home/robotics/robo_ws/build/rebar_control/install.log --single-version-externally-managed install_data
[0.627s] Level 1:colcon.colcon_core.environment:checking '/home/robotics/robo_ws/install/rebar_control' for CMake module files
[0.627s] DEBUG:colcon.colcon_core.event_handler.log_command:Invoked command in '/home/robotics/robo_ws/src/rebar_control' returned '0': PYTHONPATH=/home/robotics/robo_ws/build/rebar_control/prefix_override:/usr/lib/python3/dist-packages/colcon_core/task/python/colcon_distutils_commands:/home/robotics/robo_ws/install/rebar_control/lib/python3.10/site-packages:${PYTHONPATH} /usr/bin/python3 -W ignore:setup.py install is deprecated -W ignore:easy_install command is deprecated setup.py egg_info --egg-base ../../build/rebar_control build --build-base /home/robotics/robo_ws/build/rebar_control/build install --record /home/robotics/robo_ws/build/rebar_control/install.log --single-version-externally-managed install_data
[0.627s] Level 1:colcon.colcon_core.environment:checking '/home/robotics/robo_ws/install/rebar_control' for CMake config files
[0.628s] Level 1:colcon.colcon_core.environment:checking '/home/robotics/robo_ws/install/rebar_control/lib'
[0.628s] Level 1:colcon.colcon_core.environment:checking '/home/robotics/robo_ws/install/rebar_control/bin'
[0.628s] Level 1:colcon.colcon_core.environment:checking '/home/robotics/robo_ws/install/rebar_control/lib/pkgconfig/rebar_control.pc'
[0.628s] Level 1:colcon.colcon_core.environment:checking '/home/robotics/robo_ws/install/rebar_control/lib/python3.10/site-packages'
[0.628s] Level 1:colcon.colcon_core.shell:create_environment_hook('rebar_control', 'pythonpath')
[0.628s] INFO:colcon.colcon_core.shell:Creating environment hook '/home/robotics/robo_ws/install/rebar_control/share/rebar_control/hook/pythonpath.ps1'
[0.629s] INFO:colcon.colcon_core.shell:Creating environment descriptor '/home/robotics/robo_ws/install/rebar_control/share/rebar_control/hook/pythonpath.dsv'
[0.629s] INFO:colcon.colcon_core.shell:Creating environment hook '/home/robotics/robo_ws/install/rebar_control/share/rebar_control/hook/pythonpath.sh'
[0.629s] Level 1:colcon.colcon_core.environment:checking '/home/robotics/robo_ws/install/rebar_control/bin'
[0.629s] Level 1:colcon.colcon_core.environment:create_environment_scripts_only(rebar_control)
[0.629s] INFO:colcon.colcon_core.shell:Creating package script '/home/robotics/robo_ws/install/rebar_control/share/rebar_control/package.ps1'
[0.630s] INFO:colcon.colcon_core.shell:Creating package descriptor '/home/robotics/robo_ws/install/rebar_control/share/rebar_control/package.dsv'
[0.630s] INFO:colcon.colcon_core.shell:Creating package script '/home/robotics/robo_ws/install/rebar_control/share/rebar_control/package.sh'
[0.630s] INFO:colcon.colcon_core.shell:Creating package script '/home/robotics/robo_ws/install/rebar_control/share/rebar_control/package.bash'
[0.630s] INFO:colcon.colcon_core.shell:Creating package script '/home/robotics/robo_ws/install/rebar_control/share/rebar_control/package.zsh'
[0.630s] Level 1:colcon.colcon_core.environment:create_file_with_runtime_dependencies(/home/robotics/robo_ws/install/rebar_control/share/colcon-core/packages/rebar_control)
[0.631s] DEBUG:colcon.colcon_parallel_executor.executor.parallel:closing loop
[0.631s] DEBUG:colcon.colcon_parallel_executor.executor.parallel:loop closed
[0.632s] DEBUG:colcon.colcon_parallel_executor.executor.parallel:run_until_complete finished with '0'
[0.632s] DEBUG:colcon.colcon_core.event_reactor:joining thread
[0.635s] INFO:colcon.colcon_core.plugin_system:Skipping extension 'colcon_notification.desktop_notification.terminal_notifier': Not used on non-Darwin systems
[0.635s] INFO:colcon.colcon_core.plugin_system:Skipping extension 'colcon_notification.desktop_notification.win32': Not used on non-Windows systems
[0.635s] INFO:colcon.colcon_notification.desktop_notification:Sending desktop notification using 'notify2'
[0.648s] DEBUG:colcon.colcon_core.event_reactor:joined thread
[0.648s] INFO:colcon.colcon_core.shell:Creating prefix script '/home/robotics/robo_ws/install/local_setup.ps1'
[0.649s] INFO:colcon.colcon_core.shell:Creating prefix util module '/home/robotics/robo_ws/install/_local_setup_util_ps1.py'
[0.649s] INFO:colcon.colcon_core.shell:Creating prefix chain script '/home/robotics/robo_ws/install/setup.ps1'
[0.650s] INFO:colcon.colcon_core.shell:Creating prefix script '/home/robotics/robo_ws/install/local_setup.sh'
[0.650s] INFO:colcon.colcon_core.shell:Creating prefix util module '/home/robotics/robo_ws/install/_local_setup_util_sh.py'
[0.650s] INFO:colcon.colcon_core.shell:Creating prefix chain script '/home/robotics/robo_ws/install/setup.sh'
[0.651s] INFO:colcon.colcon_core.shell:Creating prefix script '/home/robotics/robo_ws/install/local_setup.bash'
[0.651s] INFO:colcon.colcon_core.shell:Creating prefix chain script '/home/robotics/robo_ws/install/setup.bash'
[0.652s] INFO:colcon.colcon_core.shell:Creating prefix script '/home/robotics/robo_ws/install/local_setup.zsh'
[0.652s] INFO:colcon.colcon_core.shell:Creating prefix chain script '/home/robotics/robo_ws/install/setup.zsh'
