-- The C compiler identification is GNU 11.4.0
-- The CXX compiler identification is GNU 11.4.0
-- Detecting C compiler ABI info
-- Detecting C compiler ABI info - done
-- Check for working C compiler: /usr/bin/cc - skipped
-- Detecting C compile features
-- Detecting C compile features - done
-- Detecting CXX compiler ABI info
-- Detecting CXX compiler ABI info - done
-- Check for working CXX compiler: /usr/bin/c++ - skipped
-- Detecting CXX compile features
-- Detecting CXX compile features - done
-- Found ament_cmake: 1.3.12 (/opt/ros/humble/share/ament_cmake/cmake)
-- Found Python3: /usr/bin/python3 (found version "3.10.12") found components: Interpreter 
-- Configuring done
-- Generating done
-- Build files have been written to: /home/robotics/robo_ws/build/ur10e_description
-- Install configuration: ""
-- Installing: /home/robotics/robo_ws/install/ur10e_description/share/ur10e_description/launch
-- Installing: /home/robotics/robo_ws/install/ur10e_description/share/ur10e_description/launch/display.launch.py
-- Installing: /home/robotics/robo_ws/install/ur10e_description/share/ur10e_description/meshes
-- Installing: /home/robotics/robo_ws/install/ur10e_description/share/ur10e_description/meshes/ur10e
-- Installing: /home/robotics/robo_ws/install/ur10e_description/share/ur10e_description/meshes/ur10e/visual
-- Installing: /home/robotics/robo_ws/install/ur10e_description/share/ur10e_description/meshes/ur10e/visual/base.dae
-- Installing: /home/robotics/robo_ws/install/ur10e_description/share/ur10e_description/meshes/ur10e/visual/forearm.dae
-- Installing: /home/robotics/robo_ws/install/ur10e_description/share/ur10e_description/meshes/ur10e/visual/upperarm.dae
-- Installing: /home/robotics/robo_ws/install/ur10e_description/share/ur10e_description/meshes/ur10e/visual/wrist1.dae
-- Installing: /home/robotics/robo_ws/install/ur10e_description/share/ur10e_description/meshes/ur10e/visual/wrist2.dae
-- Installing: /home/robotics/robo_ws/install/ur10e_description/share/ur10e_description/meshes/ur10e/visual/wrist3.dae
-- Installing: /home/robotics/robo_ws/install/ur10e_description/share/ur10e_description/meshes/ur10e/visual/shoulder.dae
-- Installing: /home/robotics/robo_ws/install/ur10e_description/share/ur10e_description/meshes/ur10e/collision
-- Installing: /home/robotics/robo_ws/install/ur10e_description/share/ur10e_description/meshes/ur10e/collision/shoulder.stl
-- Installing: /home/robotics/robo_ws/install/ur10e_description/share/ur10e_description/meshes/ur10e/collision/wrist1.stl
-- Installing: /home/robotics/robo_ws/install/ur10e_description/share/ur10e_description/meshes/ur10e/collision/upperarm.stl
-- Installing: /home/robotics/robo_ws/install/ur10e_description/share/ur10e_description/meshes/ur10e/collision/forearm.stl
-- Installing: /home/robotics/robo_ws/install/ur10e_description/share/ur10e_description/meshes/ur10e/collision/wrist3.stl
-- Installing: /home/robotics/robo_ws/install/ur10e_description/share/ur10e_description/meshes/ur10e/collision/base.stl
-- Installing: /home/robotics/robo_ws/install/ur10e_description/share/ur10e_description/meshes/ur10e/collision/wrist2.stl
-- Installing: /home/robotics/robo_ws/install/ur10e_description/share/ur10e_description/urdf
-- Installing: /home/robotics/robo_ws/install/ur10e_description/share/ur10e_description/urdf/ur10e.urdf
-- Installing: /home/robotics/robo_ws/install/ur10e_description/share/ur10e_description/rviz
-- Installing: /home/robotics/robo_ws/install/ur10e_description/share/ur10e_description/rviz/urdf.rviz
-- Installing: /home/robotics/robo_ws/install/ur10e_description/share/ament_index/resource_index/package_run_dependencies/ur10e_description
-- Installing: /home/robotics/robo_ws/install/ur10e_description/share/ament_index/resource_index/parent_prefix_path/ur10e_description
-- Installing: /home/robotics/robo_ws/install/ur10e_description/share/ur10e_description/environment/ament_prefix_path.sh
-- Installing: /home/robotics/robo_ws/install/ur10e_description/share/ur10e_description/environment/ament_prefix_path.dsv
-- Installing: /home/robotics/robo_ws/install/ur10e_description/share/ur10e_description/environment/path.sh
-- Installing: /home/robotics/robo_ws/install/ur10e_description/share/ur10e_description/environment/path.dsv
-- Installing: /home/robotics/robo_ws/install/ur10e_description/share/ur10e_description/local_setup.bash
-- Installing: /home/robotics/robo_ws/install/ur10e_description/share/ur10e_description/local_setup.sh
-- Installing: /home/robotics/robo_ws/install/ur10e_description/share/ur10e_description/local_setup.zsh
-- Installing: /home/robotics/robo_ws/install/ur10e_description/share/ur10e_description/local_setup.dsv
-- Installing: /home/robotics/robo_ws/install/ur10e_description/share/ur10e_description/package.dsv
-- Installing: /home/robotics/robo_ws/install/ur10e_description/share/ament_index/resource_index/packages/ur10e_description
-- Installing: /home/robotics/robo_ws/install/ur10e_description/share/ur10e_description/cmake/ur10e_descriptionConfig.cmake
-- Installing: /home/robotics/robo_ws/install/ur10e_description/share/ur10e_description/cmake/ur10e_descriptionConfig-version.cmake
-- Installing: /home/robotics/robo_ws/install/ur10e_description/share/ur10e_description/package.xml
