[0.012s] Invoking command in '/home/robotics/robo_ws/build/ur10e_description': CMAKE_PREFIX_PATH=${CMAKE_PREFIX_PATH}:/home/robotics/robo_ws/install/rebar_control:/opt/ros/humble /usr/bin/cmake /home/robotics/robo_ws/src/ur10e_description -DCMAKE_INSTALL_PREFIX=/home/robotics/robo_ws/install/ur10e_description
[0.053s] -- The C compiler identification is GNU 11.4.0
[0.084s] -- The CXX compiler identification is GNU 11.4.0
[0.091s] -- Detecting C compiler ABI info
[0.137s] -- Detecting C compiler ABI info - done
[0.141s] -- Check for working C compiler: /usr/bin/cc - skipped
[0.141s] -- Detecting C compile features
[0.141s] -- Detecting C compile features - done
[0.143s] -- Detecting CXX compiler ABI info
[0.203s] -- Detecting CXX compiler ABI info - done
[0.205s] -- Check for working CXX compiler: /usr/bin/c++ - skipped
[0.205s] -- Detecting CXX compile features
[0.205s] -- Detecting CXX compile features - done
[0.207s] -- Found ament_cmake: 1.3.12 (/opt/ros/humble/share/ament_cmake/cmake)
[0.295s] -- Found Python3: /usr/bin/python3 (found version "3.10.12") found components: Interpreter 
[0.379s] -- Configuring done
[0.380s] -- Generating done
[0.381s] -- Build files have been written to: /home/robotics/robo_ws/build/ur10e_description
[0.384s] Invoked command in '/home/robotics/robo_ws/build/ur10e_description' returned '0': CMAKE_PREFIX_PATH=${CMAKE_PREFIX_PATH}:/home/robotics/robo_ws/install/rebar_control:/opt/ros/humble /usr/bin/cmake /home/robotics/robo_ws/src/ur10e_description -DCMAKE_INSTALL_PREFIX=/home/robotics/robo_ws/install/ur10e_description
[0.386s] Invoking command in '/home/robotics/robo_ws/build/ur10e_description': CMAKE_PREFIX_PATH=${CMAKE_PREFIX_PATH}:/home/robotics/robo_ws/install/rebar_control:/opt/ros/humble /usr/bin/cmake --build /home/robotics/robo_ws/build/ur10e_description -- -j24 -l24
[0.411s] Invoked command in '/home/robotics/robo_ws/build/ur10e_description' returned '0': CMAKE_PREFIX_PATH=${CMAKE_PREFIX_PATH}:/home/robotics/robo_ws/install/rebar_control:/opt/ros/humble /usr/bin/cmake --build /home/robotics/robo_ws/build/ur10e_description -- -j24 -l24
[0.418s] Invoking command in '/home/robotics/robo_ws/build/ur10e_description': CMAKE_PREFIX_PATH=${CMAKE_PREFIX_PATH}:/home/robotics/robo_ws/install/rebar_control:/opt/ros/humble /usr/bin/cmake --install /home/robotics/robo_ws/build/ur10e_description
[0.424s] -- Install configuration: ""
[0.424s] -- Installing: /home/robotics/robo_ws/install/ur10e_description/share/ur10e_description/launch
[0.424s] -- Installing: /home/robotics/robo_ws/install/ur10e_description/share/ur10e_description/launch/display.launch.py
[0.424s] -- Installing: /home/robotics/robo_ws/install/ur10e_description/share/ur10e_description/meshes
[0.424s] -- Installing: /home/robotics/robo_ws/install/ur10e_description/share/ur10e_description/meshes/ur10e
[0.424s] -- Installing: /home/robotics/robo_ws/install/ur10e_description/share/ur10e_description/meshes/ur10e/visual
[0.424s] -- Installing: /home/robotics/robo_ws/install/ur10e_description/share/ur10e_description/meshes/ur10e/visual/base.dae
[0.424s] -- Installing: /home/robotics/robo_ws/install/ur10e_description/share/ur10e_description/meshes/ur10e/visual/forearm.dae
[0.424s] -- Installing: /home/robotics/robo_ws/install/ur10e_description/share/ur10e_description/meshes/ur10e/visual/upperarm.dae
[0.425s] -- Installing: /home/robotics/robo_ws/install/ur10e_description/share/ur10e_description/meshes/ur10e/visual/wrist1.dae
[0.426s] -- Installing: /home/robotics/robo_ws/install/ur10e_description/share/ur10e_description/meshes/ur10e/visual/wrist2.dae
[0.427s] -- Installing: /home/robotics/robo_ws/install/ur10e_description/share/ur10e_description/meshes/ur10e/visual/wrist3.dae
[0.427s] -- Installing: /home/robotics/robo_ws/install/ur10e_description/share/ur10e_description/meshes/ur10e/visual/shoulder.dae
[0.428s] -- Installing: /home/robotics/robo_ws/install/ur10e_description/share/ur10e_description/meshes/ur10e/collision
[0.428s] -- Installing: /home/robotics/robo_ws/install/ur10e_description/share/ur10e_description/meshes/ur10e/collision/shoulder.stl
[0.428s] -- Installing: /home/robotics/robo_ws/install/ur10e_description/share/ur10e_description/meshes/ur10e/collision/wrist1.stl
[0.428s] -- Installing: /home/robotics/robo_ws/install/ur10e_description/share/ur10e_description/meshes/ur10e/collision/upperarm.stl
[0.429s] -- Installing: /home/robotics/robo_ws/install/ur10e_description/share/ur10e_description/meshes/ur10e/collision/forearm.stl
[0.429s] -- Installing: /home/robotics/robo_ws/install/ur10e_description/share/ur10e_description/meshes/ur10e/collision/wrist3.stl
[0.429s] -- Installing: /home/robotics/robo_ws/install/ur10e_description/share/ur10e_description/meshes/ur10e/collision/base.stl
[0.429s] -- Installing: /home/robotics/robo_ws/install/ur10e_description/share/ur10e_description/meshes/ur10e/collision/wrist2.stl
[0.429s] -- Installing: /home/robotics/robo_ws/install/ur10e_description/share/ur10e_description/urdf
[0.429s] -- Installing: /home/robotics/robo_ws/install/ur10e_description/share/ur10e_description/urdf/ur10e.urdf
[0.429s] -- Installing: /home/robotics/robo_ws/install/ur10e_description/share/ur10e_description/rviz
[0.429s] -- Installing: /home/robotics/robo_ws/install/ur10e_description/share/ur10e_description/rviz/urdf.rviz
[0.429s] -- Installing: /home/robotics/robo_ws/install/ur10e_description/share/ament_index/resource_index/package_run_dependencies/ur10e_description
[0.429s] -- Installing: /home/robotics/robo_ws/install/ur10e_description/share/ament_index/resource_index/parent_prefix_path/ur10e_description
[0.429s] -- Installing: /home/robotics/robo_ws/install/ur10e_description/share/ur10e_description/environment/ament_prefix_path.sh
[0.429s] -- Installing: /home/robotics/robo_ws/install/ur10e_description/share/ur10e_description/environment/ament_prefix_path.dsv
[0.430s] -- Installing: /home/robotics/robo_ws/install/ur10e_description/share/ur10e_description/environment/path.sh
[0.430s] -- Installing: /home/robotics/robo_ws/install/ur10e_description/share/ur10e_description/environment/path.dsv
[0.430s] -- Installing: /home/robotics/robo_ws/install/ur10e_description/share/ur10e_description/local_setup.bash
[0.430s] -- Installing: /home/robotics/robo_ws/install/ur10e_description/share/ur10e_description/local_setup.sh
[0.430s] -- Installing: /home/robotics/robo_ws/install/ur10e_description/share/ur10e_description/local_setup.zsh
[0.430s] -- Installing: /home/robotics/robo_ws/install/ur10e_description/share/ur10e_description/local_setup.dsv
[0.430s] -- Installing: /home/robotics/robo_ws/install/ur10e_description/share/ur10e_description/package.dsv
[0.430s] -- Installing: /home/robotics/robo_ws/install/ur10e_description/share/ament_index/resource_index/packages/ur10e_description
[0.431s] -- Installing: /home/robotics/robo_ws/install/ur10e_description/share/ur10e_description/cmake/ur10e_descriptionConfig.cmake
[0.431s] -- Installing: /home/robotics/robo_ws/install/ur10e_description/share/ur10e_description/cmake/ur10e_descriptionConfig-version.cmake
[0.431s] -- Installing: /home/robotics/robo_ws/install/ur10e_description/share/ur10e_description/package.xml
[0.432s] Invoked command in '/home/robotics/robo_ws/build/ur10e_description' returned '0': CMAKE_PREFIX_PATH=${CMAKE_PREFIX_PATH}:/home/robotics/robo_ws/install/rebar_control:/opt/ros/humble /usr/bin/cmake --install /home/robotics/robo_ws/build/ur10e_description
