[0.006s] Invoking command in '/home/robotics/robo_ws/build/moveit_ur10': CMAKE_PREFIX_PATH=/home/robotics/robo_ws/install/ur10e_description:/home/robotics/robo_ws/install/moveit_py:/home/robotics/robo_ws/install/moveit_ur10:/home/robotics/robo_ws/install/rebar_control:/opt/ros/humble /usr/bin/cmake /home/robotics/robo_ws/src/moveit_ur10 -DCMAKE_INSTALL_PREFIX=/home/robotics/robo_ws/install/moveit_ur10
[0.043s] -- The C compiler identification is GNU 11.4.0
[0.077s] -- The CXX compiler identification is GNU 11.4.0
[0.084s] -- Detecting C compiler ABI info
[0.133s] -- Detecting C compiler ABI info - done
[0.136s] -- Check for working C compiler: /usr/bin/cc - skipped
[0.136s] -- Detecting C compile features
[0.137s] -- Detecting C compile features - done
[0.138s] -- Detecting CXX compiler ABI info
[0.193s] -- Detecting CXX compiler ABI info - done
[0.196s] -- Check for working CXX compiler: /usr/bin/c++ - skipped
[0.197s] -- Detecting CXX compile features
[0.197s] -- Detecting CXX compile features - done
[0.198s] -- Found ament_cmake: 1.3.12 (/opt/ros/humble/share/ament_cmake/cmake)
[0.289s] -- Found Python3: /usr/bin/python3 (found version "3.10.12") found components: Interpreter 
[0.380s] -- Configuring done
[0.382s] -- Generating done
[0.384s] -- Build files have been written to: /home/robotics/robo_ws/build/moveit_ur10
[0.388s] Invoked command in '/home/robotics/robo_ws/build/moveit_ur10' returned '0': CMAKE_PREFIX_PATH=/home/robotics/robo_ws/install/ur10e_description:/home/robotics/robo_ws/install/moveit_py:/home/robotics/robo_ws/install/moveit_ur10:/home/robotics/robo_ws/install/rebar_control:/opt/ros/humble /usr/bin/cmake /home/robotics/robo_ws/src/moveit_ur10 -DCMAKE_INSTALL_PREFIX=/home/robotics/robo_ws/install/moveit_ur10
[0.390s] Invoking command in '/home/robotics/robo_ws/build/moveit_ur10': CMAKE_PREFIX_PATH=/home/robotics/robo_ws/install/ur10e_description:/home/robotics/robo_ws/install/moveit_py:/home/robotics/robo_ws/install/moveit_ur10:/home/robotics/robo_ws/install/rebar_control:/opt/ros/humble /usr/bin/cmake --build /home/robotics/robo_ws/build/moveit_ur10 -- -j24 -l24
[0.420s] Invoked command in '/home/robotics/robo_ws/build/moveit_ur10' returned '0': CMAKE_PREFIX_PATH=/home/robotics/robo_ws/install/ur10e_description:/home/robotics/robo_ws/install/moveit_py:/home/robotics/robo_ws/install/moveit_ur10:/home/robotics/robo_ws/install/rebar_control:/opt/ros/humble /usr/bin/cmake --build /home/robotics/robo_ws/build/moveit_ur10 -- -j24 -l24
[0.421s] Invoking command in '/home/robotics/robo_ws/build/moveit_ur10': CMAKE_PREFIX_PATH=/home/robotics/robo_ws/install/ur10e_description:/home/robotics/robo_ws/install/moveit_py:/home/robotics/robo_ws/install/moveit_ur10:/home/robotics/robo_ws/install/rebar_control:/opt/ros/humble /usr/bin/cmake --install /home/robotics/robo_ws/build/moveit_ur10
[0.425s] -- Install configuration: ""
[0.425s] -- Installing: /home/robotics/robo_ws/install/moveit_ur10/share/ament_index/resource_index/package_run_dependencies/moveit_ur10
[0.426s] -- Installing: /home/robotics/robo_ws/install/moveit_ur10/share/ament_index/resource_index/parent_prefix_path/moveit_ur10
[0.426s] -- Installing: /home/robotics/robo_ws/install/moveit_ur10/share/moveit_ur10/environment/ament_prefix_path.sh
[0.426s] -- Installing: /home/robotics/robo_ws/install/moveit_ur10/share/moveit_ur10/environment/ament_prefix_path.dsv
[0.426s] -- Installing: /home/robotics/robo_ws/install/moveit_ur10/share/moveit_ur10/environment/path.sh
[0.427s] -- Installing: /home/robotics/robo_ws/install/moveit_ur10/share/moveit_ur10/environment/path.dsv
[0.427s] -- Installing: /home/robotics/robo_ws/install/moveit_ur10/share/moveit_ur10/local_setup.bash
[0.427s] -- Installing: /home/robotics/robo_ws/install/moveit_ur10/share/moveit_ur10/local_setup.sh
[0.427s] -- Installing: /home/robotics/robo_ws/install/moveit_ur10/share/moveit_ur10/local_setup.zsh
[0.427s] -- Installing: /home/robotics/robo_ws/install/moveit_ur10/share/moveit_ur10/local_setup.dsv
[0.427s] -- Installing: /home/robotics/robo_ws/install/moveit_ur10/share/moveit_ur10/package.dsv
[0.427s] -- Installing: /home/robotics/robo_ws/install/moveit_ur10/share/ament_index/resource_index/packages/moveit_ur10
[0.427s] -- Installing: /home/robotics/robo_ws/install/moveit_ur10/share/moveit_ur10/cmake/moveit_ur10Config.cmake
[0.427s] -- Installing: /home/robotics/robo_ws/install/moveit_ur10/share/moveit_ur10/cmake/moveit_ur10Config-version.cmake
[0.428s] -- Installing: /home/robotics/robo_ws/install/moveit_ur10/share/moveit_ur10/package.xml
[0.428s] -- Installing: /home/robotics/robo_ws/install/moveit_ur10/share/moveit_ur10/launch
[0.428s] -- Installing: /home/robotics/robo_ws/install/moveit_ur10/share/moveit_ur10/launch/warehouse_db.launch.py
[0.428s] -- Installing: /home/robotics/robo_ws/install/moveit_ur10/share/moveit_ur10/launch/spawn_controllers.launch.py
[0.428s] -- Installing: /home/robotics/robo_ws/install/moveit_ur10/share/moveit_ur10/launch/static_virtual_joint_tfs.launch.py
[0.428s] -- Installing: /home/robotics/robo_ws/install/moveit_ur10/share/moveit_ur10/launch/demo.launch.py
[0.428s] -- Installing: /home/robotics/robo_ws/install/moveit_ur10/share/moveit_ur10/launch/rsp.launch.py
[0.428s] -- Installing: /home/robotics/robo_ws/install/moveit_ur10/share/moveit_ur10/launch/chumma.launch.py
[0.428s] -- Installing: /home/robotics/robo_ws/install/moveit_ur10/share/moveit_ur10/launch/setup_assistant.launch.py
[0.428s] -- Installing: /home/robotics/robo_ws/install/moveit_ur10/share/moveit_ur10/launch/move_group.launch.py
[0.428s] -- Installing: /home/robotics/robo_ws/install/moveit_ur10/share/moveit_ur10/launch/moveit_rviz.launch.py
[0.429s] -- Installing: /home/robotics/robo_ws/install/moveit_ur10/share/moveit_ur10/config
[0.429s] -- Installing: /home/robotics/robo_ws/install/moveit_ur10/share/moveit_ur10/config/moveit_controllers.yaml
[0.429s] -- Installing: /home/robotics/robo_ws/install/moveit_ur10/share/moveit_ur10/config/moveit.rviz
[0.429s] -- Installing: /home/robotics/robo_ws/install/moveit_ur10/share/moveit_ur10/config/ur10e_robot.urdf.xacro
[0.429s] -- Installing: /home/robotics/robo_ws/install/moveit_ur10/share/moveit_ur10/config/ur10e_robot.ros2_control.xacro
[0.429s] -- Installing: /home/robotics/robo_ws/install/moveit_ur10/share/moveit_ur10/config/pilz_cartesian_limits.yaml
[0.429s] -- Installing: /home/robotics/robo_ws/install/moveit_ur10/share/moveit_ur10/config/joint_limits.yaml
[0.429s] -- Installing: /home/robotics/robo_ws/install/moveit_ur10/share/moveit_ur10/config/initial_positions.yaml
[0.429s] -- Installing: /home/robotics/robo_ws/install/moveit_ur10/share/moveit_ur10/config/ur10e_robot.srdf
[0.429s] -- Installing: /home/robotics/robo_ws/install/moveit_ur10/share/moveit_ur10/config/sensors_3d.yaml
[0.429s] -- Installing: /home/robotics/robo_ws/install/moveit_ur10/share/moveit_ur10/config/ros2_controllers.yaml
[0.433s] -- Installing: /home/robotics/robo_ws/install/moveit_ur10/share/moveit_ur10/config/kinematics.yaml
[0.433s] -- Installing: /home/robotics/robo_ws/install/moveit_ur10/share/moveit_ur10/.setup_assistant
[0.434s] Invoked command in '/home/robotics/robo_ws/build/moveit_ur10' returned '0': CMAKE_PREFIX_PATH=/home/robotics/robo_ws/install/ur10e_description:/home/robotics/robo_ws/install/moveit_py:/home/robotics/robo_ws/install/moveit_ur10:/home/robotics/robo_ws/install/rebar_control:/opt/ros/humble /usr/bin/cmake --install /home/robotics/robo_ws/build/moveit_ur10
